09-14 08:08:56.051  3883  4793 D CompatibilityChangeReporter: Compat change id reported: 168419799; UID 10308; state: DISABLED
09-14 08:08:56.094  3883  4793 I Telecom : PhoneAccountRegistrar: Modify account: [ComponentInfo{com.android.phone/com.android.services.telephony.TelephonyConnectionService}, E, UserHandle{0}]: TSI.rPA@ABA
09-14 08:08:56.096  3883  4793 I Telecom : CallsManager: handlePhoneAccountChanged: phoneAccount=[[X] PhoneAccount: ComponentInfo{com.android.phone/com.android.services.telephony.TelephonyConnectionService}, E, UserHandle{0} Capabilities: SuppVideo CallProvider MultiUser PlaceEmerg SimSub  Audio Routes: BESW Schemes: tel voicemail  Extras: Bundle[{android.telecom.extra.SUPPORTS_VIDEO_CALLING_FALLBACK=true}] GroupId: ***]: TSI.rPA@ABA
09-14 08:08:56.099  3883  4793 I Telecom : PhoneAccountRegistrar: getSimCallManager: SimCallManager for subId 1 queried, returning: null: TSI.rPA@ABA
09-14 08:08:56.099  3883  4793 I Telecom : PhoneAccountRegistrar: Notifying telephony of voice service override change for 1 SIMs, hasService = false: TSI.rPA@ABA
09-14 08:08:56.117  3883  3901 W ContextImpl: Calling a method in the system process without a qualified user: android.app.ContextImpl.sendBroadcastMultiplePermissions:1222 com.android.server.TelephonyRegistry.broadcastServiceStateChanged:3111 com.android.server.TelephonyRegistry.notifyServiceStateForPhoneId:1616 com.android.internal.telephony.ITelephonyRegistry$Stub.onTransact:492 android.os.Binder.execTransactInternal:1280 
09-14 08:08:56.118  3883  3901 W ContextImpl: Calling a method in the system process without a qualified user: android.app.ContextImpl.sendBroadcastMultiplePermissions:1272 android.content.Context.sendBroadcastMultiplePermissions:2272 com.android.server.TelephonyRegistry.broadcastServiceStateChanged:3114 com.android.server.TelephonyRegistry.notifyServiceStateForPhoneId:1616 com.android.internal.telephony.ITelephonyRegistry$Stub.onTransact:492 
09-14 08:08:56.118  3883  3901 W ContextImpl: Calling a method in the system process without a qualified user: android.app.ContextImpl.sendBroadcastMultiplePermissions:1272 com.android.server.TelephonyRegistry.broadcastServiceStateChanged:3121 com.android.server.TelephonyRegistry.notifyServiceStateForPhoneId:1616 com.android.internal.telephony.ITelephonyRegistry$Stub.onTransact:492 android.os.Binder.execTransactInternal:1280 
09-14 08:08:56.118  3883  3901 W ContextImpl: Calling a method in the system process without a qualified user: android.app.ContextImpl.sendBroadcastMultiplePermissions:1272 com.android.server.TelephonyRegistry.broadcastServiceStateChanged:3126 com.android.server.TelephonyRegistry.notifyServiceStateForPhoneId:1616 com.android.internal.telephony.ITelephonyRegistry$Stub.onTransact:492 android.os.Binder.execTransactInternal:1280 
09-14 08:08:56.119  3883  3918 W BroadcastQueue: Appop Denial: receiving Intent { act=android.intent.action.SERVICE_STATE flg=0x1000010 (has extras) } to ProcessRecord{91b4cca 4569:com.android.systemui/u0a300} (pid=4569, uid=10300) excludes appop android:read_phone_state due to sender android (uid 1001)
09-14 08:08:56.166  3883  3901 W BroadcastQueue: Permission Denial: receiving Intent { act=android.intent.action.SERVICE_STATE flg=0x1000010 (has extras) } to com.android.cellbroadcastreceiver.module/com.android.cellbroadcastreceiver.CellBroadcastReceiver requires android.permission.READ_PHONE_STATE due to sender android (uid 1001)
09-14 08:08:56.192  3883  3901 I Telecom : PhoneAccountRegistrar: Modify account: [ComponentInfo{com.android.phone/com.android.services.telephony.TelephonyConnectionService}, E, UserHandle{0}]: TSI.rPA@ABI
09-14 08:08:56.193  3883  3901 I Telecom : CallsManager: handlePhoneAccountChanged: phoneAccount=[[X] PhoneAccount: ComponentInfo{com.android.phone/com.android.services.telephony.TelephonyConnectionService}, E, UserHandle{0} Capabilities: SuppVideo CallProvider MultiUser PlaceEmerg SimSub  Audio Routes: BESW Schemes: tel voicemail  Extras: Bundle[{android.telecom.extra.SUPPORTS_VIDEO_CALLING_FALLBACK=true}] GroupId: ***]: TSI.rPA@ABI
09-14 08:08:56.198  3883  3901 I Telecom : PhoneAccountRegistrar: getSimCallManager: SimCallManager for subId 1 queried, returning: null: TSI.rPA@ABI
09-14 08:08:56.198  3883  3901 I Telecom : PhoneAccountRegistrar: Notifying telephony of voice service override change for 1 SIMs, hasService = false: TSI.rPA@ABI
09-14 08:08:56.218  3883  4448 E NetworkPolicy: Missing subscriberId for subId 1
09-14 08:08:56.219  3883  3917 E StatsPullAtomService: subInfo of subId 1 is invalid, ignored.
09-14 08:08:56.222  3883  3918 I DropBoxManagerService: add tag=system_server_wtf isTagEnabled=true flags=0x2
09-14 08:08:56.226  3883  3901 W ContextImpl: Calling a method in the system process without a qualified user: android.app.ContextImpl.sendBroadcastMultiplePermissions:1222 com.android.server.TelephonyRegistry.broadcastServiceStateChanged:3111 com.android.server.TelephonyRegistry.notifyServiceStateForPhoneId:1616 com.android.internal.telephony.ITelephonyRegistry$Stub.onTransact:492 android.os.Binder.execTransactInternal:1280 
09-14 08:08:56.227  3883  3901 W ContextImpl: Calling a method in the system process without a qualified user: android.app.ContextImpl.sendBroadcastMultiplePermissions:1272 android.content.Context.sendBroadcastMultiplePermissions:2272 com.android.server.TelephonyRegistry.broadcastServiceStateChanged:3114 com.android.server.TelephonyRegistry.notifyServiceStateForPhoneId:1616 com.android.internal.telephony.ITelephonyRegistry$Stub.onTransact:492 
09-14 08:08:56.227  3883  3901 W ContextImpl: Calling a method in the system process without a qualified user: android.app.ContextImpl.sendBroadcastMultiplePermissions:1272 com.android.server.TelephonyRegistry.broadcastServiceStateChanged:3121 com.android.server.TelephonyRegistry.notifyServiceStateForPhoneId:1616 com.android.internal.telephony.ITelephonyRegistry$Stub.onTransact:492 android.os.Binder.execTransactInternal:1280 
09-14 08:08:56.227  3883  3901 W ContextImpl: Calling a method in the system process without a qualified user: android.app.ContextImpl.sendBroadcastMultiplePermissions:1272 com.android.server.TelephonyRegistry.broadcastServiceStateChanged:3126 com.android.server.TelephonyRegistry.notifyServiceStateForPhoneId:1616 com.android.internal.telephony.ITelephonyRegistry$Stub.onTransact:492 android.os.Binder.execTransactInternal:1280 
09-14 08:08:56.228  3883  3918 W BroadcastQueue: Appop Denial: receiving Intent { act=android.intent.action.SERVICE_STATE flg=0x1000010 (has extras) } to ProcessRecord{91b4cca 4569:com.android.systemui/u0a300} (pid=4569, uid=10300) excludes appop android:read_phone_state due to sender android (uid 1001)
09-14 08:08:56.242  3883  4448 E NetworkPolicy: Missing subscriberId for subId 1
09-14 08:08:56.243  3883  3918 I DropBoxManagerService: add tag=system_server_wtf isTagEnabled=true flags=0x2
09-14 08:08:56.244  3883  3917 E StatsPullAtomService: subInfo of subId 1 is invalid, ignored.
09-14 08:08:56.249  3883  3901 W ContextImpl: Calling a method in the system process without a qualified user: android.app.ContextImpl.sendBroadcastMultiplePermissions:1222 com.android.server.TelephonyRegistry.broadcastServiceStateChanged:3111 com.android.server.TelephonyRegistry.notifyServiceStateForPhoneId:1616 com.android.internal.telephony.ITelephonyRegistry$Stub.onTransact:492 android.os.Binder.execTransactInternal:1280 
09-14 08:08:56.250  3883  3901 W ContextImpl: Calling a method in the system process without a qualified user: android.app.ContextImpl.sendBroadcastMultiplePermissions:1272 android.content.Context.sendBroadcastMultiplePermissions:2272 com.android.server.TelephonyRegistry.broadcastServiceStateChanged:3114 com.android.server.TelephonyRegistry.notifyServiceStateForPhoneId:1616 com.android.internal.telephony.ITelephonyRegistry$Stub.onTransact:492 
09-14 08:08:56.250  3883  3901 W ContextImpl: Calling a method in the system process without a qualified user: android.app.ContextImpl.sendBroadcastMultiplePermissions:1272 com.android.server.TelephonyRegistry.broadcastServiceStateChanged:3121 com.android.server.TelephonyRegistry.notifyServiceStateForPhoneId:1616 com.android.internal.telephony.ITelephonyRegistry$Stub.onTransact:492 android.os.Binder.execTransactInternal:1280 
09-14 08:08:56.250  3883  3901 W ContextImpl: Calling a method in the system process without a qualified user: android.app.ContextImpl.sendBroadcastMultiplePermissions:1272 com.android.server.TelephonyRegistry.broadcastServiceStateChanged:3126 com.android.server.TelephonyRegistry.notifyServiceStateForPhoneId:1616 com.android.internal.telephony.ITelephonyRegistry$Stub.onTransact:492 android.os.Binder.execTransactInternal:1280 
09-14 08:08:56.251  3883  3918 W BroadcastQueue: Appop Denial: receiving Intent { act=android.intent.action.SERVICE_STATE flg=0x1000010 (has extras) } to ProcessRecord{91b4cca 4569:com.android.systemui/u0a300} (pid=4569, uid=10300) excludes appop android:read_phone_state due to sender android (uid 1001)
09-14 08:08:56.345  3883  4793 I Telecom : PhoneAccountRegistrar: Modify account: [ComponentInfo{com.android.phone/com.android.services.telephony.TelephonyConnectionService}, E, UserHandle{0}]: TSI.rPA@ABQ
09-14 08:08:56.347  3883  4793 I Telecom : CallsManager: handlePhoneAccountChanged: phoneAccount=[[X] PhoneAccount: ComponentInfo{com.android.phone/com.android.services.telephony.TelephonyConnectionService}, E, UserHandle{0} Capabilities: SuppVideo CallProvider MultiUser PlaceEmerg SimSub  Audio Routes: BESW Schemes: tel voicemail  Extras: Bundle[{android.telecom.extra.SUPPORTS_VIDEO_CALLING_FALLBACK=true}] GroupId: ***]: TSI.rPA@ABQ
09-14 08:08:56.350  3883  4793 I Telecom : PhoneAccountRegistrar: getSimCallManager: SimCallManager for subId 1 queried, returning: null: TSI.rPA@ABQ
09-14 08:08:56.350  3883  4793 I Telecom : PhoneAccountRegistrar: Notifying telephony of voice service override change for 1 SIMs, hasService = false: TSI.rPA@ABQ
09-14 08:08:56.430  3883  5206 I Telecom : PhoneAccountRegistrar: Modify account: [ComponentInfo{com.android.phone/com.android.services.telephony.TelephonyConnectionService}, E, UserHandle{0}]: TSI.rPA@ABY
09-14 08:08:56.432  3883  5206 I Telecom : CallsManager: handlePhoneAccountChanged: phoneAccount=[[X] PhoneAccount: ComponentInfo{com.android.phone/com.android.services.telephony.TelephonyConnectionService}, E, UserHandle{0} Capabilities: SuppVideo CallProvider MultiUser PlaceEmerg SimSub  Audio Routes: BESW Schemes: tel voicemail  Extras: Bundle[{android.telecom.extra.SUPPORTS_VIDEO_CALLING_FALLBACK=true}] GroupId: ***]: TSI.rPA@ABY
09-14 08:08:56.435  3883  5206 I Telecom : PhoneAccountRegistrar: getSimCallManager: SimCallManager for subId 1 queried, returning: null: TSI.rPA@ABY
09-14 08:08:56.435  3883  5206 I Telecom : PhoneAccountRegistrar: Notifying telephony of voice service override change for 1 SIMs, hasService = false: TSI.rPA@ABY
09-14 08:08:56.502  3883  5206 I Telecom : PhoneAccountRegistrar: Modify account: [ComponentInfo{com.android.phone/com.android.services.telephony.TelephonyConnectionService}, E, UserHandle{0}]: TSI.rPA@ABg
09-14 08:08:56.503  3883  5206 I Telecom : CallsManager: handlePhoneAccountChanged: phoneAccount=[[X] PhoneAccount: ComponentInfo{com.android.phone/com.android.services.telephony.TelephonyConnectionService}, E, UserHandle{0} Capabilities: SuppVideo CallProvider MultiUser PlaceEmerg SimSub  Audio Routes: BESW Schemes: tel voicemail  Extras: Bundle[{android.telecom.extra.SUPPORTS_VIDEO_CALLING_FALLBACK=true}] GroupId: ***]: TSI.rPA@ABg
09-14 08:08:56.506  3883  5206 I Telecom : PhoneAccountRegistrar: getSimCallManager: SimCallManager for subId 1 queried, returning: null: TSI.rPA@ABg
09-14 08:08:56.506  3883  5206 I Telecom : PhoneAccountRegistrar: Notifying telephony of voice service override change for 1 SIMs, hasService = false: TSI.rPA@ABg
09-14 08:08:56.514  3883  3918 D CompatibilityChangeReporter: Compat change id reported: 135634846; UID 10258; state: DISABLED
09-14 08:08:56.514  3883  3918 D CompatibilityChangeReporter: Compat change id reported: 177438394; UID 10258; state: DISABLED
09-14 08:08:56.514  3883  3918 D CompatibilityChangeReporter: Compat change id reported: 135772972; UID 10258; state: DISABLED
09-14 08:08:56.514  3883  3918 D CompatibilityChangeReporter: Compat change id reported: 135754954; UID 10258; state: ENABLED
09-14 08:08:56.515  3883  3919 D CompatibilityChangeReporter: Compat change id reported: 143937733; UID 10258; state: ENABLED
09-14 08:08:56.518  3883  3919 I ActivityManager: Start proc 5382:com.google.android.dialer/u0a258 for broadcast {com.google.android.dialer/com.android.dialer.app.calllog.LegacyVoicemailNotificationReceiver_Receiver}
09-14 08:08:56.546  3883  4793 D CompatibilityChangeReporter: Compat change id reported: 168419799; UID 10258; state: DISABLED
09-14 08:08:56.582  3883  4793 I Telecom : PhoneAccountRegistrar: Modify account: [ComponentInfo{com.android.phone/com.android.services.telephony.TelephonyConnectionService}, E, UserHandle{0}]: TSI.rPA@AB4
09-14 08:08:56.583  3883  4793 I Telecom : CallsManager: handlePhoneAccountChanged: phoneAccount=[[X] PhoneAccount: ComponentInfo{com.android.phone/com.android.services.telephony.TelephonyConnectionService}, E, UserHandle{0} Capabilities: SuppVideo CallProvider MultiUser PlaceEmerg SimSub  Audio Routes: BESW Schemes: tel voicemail  Extras: Bundle[{android.telecom.extra.SUPPORTS_VIDEO_CALLING_FALLBACK=true}] GroupId: ***]: TSI.rPA@AB4
09-14 08:08:56.586  3883  4793 I Telecom : PhoneAccountRegistrar: getSimCallManager: SimCallManager for subId 1 queried, returning: null: TSI.rPA@AB4
09-14 08:08:56.586  3883  4793 I Telecom : PhoneAccountRegistrar: Notifying telephony of voice service override change for 1 SIMs, hasService = false: TSI.rPA@AB4
09-14 08:08:56.600  3883  4793 D CompatibilityChangeReporter: Compat change id reported: 135634846; UID 10222; state: DISABLED
09-14 08:08:56.600  3883  4793 D CompatibilityChangeReporter: Compat change id reported: 177438394; UID 10222; state: DISABLED
09-14 08:08:56.600  3883  4793 D CompatibilityChangeReporter: Compat change id reported: 135772972; UID 10222; state: DISABLED
09-14 08:08:56.601  3883  4793 D CompatibilityChangeReporter: Compat change id reported: 135754954; UID 10222; state: ENABLED
09-14 08:08:56.601  3883  3919 D CompatibilityChangeReporter: Compat change id reported: 143937733; UID 10222; state: ENABLED
09-14 08:08:56.604  3883  3919 I ActivityManager: Start proc 5400:com.google.android.apps.carrier.carrierwifi/u0a222 for broadcast {com.google.android.apps.carrier.carrierwifi/com.google.android.apps.carrier.carrierwifi.CarrierWifiReceiver}
09-14 08:08:56.632  3883  4793 D CompatibilityChangeReporter: Compat change id reported: 168419799; UID 10222; state: DISABLED
09-14 08:08:56.634  3883  5206 W ActivityManager: Unable to start service Intent { act=com.google.android.gms.phenotype.service.START pkg=com.google.android.gms } U=0: not found
09-14 08:08:56.634  3883  5206 W ActivityManager: Unbind failed: could not find connection for android.os.BinderProxy@43b3651
09-14 08:08:56.635  3883  3901 D CompatibilityChangeReporter: Compat change id reported: 183407956; UID 10258; state: ENABLED
09-14 08:08:56.639  3883  3901 D CompatibilityChangeReporter: Compat change id reported: 161145287; UID 10258; state: DISABLED
09-14 08:08:56.639  3883  5206 D CompatibilityChangeReporter: Compat change id reported: 161145287; UID 1000; state: DISABLED
09-14 08:08:56.639  3883  5206 W NotificationHistory: Attempted to initialize service for stopped or removed user 0
09-14 08:08:56.639  3883  5206 W NotificationHistory: Attempted to remove channel for locked/gone/disabled user 0
09-14 08:08:56.651  3883  3901 I Telecom : PhoneAccountRegistrar: Modify account: [ComponentInfo{com.android.phone/com.android.services.telephony.TelephonyConnectionService}, E, UserHandle{0}]: TSI.rPA@ACI
09-14 08:08:56.653  3883  3901 I Telecom : CallsManager: handlePhoneAccountChanged: phoneAccount=[[X] PhoneAccount: ComponentInfo{com.android.phone/com.android.services.telephony.TelephonyConnectionService}, E, UserHandle{0} Capabilities: SuppVideo CallProvider MultiUser PlaceEmerg SimSub  Audio Routes: BESW Schemes: tel voicemail  Extras: Bundle[{android.telecom.extra.SUPPORTS_VIDEO_CALLING_FALLBACK=true}] GroupId: ***]: TSI.rPA@ACI
09-14 08:08:56.655  3883  3901 I Telecom : PhoneAccountRegistrar: getSimCallManager: SimCallManager for subId 1 queried, returning: null: TSI.rPA@ACI
09-14 08:08:56.655  3883  3901 I Telecom : PhoneAccountRegistrar: Notifying telephony of voice service override change for 1 SIMs, hasService = false: TSI.rPA@ACI
09-14 08:08:56.661  3883  5206 W ActivityManager: Unable to start service Intent { act=com.google.android.chimera.BoundService.START dat=chimera-action: cmp=com.google.android.gms/.chimera.PersistentBoundBrokerService } U=0: not found
09-14 08:08:56.661  3883  5206 W ActivityManager: Unbind failed: could not find connection for android.os.BinderProxy@6aa2c0
09-14 08:08:56.663  3883  3901 W ActivityManager: Unable to start service Intent { act=com.google.android.gms.phenotype.service.START pkg=com.google.android.gms } U=0: not found
09-14 08:08:56.663  3883  3901 W ActivityManager: Unbind failed: could not find connection for android.os.BinderProxy@b7dfbf9
09-14 08:08:56.689  3883  5206 W ActivityManager: Unable to start service Intent { cmp=com.google.android.dialer/com.google.apps.tiktok.concurrent.AndroidFuturesService (has extras) } U=0: not found
09-14 08:08:56.699  3883  3901 D CompatibilityChangeReporter: Compat change id reported: 194532703; UID 10222; state: ENABLED
09-14 08:08:56.700  3883  5206 W ActivityManager: Unable to start service Intent { cmp=com.google.android.dialer/com.google.apps.tiktok.concurrent.AndroidFuturesService (has extras) } U=0: not found
09-14 08:08:56.708  3883  5206 W ActivityManager: Unable to start service Intent { cmp=com.google.android.dialer/com.google.apps.tiktok.concurrent.AndroidFuturesService (has extras) } U=0: not found
09-14 08:08:56.717  3883  4793 I Telecom : PhoneAccountRegistrar: Modify account: [ComponentInfo{com.android.phone/com.android.services.telephony.TelephonyConnectionService}, E, UserHandle{0}]: TSI.rPA@AC0
09-14 08:08:56.720  3883  4793 I Telecom : CallsManager: handlePhoneAccountChanged: phoneAccount=[[X] PhoneAccount: ComponentInfo{com.android.phone/com.android.services.telephony.TelephonyConnectionService}, E, UserHandle{0} Capabilities: SuppVideo CallProvider MultiUser PlaceEmerg SimSub  Audio Routes: BESW Schemes: tel voicemail  Extras: Bundle[{android.telecom.extra.SUPPORTS_VIDEO_CALLING_FALLBACK=true}] GroupId: ***]: TSI.rPA@AC0
09-14 08:08:56.723  3883  4793 I Telecom : PhoneAccountRegistrar: getSimCallManager: SimCallManager for subId 1 queried, returning: null: TSI.rPA@AC0
09-14 08:08:56.723  3883  4793 I Telecom : PhoneAccountRegistrar: Notifying telephony of voice service override change for 1 SIMs, hasService = false: TSI.rPA@AC0
09-14 08:08:56.735  3883  4793 W ActivityManager: Unable to start service Intent { cmp=com.google.android.dialer/com.google.apps.tiktok.concurrent.AndroidFuturesService (has extras) } U=0: not found
09-14 08:08:56.778  3883  3901 W ActivityManager: Unable to start service Intent { act=com.google.android.chimera.BoundService.START dat=chimera-action: cmp=com.google.android.gms/.chimera.PersistentBoundBrokerService } U=0: not found
09-14 08:08:56.778  3883  3901 W ActivityManager: Unbind failed: could not find connection for android.os.BinderProxy@126637c
09-14 08:08:56.784  3883  3901 I Telecom : PhoneAccountRegistrar: Modify account: [ComponentInfo{com.android.phone/com.android.services.telephony.TelephonyConnectionService}, E, UserHandle{0}]: TSI.rPA@ADE
09-14 08:08:56.785  3883  3901 I Telecom : CallsManager: handlePhoneAccountChanged: phoneAccount=[[X] PhoneAccount: ComponentInfo{com.android.phone/com.android.services.telephony.TelephonyConnectionService}, E, UserHandle{0} Capabilities: SuppVideo CallProvider MultiUser PlaceEmerg SimSub  Audio Routes: BESW Schemes: tel voicemail  Extras: Bundle[{android.telecom.extra.SUPPORTS_VIDEO_CALLING_FALLBACK=true}] GroupId: ***]: TSI.rPA@ADE
09-14 08:08:56.788  3883  3901 I Telecom : PhoneAccountRegistrar: getSimCallManager: SimCallManager for subId 1 queried, returning: null: TSI.rPA@ADE
09-14 08:08:56.788  3883  3901 I Telecom : PhoneAccountRegistrar: Notifying telephony of voice service override change for 1 SIMs, hasService = false: TSI.rPA@ADE
09-14 08:08:56.811  3883  5206 W ActivityManager: Unable to start service Intent { act=com.google.android.chimera.BoundService.START dat=chimera-action: cmp=com.google.android.gms/.chimera.PersistentBoundBrokerService } U=0: not found
09-14 08:08:56.811  3883  5206 W ActivityManager: Unbind failed: could not find connection for android.os.BinderProxy@4c72b81
09-14 08:08:56.825  3883  5206 W ContextImpl: Calling a method in the system process without a qualified user: android.app.ContextImpl.sendBroadcastMultiplePermissions:1222 com.android.server.TelephonyRegistry.broadcastServiceStateChanged:3111 com.android.server.TelephonyRegistry.notifyServiceStateForPhoneId:1616 com.android.internal.telephony.ITelephonyRegistry$Stub.onTransact:492 android.os.Binder.execTransactInternal:1280 
09-14 08:08:56.826  3883  5206 W ContextImpl: Calling a method in the system process without a qualified user: android.app.ContextImpl.sendBroadcastMultiplePermissions:1272 android.content.Context.sendBroadcastMultiplePermissions:2272 com.android.server.TelephonyRegistry.broadcastServiceStateChanged:3114 com.android.server.TelephonyRegistry.notifyServiceStateForPhoneId:1616 com.android.internal.telephony.ITelephonyRegistry$Stub.onTransact:492 
09-14 08:08:56.826  3883  5206 W ContextImpl: Calling a method in the system process without a qualified user: android.app.ContextImpl.sendBroadcastMultiplePermissions:1272 com.android.server.TelephonyRegistry.broadcastServiceStateChanged:3121 com.android.server.TelephonyRegistry.notifyServiceStateForPhoneId:1616 com.android.internal.telephony.ITelephonyRegistry$Stub.onTransact:492 android.os.Binder.execTransactInternal:1280 
09-14 08:08:56.827  3883  5206 W ContextImpl: Calling a method in the system process without a qualified user: android.app.ContextImpl.sendBroadcastMultiplePermissions:1272 com.android.server.TelephonyRegistry.broadcastServiceStateChanged:3126 com.android.server.TelephonyRegistry.notifyServiceStateForPhoneId:1616 com.android.internal.telephony.ITelephonyRegistry$Stub.onTransact:492 android.os.Binder.execTransactInternal:1280 
09-14 08:08:56.827  3883  3918 W BroadcastQueue: Appop Denial: receiving Intent { act=android.intent.action.SERVICE_STATE flg=0x1000010 (has extras) } to ProcessRecord{91b4cca 4569:com.android.systemui/u0a300} (pid=4569, uid=10300) excludes appop android:read_phone_state due to sender android (uid 1001)
09-14 08:08:56.834  3883  5206 W ActivityManager: Unable to start service Intent { act=android.service.carrier.CarrierService pkg=com.google.android.carrier } U=0: not found
09-14 08:08:56.850  3883  3883 I Telecom : PhoneAccountRegistrar: getSimCallManager: SimCallManager for subId 1 queried, returning: null: TSI.gSCMFU@ADM
09-14 08:08:56.853  3883  3883 D CompatibilityChangeReporter: Compat change id reported: 135634846; UID 10187; state: DISABLED
09-14 08:08:56.853  3883  3883 D CompatibilityChangeReporter: Compat change id reported: 177438394; UID 10187; state: DISABLED
09-14 08:08:56.853  3883  3883 D CompatibilityChangeReporter: Compat change id reported: 135772972; UID 10187; state: DISABLED
09-14 08:08:56.854  3883  3883 D CompatibilityChangeReporter: Compat change id reported: 135754954; UID 10187; state: ENABLED
09-14 08:08:56.854  3883  3919 D CompatibilityChangeReporter: Compat change id reported: 143937733; UID 10187; state: ENABLED
09-14 08:08:56.857  3883  3919 I ActivityManager: Start proc 5438:android.process.acore/u0a187 for content provider {com.android.providers.blockednumber/com.android.providers.blockednumber.BlockedNumberProvider}
09-14 08:08:56.888  3883  4793 D CompatibilityChangeReporter: Compat change id reported: 168419799; UID 10187; state: DISABLED
09-14 08:08:56.906  3883  3901 W ContextImpl: Calling a method in the system process without a qualified user: android.app.ContextImpl.sendBroadcastMultiplePermissions:1222 com.android.server.TelephonyRegistry.broadcastServiceStateChanged:3111 com.android.server.TelephonyRegistry.notifyServiceStateForPhoneId:1616 com.android.internal.telephony.ITelephonyRegistry$Stub.onTransact:492 android.os.Binder.execTransactInternal:1280 
09-14 08:08:56.906  3883  3901 W ContextImpl: Calling a method in the system process without a qualified user: android.app.ContextImpl.sendBroadcastMultiplePermissions:1272 android.content.Context.sendBroadcastMultiplePermissions:2272 com.android.server.TelephonyRegistry.broadcastServiceStateChanged:3114 com.android.server.TelephonyRegistry.notifyServiceStateForPhoneId:1616 com.android.internal.telephony.ITelephonyRegistry$Stub.onTransact:492 
09-14 08:08:56.906  3883  3901 W ContextImpl: Calling a method in the system process without a qualified user: android.app.ContextImpl.sendBroadcastMultiplePermissions:1272 com.android.server.TelephonyRegistry.broadcastServiceStateChanged:3121 com.android.server.TelephonyRegistry.notifyServiceStateForPhoneId:1616 com.android.internal.telephony.ITelephonyRegistry$Stub.onTransact:492 android.os.Binder.execTransactInternal:1280 
09-14 08:08:56.906  3883  3901 W ContextImpl: Calling a method in the system process without a qualified user: android.app.ContextImpl.sendBroadcastMultiplePermissions:1272 com.android.server.TelephonyRegistry.broadcastServiceStateChanged:3126 com.android.server.TelephonyRegistry.notifyServiceStateForPhoneId:1616 com.android.internal.telephony.ITelephonyRegistry$Stub.onTransact:492 android.os.Binder.execTransactInternal:1280 
09-14 08:08:56.907  3883  3918 W BroadcastQueue: Appop Denial: receiving Intent { act=android.intent.action.SERVICE_STATE flg=0x1000010 (has extras) } to ProcessRecord{91b4cca 4569:com.android.systemui/u0a300} (pid=4569, uid=10300) excludes appop android:read_phone_state due to sender android (uid 1001)
09-14 08:08:56.912  3883  5206 D CompatibilityChangeReporter: Compat change id reported: 161145287; UID 10187; state: DISABLED
09-14 08:08:56.944  3883  5206 W BroadcastQueue: Permission Denial: receiving Intent { act=android.intent.action.SERVICE_STATE flg=0x1000010 (has extras) } to com.android.cellbroadcastreceiver.module/com.android.cellbroadcastreceiver.CellBroadcastReceiver requires android.permission.READ_PHONE_STATE due to sender android (uid 1001)
09-14 08:08:56.946  3883  5206 W BroadcastQueue: Permission Denial: receiving Intent { act=android.intent.action.SERVICE_STATE flg=0x1000010 (has extras) } to com.android.cellbroadcastreceiver.module/com.android.cellbroadcastreceiver.CellBroadcastReceiver requires android.permission.READ_PHONE_STATE due to sender android (uid 1001)
09-14 08:08:56.947  3883  5206 W BroadcastQueue: Permission Denial: receiving Intent { act=android.intent.action.SERVICE_STATE flg=0x1000010 (has extras) } to com.android.cellbroadcastreceiver.module/com.android.cellbroadcastreceiver.CellBroadcastReceiver requires android.permission.READ_PHONE_STATE due to sender android (uid 1001)
09-14 08:08:56.951  3883  5206 W BroadcastQueue: Permission Denial: receiving Intent { act=android.intent.action.SERVICE_STATE flg=0x1000010 (has extras) } to com.android.cellbroadcastreceiver.module/com.android.cellbroadcastreceiver.CellBroadcastReceiver requires android.permission.READ_PHONE_STATE due to sender android (uid 1001)
09-14 08:08:56.952  3883  5206 W BroadcastQueue: Permission Denial: receiving Intent { act=android.intent.action.SERVICE_STATE flg=0x1000010 (has extras) } to com.android.cellbroadcastreceiver.module/com.android.cellbroadcastreceiver.CellBroadcastReceiver requires android.permission.READ_PHONE_STATE due to sender android (uid 1001)
09-14 08:08:56.954  3883  5206 W BroadcastQueue: Permission Denial: receiving Intent { act=android.intent.action.SERVICE_STATE flg=0x1000010 (has extras) } to com.android.cellbroadcastreceiver.module/com.android.cellbroadcastreceiver.CellBroadcastReceiver requires android.permission.READ_PHONE_STATE due to sender android (uid 1001)
09-14 08:08:56.992  3883  4793 I Telecom : PhoneAccountRegistrar: Modify account: [ComponentInfo{com.android.phone/com.android.services.telephony.TelephonyConnectionService}, E, UserHandle{0}]: TSI.rPA@ADc
09-14 08:08:56.993  3883  4793 I Telecom : CallsManager: handlePhoneAccountChanged: phoneAccount=[[X] PhoneAccount: ComponentInfo{com.android.phone/com.android.services.telephony.TelephonyConnectionService}, E, UserHandle{0} Capabilities: SuppVideo CallProvider MultiUser PlaceEmerg SimSub  Audio Routes: BESW Schemes: tel voicemail  Extras: Bundle[{android.telecom.extra.SUPPORTS_VIDEO_CALLING_FALLBACK=true}] GroupId: ***]: TSI.rPA@ADc
09-14 08:08:56.994  3883  4793 I Telecom : PhoneAccountRegistrar: getSimCallManager: SimCallManager for subId 1 queried, returning: null: TSI.rPA@ADc
09-14 08:08:56.994  3883  4793 I Telecom : PhoneAccountRegistrar: Notifying telephony of voice service override change for 1 SIMs, hasService = false: TSI.rPA@ADc
09-14 08:08:57.009  3883  5206 I ActivityTaskManager: Config changes=3 {1.0 222mcc99mnc [en_US] ldltr sw440dp w440dp h929dp 392dpi nrml long hdr widecg port night finger -keyb/v/h -nav/h winConfig={ mBounds=Rect(0, 0 - 1080, 2400) mAppBounds=Rect(0, 123 - 1080, 2400) mMaxBounds=Rect(0, 0 - 1080, 2400) mDisplayRotation=ROTATION_0 mWindowingMode=fullscreen mDisplayWindowingMode=fullscreen mActivityType=undefined mAlwaysOnTop=undefined mRotation=ROTATION_0} as.2 s.30 fontWeightAdjustment=300}
09-14 08:08:57.028  3883  5206 I WindowManager: Override config changes=3 {1.0 222mcc99mnc [en_US] ldltr sw440dp w440dp h929dp 392dpi nrml long hdr widecg port night finger -keyb/v/h -nav/h winConfig={ mBounds=Rect(0, 0 - 1080, 2400) mAppBounds=Rect(0, 123 - 1080, 2400) mMaxBounds=Rect(0, 0 - 1080, 2400) mDisplayRotation=ROTATION_0 mWindowingMode=fullscreen mDisplayWindowingMode=fullscreen mActivityType=undefined mAlwaysOnTop=undefined mRotation=ROTATION_0} as.2 s.30 fontWeightAdjustment=300} for displayId=0
09-14 08:08:57.029  3883  5206 D CompatibilityChangeReporter: Compat change id reported: 174042980; UID 1000; state: DISABLED
09-14 08:08:57.037  3883  4543 D CoreBackPreview: Window{3e7f8f8 u0 pip-dismiss-overlay}: Setting back callback OnBackInvokedCallbackInfo{mCallback=android.window.IOnBackInvokedCallback$Stub$Proxy@6b66436, mPriority=0}
09-14 08:08:57.070  3883  5206 D CompatibilityChangeReporter: Compat change id reported: 161252188; UID 10303; state: DISABLED
09-14 08:08:57.073  3883  5206 D CompatibilityChangeReporter: Compat change id reported: 168419799; UID 10303; state: DISABLED
09-14 08:08:57.093  3883  5207 D CompatibilityChangeReporter: Compat change id reported: 161145287; UID 10303; state: DISABLED
09-14 08:08:57.103  3883  3901 W ActivityManager: Unable to start service Intent { cmp=com.google.android.dialer/com.google.apps.tiktok.concurrent.AndroidFuturesService (has extras) } U=0: not found
09-14 08:08:57.119  3883  3901 W ContextImpl: Calling a method in the system process without a qualified user: android.app.ContextImpl.sendBroadcastMultiplePermissions:1222 com.android.server.TelephonyRegistry.broadcastServiceStateChanged:3111 com.android.server.TelephonyRegistry.notifyServiceStateForPhoneId:1616 com.android.internal.telephony.ITelephonyRegistry$Stub.onTransact:492 android.os.Binder.execTransactInternal:1280 
09-14 08:08:57.119  3883  3901 W ContextImpl: Calling a method in the system process without a qualified user: android.app.ContextImpl.sendBroadcastMultiplePermissions:1272 android.content.Context.sendBroadcastMultiplePermissions:2272 com.android.server.TelephonyRegistry.broadcastServiceStateChanged:3114 com.android.server.TelephonyRegistry.notifyServiceStateForPhoneId:1616 com.android.internal.telephony.ITelephonyRegistry$Stub.onTransact:492 
09-14 08:08:57.120  3883  3901 W ContextImpl: Calling a method in the system process without a qualified user: android.app.ContextImpl.sendBroadcastMultiplePermissions:1272 com.android.server.TelephonyRegistry.broadcastServiceStateChanged:3121 com.android.server.TelephonyRegistry.notifyServiceStateForPhoneId:1616 com.android.internal.telephony.ITelephonyRegistry$Stub.onTransact:492 android.os.Binder.execTransactInternal:1280 
09-14 08:08:57.120  3883  3901 W ContextImpl: Calling a method in the system process without a qualified user: android.app.ContextImpl.sendBroadcastMultiplePermissions:1272 com.android.server.TelephonyRegistry.broadcastServiceStateChanged:3126 com.android.server.TelephonyRegistry.notifyServiceStateForPhoneId:1616 com.android.internal.telephony.ITelephonyRegistry$Stub.onTransact:492 android.os.Binder.execTransactInternal:1280 
09-14 08:08:57.121  3883  3918 W BroadcastQueue: Permission Denial: receiving Intent { act=android.intent.action.SERVICE_STATE flg=0x1000010 (has extras) } to com.android.cellbroadcastreceiver.module/com.android.cellbroadcastreceiver.CellBroadcastReceiver requires android.permission.READ_PHONE_STATE due to sender android (uid 1001)
09-14 08:08:57.122  3883  3918 W BroadcastQueue: Appop Denial: receiving Intent { act=android.intent.action.SERVICE_STATE flg=0x1000010 (has extras) } to ProcessRecord{91b4cca 4569:com.android.systemui/u0a300} (pid=4569, uid=10300) excludes appop android:read_phone_state due to sender android (uid 1001)
09-14 08:08:57.139  4264  4264 I imsrcsd : getAndroidPropValue : vendor.ims.modem.multisub.cap[2]
09-14 08:08:57.139  4264  4264 I imsrcsd : Uce Service HAL  detected modemVersion[2]
09-14 08:08:57.139  4264  4264 I imsrcsd : Uce Service HAL  loading lib-imsrcs-v2
09-14 08:08:57.160  3883  5206 W ActivityManager: Unable to start service Intent { cmp=com.google.android.dialer/com.google.apps.tiktok.concurrent.AndroidFuturesService (has extras) } U=0: not found
09-14 08:08:57.180  4264  4264 I Diag_Lib: StartImsService
09-14 08:08:57.180  4264  4264 I imsrcsd : ImsServiceMain startService[1]
09-14 08:08:57.181  3883  4443 D CompatibilityChangeReporter: Compat change id reported: 183164979; UID 1000; state: ENABLED
09-14 08:08:57.182  4264  5493 I HidlServiceManagement: Registered vendor.qti.ims.callinfo@1.0::IService/default
09-14 08:08:57.183  4264  5493 I HidlServiceManagement: Registered vendor.qti.ims.factory@1.0::IImsFactory/default
09-14 08:08:57.183  4264  5493 I imsrcsd : ImsServiceMain Running..
09-14 08:08:57.186  3883  3917 I StatsPullAtomService: subId 1 added into historical sub list
09-14 08:08:57.267  3883  5207 I Telecom : PhoneAccountRegistrar: New phone account registered: [[ ] PhoneAccount: ComponentInfo{com.android.phone/com.android.services.telephony.TelephonyConnectionService}, 1, UserHandle{0} Capabilities: SuppVideo CallProvider MultiUser PlaceEmerg SimSub  Audio Routes: BESW Schemes: tel voicemail  Extras: Bundle[{android.telecom.extra.SUPPORTS_VIDEO_CALLING_FALLBACK=true, android.telecom.extra.SORT_ORDER=1}] GroupId: ***]: TSI.rPA@ADo
09-14 08:08:57.270  3883  5207 I Telecom : CallsManager: Sending phone-account ComponentInfo{com.android.phone/com.android.services.telephony.TelephonyConnectionService}, 1, UserHandle{0} registered intent as user: TSI.rPA@ADo
09-14 08:08:57.270  3883  5207 I Telecom : CallsManager: Sending phone-account registered intent to default dialer: TSI.rPA@ADo
09-14 08:08:57.275  3883  5207 I Telecom : PhoneAccountRegistrar: getSimCallManager: SimCallManager for subId 1 queried, returning: null: TSI.rPA@ADo
09-14 08:08:57.276  3883  5207 I Telecom : PhoneAccountRegistrar: Notifying telephony of voice service override change for 1 SIMs, hasService = false: TSI.rPA@ADo
09-14 08:08:57.277  3883  3901 D CompatibilityChangeReporter: Compat change id reported: 183407956; UID 10187; state: ENABLED
09-14 08:08:57.279  3883  3901 I Telecom : PhoneAccountRegistrar: getSimCallManager: SimCallManager for subId 1 queried, returning: null
09-14 08:08:57.285  4264  5492 I Diag_Lib: OnServiceStatusReceived iStatus[0]
09-14 08:08:57.286  4264  5492 E Diag_Lib: Modem does not support UCE/IMS-CM, proceed to register HAL's
09-14 08:08:57.286  4264  5492 I Diag_Lib: Starting Service for First Time
09-14 08:08:57.287  4264  5492 I HidlServiceManagement: Registered com.qualcomm.qti.uceservice@2.3::IUceService/com.qualcomm.qti.uceservice
09-14 08:08:57.287  4264  5492 I Diag_Lib: CM_IMSCONNECTIONMANAGER_CREATE_CONNECTION Before Registering Service
09-14 08:08:57.287  4264  5492 I HidlServiceManagement: Registered com.qualcomm.qti.imscmservice@2.2::IImsCmService/qti.ims.connectionmanagerservice
09-14 08:08:57.288  4264  5492 I Diag_Lib: CM_IMSCONNECTIONMANAGER_CREATE_CONNECTION After Registering Service
09-14 08:08:57.383  3883  3901 I Telecom : CallsManager: Sending phone-account ComponentInfo{com.android.phone/com.android.services.telephony.TelephonyConnectionService}, E, UserHandle{0} unregistered intent as user: TSI.uPA@AD0
09-14 08:08:57.383  3883  3901 I Telecom : CallsManager: Sending phone-account unregistered intent to default dialer: TSI.uPA@AD0
09-14 08:08:57.390  3883  4543 W ActivityManager: Unable to start service Intent { cmp=com.google.android.dialer/com.google.apps.tiktok.concurrent.AndroidFuturesService (has extras) } U=0: not found
09-14 08:08:57.392  3883  5206 W ActivityManager: Unable to start service Intent { act=android.service.carrier.CarrierService pkg=com.google.android.carrier } U=0: not found
09-14 08:08:57.437  3883  5206 W ContextImpl: Calling a method in the system process without a qualified user: android.app.ContextImpl.sendBroadcastMultiplePermissions:1222 com.android.server.TelephonyRegistry.broadcastServiceStateChanged:3111 com.android.server.TelephonyRegistry.notifyServiceStateForPhoneId:1616 com.android.internal.telephony.ITelephonyRegistry$Stub.onTransact:492 android.os.Binder.execTransactInternal:1280 
09-14 08:08:57.437  3883  5206 W ContextImpl: Calling a method in the system process without a qualified user: android.app.ContextImpl.sendBroadcastMultiplePermissions:1272 android.content.Context.sendBroadcastMultiplePermissions:2272 com.android.server.TelephonyRegistry.broadcastServiceStateChanged:3114 com.android.server.TelephonyRegistry.notifyServiceStateForPhoneId:1616 com.android.internal.telephony.ITelephonyRegistry$Stub.onTransact:492 
09-14 08:08:57.438  3883  5206 W ContextImpl: Calling a method in the system process without a qualified user: android.app.ContextImpl.sendBroadcastMultiplePermissions:1272 com.android.server.TelephonyRegistry.broadcastServiceStateChanged:3121 com.android.server.TelephonyRegistry.notifyServiceStateForPhoneId:1616 com.android.internal.telephony.ITelephonyRegistry$Stub.onTransact:492 android.os.Binder.execTransactInternal:1280 
09-14 08:08:57.438  3883  5206 W ContextImpl: Calling a method in the system process without a qualified user: android.app.ContextImpl.sendBroadcastMultiplePermissions:1272 com.android.server.TelephonyRegistry.broadcastServiceStateChanged:3126 com.android.server.TelephonyRegistry.notifyServiceStateForPhoneId:1616 com.android.internal.telephony.ITelephonyRegistry$Stub.onTransact:492 android.os.Binder.execTransactInternal:1280 
09-14 08:08:57.439  3883  3918 W BroadcastQueue: Permission Denial: receiving Intent { act=android.intent.action.SERVICE_STATE flg=0x1000010 (has extras) } to com.android.cellbroadcastreceiver.module/com.android.cellbroadcastreceiver.CellBroadcastReceiver requires android.permission.READ_PHONE_STATE due to sender android (uid 1001)
09-14 08:08:57.439  3883  3918 W BroadcastQueue: Appop Denial: receiving Intent { act=android.intent.action.SERVICE_STATE flg=0x1000010 (has extras) } to ProcessRecord{91b4cca 4569:com.android.systemui/u0a300} (pid=4569, uid=10300) excludes appop android:read_phone_state due to sender android (uid 1001)
09-14 08:08:57.459  3883  5206 I Telecom : PhoneAccountRegistrar: Modify account: [ComponentInfo{com.android.phone/com.android.services.telephony.TelephonyConnectionService}, 1, UserHandle{0}]: TSI.rPA@AEA
09-14 08:08:57.468  3883  5206 I Telecom : CallsManager: handlePhoneAccountChanged: phoneAccount=[[X] PhoneAccount: ComponentInfo{com.android.phone/com.android.services.telephony.TelephonyConnectionService}, 1, UserHandle{0} Capabilities: SuppVideo CallProvider MultiUser PlaceEmerg SimSub  Audio Routes: BESW Schemes: tel voicemail  Extras: Bundle[{android.telecom.extra.SUPPORTS_VIDEO_CALLING_FALLBACK=true, android.telecom.extra.SORT_ORDER=1}] GroupId: ***]: TSI.rPA@AEA
09-14 08:08:57.584  3883  5206 I Telecom : PhoneAccountRegistrar: getSimCallManager: SimCallManager for subId 1 queried, returning: null: TSI.rPA@AEA
09-14 08:08:57.584  3883  5206 I Telecom : PhoneAccountRegistrar: Notifying telephony of voice service override change for 1 SIMs, hasService = false: TSI.rPA@AEA
09-14 08:08:57.585  3883  5206 D CompatibilityChangeReporter: Compat change id reported: 161252188; UID 10216; state: ENABLED
09-14 08:08:57.586  3883  5206 W PackageManager: Intent does not match component's intent filter: Intent { act=android.telephony.action.CARRIER_SIGNAL_RESET cmp=com.android.carrierdefaultapp/.CarrierDefaultBroadcastReceiver }
09-14 08:08:57.586  3883  5206 W PackageManager: Access blocked: ComponentInfo{com.android.carrierdefaultapp/com.android.carrierdefaultapp.CarrierDefaultBroadcastReceiver}
09-14 08:08:57.587  3883  5206 W PackageManager: Intent does not match component's intent filter: Intent { act=android.telephony.action.CARRIER_SIGNAL_RESET cmp=com.android.carrierdefaultapp/.CarrierDefaultBroadcastReceiver }
09-14 08:08:57.587  3883  5206 W PackageManager: Access blocked: ComponentInfo{com.android.carrierdefaultapp/com.android.carrierdefaultapp.CarrierDefaultBroadcastReceiver}
09-14 08:08:57.607  3883  5206 I Telecom : PhoneAccountRegistrar: Modify account: [ComponentInfo{com.android.phone/com.android.services.telephony.TelephonyConnectionService}, 1, UserHandle{0}]: TSI.rPA@AEE
09-14 08:08:57.609  3883  5206 I Telecom : CallsManager: handlePhoneAccountChanged: phoneAccount=[[X] PhoneAccount: ComponentInfo{com.android.phone/com.android.services.telephony.TelephonyConnectionService}, 1, UserHandle{0} Capabilities: SuppVideo CallProvider MultiUser PlaceEmerg SimSub  Audio Routes: BESW Schemes: tel voicemail  Extras: Bundle[{android.telecom.extra.SUPPORTS_VIDEO_CALLING_FALLBACK=true, android.telecom.extra.SORT_ORDER=1}] GroupId: ***]: TSI.rPA@AEE
09-14 08:08:57.612  3883  5206 I Telecom : PhoneAccountRegistrar: getSimCallManager: SimCallManager for subId 1 queried, returning: null: TSI.rPA@AEE
09-14 08:08:57.612  3883  5206 I Telecom : PhoneAccountRegistrar: Notifying telephony of voice service override change for 1 SIMs, hasService = false: TSI.rPA@AEE
09-14 08:08:57.621  3883  5206 D CompatibilityChangeReporter: Compat change id reported: 181658987; UID 10300; state: ENABLED
09-14 08:08:57.621  3883  5206 D CompatibilityChangeReporter: Compat change id reported: 181658987; UID 1000; state: ENABLED
09-14 08:08:57.631  3883  5206 W ActivityManager: Unable to start service Intent { cmp=com.google.android.dialer/com.google.apps.tiktok.concurrent.AndroidFuturesService (has extras) } U=0: not found
09-14 08:08:57.631  3883  5212 I Telecom : PhoneAccountRegistrar: Modify account: [ComponentInfo{com.android.phone/com.android.services.telephony.TelephonyConnectionService}, 1, UserHandle{0}]: TSI.rPA@AEU
09-14 08:08:57.633  3883  5212 I Telecom : CallsManager: handlePhoneAccountChanged: phoneAccount=[[X] PhoneAccount: ComponentInfo{com.android.phone/com.android.services.telephony.TelephonyConnectionService}, 1, UserHandle{0} Capabilities: SuppVideo CallProvider MultiUser PlaceEmerg SimSub  Audio Routes: BESW Schemes: tel voicemail  Extras: Bundle[{android.telecom.extra.SUPPORTS_VIDEO_CALLING_FALLBACK=true, android.telecom.extra.SORT_ORDER=1}] GroupId: ***]: TSI.rPA@AEU
09-14 08:08:57.634  3883  3910 I WindowManager: ******* TELLING SURFACE FLINGER WE ARE BOOTED!
09-14 08:08:57.635  3883  3910 D ActivityManagerTiming: FinishBooting
09-14 08:08:57.636  3883  5212 I Telecom : PhoneAccountRegistrar: getSimCallManager: SimCallManager for subId 1 queried, returning: null: TSI.rPA@AEU
09-14 08:08:57.636  3883  5212 I Telecom : PhoneAccountRegistrar: Notifying telephony of voice service override change for 1 SIMs, hasService = false: TSI.rPA@AEU
09-14 08:08:57.637  3883  3910 I ActivityManager: About to commit checkpoint
09-14 08:08:57.637  3883  3910 I SystemServiceManager: Starting phase 1000
09-14 08:08:57.637  3883  3910 D ActivityManagerTiming: OnBootPhase_1000
09-14 08:08:57.637  3883  3910 D ActivityManagerTiming: OnBootPhase_1000_com.android.server.security.FileIntegrityService
09-14 08:08:57.637  3883  3910 D ActivityManagerTiming: OnBootPhase_1000_com.android.server.pm.Installer
09-14 08:08:57.637  3883  3910 D ActivityManagerTiming: OnBootPhase_1000_com.android.server.os.DeviceIdentifiersPolicyService
09-14 08:08:57.637  3883  3910 D ActivityManagerTiming: OnBootPhase_1000_com.android.server.uri.UriGrantsManagerService$Lifecycle
09-14 08:08:57.637  3883  3910 D ActivityManagerTiming: OnBootPhase_1000_com.android.server.powerstats.PowerStatsService
09-14 08:08:57.637  3883  3910 E PowerStatsService: Failed to start PowerStatsService loggers
09-14 08:08:57.637  3883  3910 D ActivityManagerTiming: OnBootPhase_1000_com.android.server.wm.ActivityTaskManagerService$Lifecycle
09-14 08:08:57.637  3883  3910 D ActivityManagerTiming: OnBootPhase_1000_com.android.server.am.ActivityManagerService$Lifecycle
09-14 08:08:57.637  3883  3910 D ActivityManagerTiming: OnBootPhase_1000_com.android.server.pm.DataLoaderManagerService
09-14 08:08:57.637  3883  3910 D ActivityManagerTiming: OnBootPhase_1000_com.android.server.power.PowerManagerService
09-14 08:08:57.638  3883  3910 D ActivityManagerTiming: OnBootPhase_1000_com.android.server.power.ThermalManagerService
09-14 08:08:57.638  3883  3910 D ActivityManagerTiming: OnBootPhase_1000_com.android.server.power.hint.HintManagerService
09-14 08:08:57.638  3883  3910 D ActivityManagerTiming: OnBootPhase_1000_com.android.server.recoverysystem.RecoverySystemService$Lifecycle
09-14 08:08:57.638  3883  3910 D ActivityManagerTiming: OnBootPhase_1000_com.android.server.lights.LightsService
09-14 08:08:57.638  3883  3910 D ActivityManagerTiming: OnBootPhase_1000_com.android.server.display.DisplayManagerService
09-14 08:08:57.638  3883  3910 D ActivityManagerTiming: OnBootPhase_1000_com.android.server.pm.verify.domain.DomainVerificationService
09-14 08:08:57.638  3883  3910 D ActivityManagerTiming: OnBootPhase_1000_com.android.server.pm.PackageInstallerService$Lifecycle
09-14 08:08:57.638  3883  3910 D ActivityManagerTiming: OnBootPhase_1000_com.android.server.pm.UserManagerService$LifeCycle
09-14 08:08:57.638  3883  3910 D ActivityManagerTiming: OnBootPhase_1000_com.android.server.om.OverlayManagerService
09-14 08:08:57.638  3883  3910 D ActivityManagerTiming: OnBootPhase_1000_com.android.server.resources.ResourcesManagerService
09-14 08:08:57.638  3883  3910 D ActivityManagerTiming: OnBootPhase_1000_com.android.server.sensorprivacy.SensorPrivacyService
09-14 08:08:57.638  3883  3910 D ActivityManagerTiming: OnBootPhase_1000_com.android.server.sensors.SensorService
09-14 08:08:57.638  3883  3910 D ActivityManagerTiming: OnBootPhase_1000_com.android.server.SystemConfigService
09-14 08:08:57.638  3883  3910 D ActivityManagerTiming: OnBootPhase_1000_com.android.server.BatteryService
09-14 08:08:57.638  3883  3910 D ActivityManagerTiming: OnBootPhase_1000_com.android.server.usage.UsageStatsService
09-14 08:08:57.638  3883  3910 D ActivityManagerTiming: OnBootPhase_1000_com.android.server.webkit.WebViewUpdateService
09-14 08:08:57.638  3883  3910 D ActivityManagerTiming: OnBootPhase_1000_com.android.server.CachedDeviceStateService
09-14 08:08:57.638  3883  3910 D ActivityManagerTiming: OnBootPhase_1000_com.android.server.BinderCallsStatsService$LifeCycle
09-14 08:08:57.638  3883  3910 D ActivityManagerTiming: OnBootPhase_1000_com.android.server.LooperStatsService$Lifecycle
09-14 08:08:57.638  3883  3910 D ActivityManagerTiming: OnBootPhase_1000_com.android.server.rollback.RollbackManagerService
09-14 08:08:57.639  3883  3910 D ActivityManagerTiming: OnBootPhase_1000_com.android.server.os.NativeTombstoneManagerService
09-14 08:08:57.639  3883  3910 D ActivityManagerTiming: OnBootPhase_1000_com.android.server.os.BugreportManagerService
09-14 08:08:57.639  3883  3910 D ActivityManagerTiming: OnBootPhase_1000_com.android.server.gpu.GpuService
09-14 08:08:57.639  3883  3910 D ActivityManagerTiming: OnBootPhase_1000_com.android.server.security.KeyChainSystemService
09-14 08:08:57.639  3883  3910 D ActivityManagerTiming: OnBootPhase_1000_com.android.server.BinaryTransparencyService
09-14 08:08:57.639  3883  3910 I TransparencyService: Boot completed. Getting VBMeta Digest.
09-14 08:08:57.639  3883  3910 D TransparencyService: VBMeta Digest: vbmeta-digest-unavailable
09-14 08:08:57.639  3883  4338 D RollbackManager: mRollbackLifetimeDurationInMillis=1209600000
09-14 08:08:57.639  3883  3910 I TransparencyService: Scheduling APEX and Module measurements to be updated.
09-14 08:08:57.639  3883  3910 I TransparencyService: Scheduling APEX & Module SHA256 digest computation job
09-14 08:08:57.639  3883  3976 V DisplayPowerController[0]: Brightness [0.67939186] reason changing to: 'manual', previous reason: 'override'.
09-14 08:08:57.639  3883  3976 I DisplayPowerController[0]: BrightnessEvent: disp=0, brt=0.67939186, rcmdBrt=NaN, preBrt=0.0, lux=NaN, preLux=0.0, hbmMax=1.0, hbmMode=off, thrmMax=1.0, flags=invalid_lux doze_scale , reason=manual
