--------- beginning of system
09-14 08:08:53.208  3883  3883 D SystemServerTiming: CertBlacklister
09-14 08:08:53.208  3883  3883 D SystemServerTiming: StartEmergencyAffordanceService
09-14 08:08:53.208  3883  3883 I SystemServiceManager: Starting com.android.server.emergency.EmergencyAffordanceService
09-14 08:08:53.209  3883  3883 D SystemServerTiming: startBlobStoreManagerService
09-14 08:08:53.209  3883  3883 I SystemServiceManager: Starting com.android.server.blob.BlobStoreManagerService
09-14 08:08:53.210  3883  3883 D SystemServerTiming: StartDreamManager
09-14 08:08:53.210  3883  3883 I SystemServiceManager: Starting com.android.server.dreams.DreamManagerService
09-14 08:08:53.210  3883  3883 D SystemServerTiming: AddGraphicsStatsService
09-14 08:08:53.212  3883  3883 D SystemServerTiming: StartPrintManager
09-14 08:08:53.212  3883  3883 I SystemServiceManager: Starting com.android.server.print.PrintManagerService
09-14 08:08:53.213  3883  3883 D SystemServerTiming: StartAttestationVerificationService
09-14 08:08:53.213  3883  3883 I SystemServiceManager: Starting com.android.server.security.AttestationVerificationManagerService
09-14 08:08:53.213  3883  3883 D AVF     : Started
09-14 08:08:53.214  3883  3883 D SystemServerTiming: StartCompanionDeviceManager
09-14 08:08:53.214  3883  3883 I SystemServiceManager: Starting com.android.server.companion.CompanionDeviceManagerService
09-14 08:08:53.214  3883  3883 I CompanionDevice_PersistentDataStore: Reading associations for user 0 from disk
09-14 08:08:53.215  3883  3883 D SystemServerTiming: StartVirtualDeviceManager
09-14 08:08:53.215  3883  3883 I SystemServiceManager: Starting com.android.server.companion.virtual.VirtualDeviceManagerService
09-14 08:08:53.216  3883  3883 D SystemServerTiming: StartRestrictionManager
09-14 08:08:53.216  3883  3883 I SystemServiceManager: Starting com.android.server.restrictions.RestrictionsManagerService
09-14 08:08:53.216  3883  3883 D SystemServerTiming: StartMediaSessionService
09-14 08:08:53.216  3883  3883 I SystemServiceManager: Starting com.android.server.media.MediaSessionService
09-14 08:08:53.218  3883  3883 D SystemServerTiming: StartMediaResourceMonitor
09-14 08:08:53.218  3883  3883 I SystemServiceManager: Starting com.android.server.media.MediaResourceMonitorService
09-14 08:08:53.218  3883  3883 D SystemServerTiming: StartMediaRouterService
09-14 08:08:53.218  3883  3883 V HistoricalRegistry: Interaction before persistence initialized
09-14 08:08:53.219  3883  3883 D SystemServerTiming: StartFingerprintSensor
09-14 08:08:53.219  3883  3883 I SystemServiceManager: Starting com.android.server.biometrics.sensors.fingerprint.FingerprintService
09-14 08:08:53.219  3883  3883 D SystemServerTiming: StartBiometricService
09-14 08:08:53.219  3883  3883 I SystemServiceManager: Starting com.android.server.biometrics.BiometricService
09-14 08:08:53.221  3883  3883 D SystemServerTiming: StartAuthService
09-14 08:08:53.221  3883  3883 I SystemServiceManager: Starting com.android.server.biometrics.AuthService
09-14 08:08:53.221  3883  3883 D AuthService: Registering HIDL ID: 0 Modality: 2 Strength: 15
09-14 08:08:53.223  3883  3883 D SystemServerTiming: StartDynamicCodeLoggingService
09-14 08:08:53.224  3883  4514 D BiometricService: Registering ID: 0 Modality: 2 Strength: 15
09-14 08:08:53.224  3883  3883 D SystemServerTiming: StartPruneInstantAppsJobService
09-14 08:08:53.224  3883  3883 D SystemServerTiming: StartShortcutServiceLifecycle
09-14 08:08:53.224  3883  4514 D BiometricStrengthController: updateStrengths: revert sensorId=0 to oemStrength=15
09-14 08:08:53.224  3883  3883 I SystemServiceManager: Starting com.android.server.pm.ShortcutService$Lifecycle
09-14 08:08:53.224  3883  4514 D BiometricService/Sensor: updateStrength: Before(ID(0), oemStrength: 15, updatedStrength: 15, modality 2, state: 0, cookie: 0) After(ID(0), oemStrength: 15, updatedStrength: 15, modality 2, state: 0, cookie: 0)
09-14 08:08:53.225  3883  3883 V HistoricalRegistry: Interaction before persistence initialized
09-14 08:08:53.225  3883  3883 D SystemServerTiming: StartLauncherAppsService
09-14 08:08:53.225  3883  3883 I SystemServiceManager: Starting com.android.server.pm.LauncherAppsService
09-14 08:08:53.228  3883  3883 D SystemServerTiming: StartCrossProfileAppsService
09-14 08:08:53.228  3883  3883 I SystemServiceManager: Starting com.android.server.pm.CrossProfileAppsService
09-14 08:08:53.228  3883  3883 D SystemServerTiming: StartPocketService
09-14 08:08:53.228  3883  3883 I SystemServiceManager: Starting com.android.server.pocket.PocketService
09-14 08:08:53.234  3883  3883 D SystemServerTiming: StartPeopleService
09-14 08:08:53.234  3883  3883 I SystemServiceManager: Starting com.android.server.people.PeopleService
09-14 08:08:53.234  3883  3883 D SystemServerTiming: StartMediaMetricsManager
09-14 08:08:53.234  3883  3883 I SystemServiceManager: Starting com.android.server.media.metrics.MediaMetricsManagerService
09-14 08:08:53.235  3883  3883 D SystemServerTiming: StartLineageHardwareService
09-14 08:08:53.235  3883  3883 I SystemServiceManager: Starting com.android.server.lineage.LineageHardwareService
09-14 08:08:53.237  3883  3883 D SystemServerTiming: StartLiveDisplayService
09-14 08:08:53.237  3883  3883 I SystemServiceManager: Starting com.android.server.lineage.display.LiveDisplayService
09-14 08:08:53.239  3883  3883 D SystemServerTiming: StartMediaProjectionManager
09-14 08:08:53.239  3883  3883 I SystemServiceManager: Starting com.android.server.media.projection.MediaProjectionManagerService
09-14 08:08:53.241  3883  3883 D SystemServerTiming: StartSliceManagerService
09-14 08:08:53.241  3883  3883 I SystemServiceManager: Starting com.android.server.slice.SliceManagerService$Lifecycle
09-14 08:08:53.247  3883  3883 D SystemServerTiming: StartStatsCompanion
09-14 08:08:53.247  3883  3883 I SystemServiceManager: Starting com.android.server.stats.StatsCompanion$Lifecycle
09-14 08:08:53.249  3883  3883 D SystemServerTiming: StartRebootReadinessManagerService
09-14 08:08:53.249  3883  3883 I SystemServiceManager: Starting com.android.server.scheduling.RebootReadinessManagerService$Lifecycle
09-14 08:08:53.253  3883  3883 D SystemServerTiming: StartStatsPullAtomService
09-14 08:08:53.253  3883  3883 I SystemServiceManager: Starting com.android.server.stats.pull.StatsPullAtomService
09-14 08:08:53.253  3883  3883 D SystemServerTiming: StatsBootstrapAtomService
09-14 08:08:53.253  3883  3883 I SystemServiceManager: Starting com.android.server.stats.bootstrap.StatsBootstrapAtomService$Lifecycle
09-14 08:08:53.253  3883  3883 D SystemServerTiming: StartIncidentCompanionService
09-14 08:08:53.253  3883  3883 I SystemServiceManager: Starting com.android.server.incident.IncidentCompanionService
09-14 08:08:53.254  3883  3883 D SystemServerTiming: StarSdkSandboxManagerService
09-14 08:08:53.254  3883  3883 I SystemServiceManager: Starting com.android.server.sdksandbox.SdkSandboxManagerService$Lifecycle
09-14 08:08:53.255  3883  3883 D SystemServerTiming: StartAdServicesManagerService
09-14 08:08:53.256  3883  3883 I SystemServiceManager: Starting com.android.server.adservices.AdServicesManagerService$Lifecycle
09-14 08:08:53.256  3883  3883 D SystemServerTiming: StartMmsService
09-14 08:08:53.256  3883  3883 I SystemServiceManager: Starting com.android.server.MmsServiceBroker
09-14 08:08:53.256  3883  3883 D SystemServerTiming: StartAutoFillService
09-14 08:08:53.256  3883  3883 I SystemServiceManager: Starting com.android.server.autofill.AutofillManagerService
09-14 08:08:53.258  3883  3883 E AutofillManagerServiceImpl: Bad service name: com.google.android.gms/.autofill.service.AutofillService
09-14 08:08:53.258  3883  3883 E RemoteAugmentedAutofillService: Bad service name for flags 1048704: com.google.android.as/com.google.android.apps.miphone.aiai.app.AiAiAugmentedAutofillService
09-14 08:08:53.259  3883  3883 D SystemServer: TranslationService not defined by OEM
09-14 08:08:53.259  3883  3883 D SystemServerTiming: StartClipboardService
09-14 08:08:53.259  3883  3883 I SystemServiceManager: Starting com.android.server.clipboard.ClipboardService
09-14 08:08:53.260  3883  3883 D SystemServerTiming: AppServiceManager
09-14 08:08:53.260  3883  3883 I SystemServiceManager: Starting com.android.server.appbinding.AppBindingService$Lifecycle
09-14 08:08:53.261  3883  3883 D SystemServerTiming: startTracingServiceProxy
09-14 08:08:53.261  3883  3883 I SystemServiceManager: Starting com.android.server.tracing.TracingServiceProxy
09-14 08:08:53.261  3883  3883 D SystemServerTiming: MakeLockSettingsServiceReady
09-14 08:08:53.266  3883  3883 I SyntheticPasswordManager: Device does not support weaver
09-14 08:08:53.266  3883  3883 I LockSettingsService: Device doesn't implement AuthSecret HAL
09-14 08:08:53.267  3883  3883 D SystemServerTiming: StartBootPhaseLockSettingsReady
09-14 08:08:53.267  3883  3883 I SystemServiceManager: Starting phase 480
09-14 08:08:53.267  3883  3883 D SystemServerTiming: OnBootPhase_480
09-14 08:08:53.267  3883  3883 D SystemServerTiming: OnBootPhase_480_com.android.server.security.FileIntegrityService
09-14 08:08:53.267  3883  3883 D SystemServerTiming: OnBootPhase_480_com.android.server.pm.Installer
09-14 08:08:53.267  3883  3883 D SystemServerTiming: OnBootPhase_480_com.android.server.os.DeviceIdentifiersPolicyService
09-14 08:08:53.267  3883  3883 D SystemServerTiming: OnBootPhase_480_com.android.server.uri.UriGrantsManagerService$Lifecycle
09-14 08:08:53.267  3883  3883 D SystemServerTiming: OnBootPhase_480_com.android.server.powerstats.PowerStatsService
09-14 08:08:53.267  3883  3883 D SystemServerTiming: OnBootPhase_480_com.android.server.wm.ActivityTaskManagerService$Lifecycle
09-14 08:08:53.267  3883  3883 D SystemServerTiming: OnBootPhase_480_com.android.server.am.ActivityManagerService$Lifecycle
09-14 08:08:53.267  3883  3883 D SystemServerTiming: OnBootPhase_480_com.android.server.pm.DataLoaderManagerService
09-14 08:08:53.267  3883  3883 D SystemServerTiming: OnBootPhase_480_com.android.server.power.PowerManagerService
09-14 08:08:53.267  3883  3883 D SystemServerTiming: OnBootPhase_480_com.android.server.power.ThermalManagerService
09-14 08:08:53.267  3883  3883 D SystemServerTiming: OnBootPhase_480_com.android.server.power.hint.HintManagerService
09-14 08:08:53.267  3883  3883 D SystemServerTiming: OnBootPhase_480_com.android.server.recoverysystem.RecoverySystemService$Lifecycle
09-14 08:08:53.267  3883  3883 D SystemServerTiming: OnBootPhase_480_com.android.server.lights.LightsService
09-14 08:08:53.267  3883  3883 D SystemServerTiming: OnBootPhase_480_com.android.server.display.DisplayManagerService
09-14 08:08:53.267  3883  3883 D SystemServerTiming: OnBootPhase_480_com.android.server.pm.verify.domain.DomainVerificationService
09-14 08:08:53.267  3883  3883 D SystemServerTiming: OnBootPhase_480_com.android.server.pm.PackageInstallerService$Lifecycle
09-14 08:08:53.267  3883  3883 D SystemServerTiming: OnBootPhase_480_com.android.server.pm.UserManagerService$LifeCycle
09-14 08:08:53.267  3883  3883 D SystemServerTiming: OnBootPhase_480_com.android.server.om.OverlayManagerService
09-14 08:08:53.267  3883  3883 D SystemServerTiming: OnBootPhase_480_com.android.server.resources.ResourcesManagerService
09-14 08:08:53.267  3883  3883 D SystemServerTiming: OnBootPhase_480_com.android.server.sensorprivacy.SensorPrivacyService
09-14 08:08:53.267  3883  3883 D SystemServerTiming: OnBootPhase_480_com.android.server.sensors.SensorService
09-14 08:08:53.267  3883  3883 D SystemServerTiming: OnBootPhase_480_com.android.server.SystemConfigService
09-14 08:08:53.267  3883  3883 D SystemServerTiming: OnBootPhase_480_com.android.server.BatteryService
09-14 08:08:53.267  3883  3883 D SystemServerTiming: OnBootPhase_480_com.android.server.usage.UsageStatsService
09-14 08:08:53.268  3883  3883 D SystemServerTiming: OnBootPhase_480_com.android.server.webkit.WebViewUpdateService
09-14 08:08:53.268  3883  3883 D SystemServerTiming: OnBootPhase_480_com.android.server.CachedDeviceStateService
09-14 08:08:53.268  3883  3883 D SystemServerTiming: OnBootPhase_480_com.android.server.BinderCallsStatsService$LifeCycle
09-14 08:08:53.268  3883  3883 D SystemServerTiming: OnBootPhase_480_com.android.server.LooperStatsService$Lifecycle
09-14 08:08:53.268  3883  3883 D SystemServerTiming: OnBootPhase_480_com.android.server.rollback.RollbackManagerService
09-14 08:08:53.268  3883  3883 D SystemServerTiming: OnBootPhase_480_com.android.server.os.NativeTombstoneManagerService
09-14 08:08:53.268  3883  3883 D SystemServerTiming: OnBootPhase_480_com.android.server.os.BugreportManagerService
09-14 08:08:53.268  3883  3883 D SystemServerTiming: OnBootPhase_480_com.android.server.gpu.GpuService
09-14 08:08:53.268  3883  3883 D SystemServerTiming: OnBootPhase_480_com.android.server.security.KeyChainSystemService
09-14 08:08:53.268  3883  3883 D SystemServerTiming: OnBootPhase_480_com.android.server.BinaryTransparencyService
09-14 08:08:53.268  3883  3883 D SystemServerTiming: OnBootPhase_480_com.android.server.telecom.TelecomLoaderService
09-14 08:08:53.268  3883  3883 D SystemServerTiming: OnBootPhase_480_com.android.server.accounts.AccountManagerService$Lifecycle
09-14 08:08:53.268  3883  3883 D SystemServerTiming: OnBootPhase_480_com.android.server.content.ContentService$Lifecycle
09-14 08:08:53.268  3883  3883 D SystemServerTiming: OnBootPhase_480_com.android.server.DropBoxManagerService
09-14 08:08:53.268  3883  3883 D SystemServerTiming: OnBootPhase_480_com.android.role.RoleService
09-14 08:08:53.268  3883  3883 D SystemServerTiming: OnBootPhase_480_com.android.server.vibrator.VibratorManagerService$Lifecycle
09-14 08:08:53.268  3883  3883 D SystemServerTiming: OnBootPhase_480_com.android.server.tare.InternalResourceService
09-14 08:08:53.268  3883  3883 D SystemServerTiming: OnBootPhase_480_com.android.server.alarm.AlarmManagerService
09-14 08:08:53.268  3883  3883 D SystemServerTiming: OnBootPhase_480_com.android.server.devicestate.DeviceStateManagerService
09-14 08:08:53.268  3883  3883 D SystemServerTiming: OnBootPhase_480_com.android.server.camera.CameraServiceProxy
09-14 08:08:53.268  3883  3883 D SystemServerTiming: OnBootPhase_480_com.android.server.bluetooth.BluetoothService
09-14 08:08:53.268  3883  3883 D SystemServerTiming: OnBootPhase_480_com.android.server.connectivity.IpConnectivityMetrics
09-14 08:08:53.268  3883  3883 D SystemServerTiming: OnBootPhase_480_com.android.server.net.watchlist.NetworkWatchlistService$Lifecycle
09-14 08:08:53.268  3883  3883 D SystemServerTiming: OnBootPhase_480_com.android.server.PinnerService
09-14 08:08:53.268  3883  3883 D SystemServerTiming: OnBootPhase_480_com.android.server.integrity.AppIntegrityManagerService
09-14 08:08:53.268  3883  3883 D SystemServerTiming: OnBootPhase_480_com.android.server.logcat.LogcatManagerService
09-14 08:08:53.268  3883  3883 D SystemServerTiming: OnBootPhase_480_com.android.server.display.AutoAODService
09-14 08:08:53.268  3883  3883 D SystemServerTiming: OnBootPhase_480_com.android.server.inputmethod.InputMethodManagerService$Lifecycle
09-14 08:08:53.268  3883  3883 D SystemServerTiming: OnBootPhase_480_com.android.server.accessibility.AccessibilityManagerService$Lifecycle
09-14 08:08:53.268  3883  3883 D SystemServerTiming: OnBootPhase_480_com.android.server.StorageManagerService$Lifecycle
09-14 08:08:53.268  3883  3883 D SystemServerTiming: OnBootPhase_480_com.android.server.usage.StorageStatsService$Lifecycle
09-14 08:08:53.268  3883  3883 D SystemServerTiming: OnBootPhase_480_com.android.server.UiModeManagerService
09-14 08:08:53.268  3883  3883 D SystemServerTiming: OnBootPhase_480_com.android.server.locales.LocaleManagerService
09-14 08:08:53.268  3883  3883 D SystemServerTiming: OnBootPhase_480_com.android.server.locksettings.LockSettingsService$Lifecycle
09-14 08:08:53.268  3883  3883 D SystemServerTiming: OnBootPhase_480_com.android.server.PersistentDataBlockService
09-14 08:08:53.268  3883  3883 D SystemServerTiming: OnBootPhase_480_com.android.server.testharness.TestHarnessModeService
09-14 08:08:53.268  3883  3883 D SystemServerTiming: OnBootPhase_480_com.android.server.oemlock.OemLockService
09-14 08:08:53.268  3883  3883 D SystemServerTiming: OnBootPhase_480_com.android.server.DeviceIdleController
09-14 08:08:53.268  3883  3883 D SystemServerTiming: OnBootPhase_480_com.android.server.devicepolicy.DevicePolicyManagerService$Lifecycle
09-14 08:08:53.273  3883  3883 I UsbPortManager: USB HAL HIDL version: 13
09-14 08:08:53.273  3883  3883 D SystemServerTiming: OnBootPhase_480_com.android.server.musicrecognition.MusicRecognitionManagerService
09-14 08:08:53.273  3883  4182 D SystemServerTimingAsync: InitThreadPoolExec:DevicePolicyManager
09-14 08:08:53.273  3883  3883 D SystemServerTiming: OnBootPhase_480_com.android.server.contentcapture.ContentCaptureManagerService
09-14 08:08:53.273  3883  3883 D SystemServerTiming: OnBootPhase_480_com.android.server.attention.AttentionManagerService
09-14 08:08:53.273  3883  3883 D SystemServerTiming: OnBootPhase_480_com.android.server.rotationresolver.RotationResolverManagerService
09-14 08:08:53.273  3883  3883 D SystemServerTiming: OnBootPhase_480_com.android.server.systemcaptions.SystemCaptionsManagerService
09-14 08:08:53.273  3883  3883 D SystemServerTiming: OnBootPhase_480_com.android.server.texttospeech.TextToSpeechManagerService
09-14 08:08:53.273  3883  3883 D SystemServerTiming: OnBootPhase_480_com.android.server.ambientcontext.AmbientContextManagerService
09-14 08:08:53.273  3883  3883 D SystemServerTiming: OnBootPhase_480_com.android.server.speech.SpeechRecognitionManagerService
09-14 08:08:53.273  3883  3883 D SystemServerTiming: OnBootPhase_480_com.android.server.appprediction.AppPredictionManagerService
09-14 08:08:53.273  3883  3883 D SystemServerTiming: OnBootPhase_480_com.android.server.contentsuggestions.ContentSuggestionsManagerService
09-14 08:08:53.273  3883  3883 D SystemServerTiming: OnBootPhase_480_com.android.server.searchui.SearchUiManagerService
09-14 08:08:53.273  3883  3883 D SystemServerTiming: OnBootPhase_480_com.android.server.smartspace.SmartspaceManagerService
09-14 08:08:53.273  3883  3883 D SystemServerTiming: OnBootPhase_480_com.android.server.cloudsearch.CloudSearchManagerService
09-14 08:08:53.273  3883  3883 D SystemServerTiming: OnBootPhase_480_com.android.server.graphics.fonts.FontManagerService$Lifecycle
09-14 08:08:53.273  3883  3883 D SystemServerTiming: OnBootPhase_480_com.android.server.textservices.TextServicesManagerService$Lifecycle
09-14 08:08:53.273  3883  3883 D SystemServerTiming: OnBootPhase_480_com.android.server.textclassifier.TextClassificationManagerService$Lifecycle
09-14 08:08:53.273  3883  3883 D SystemServerTiming: OnBootPhase_480_com.android.server.NetworkScoreService$Lifecycle
09-14 08:08:53.273  3883  3883 D SystemServerTiming: OnBootPhase_480_com.android.server.NetworkStatsServiceInitializer
09-14 08:08:53.273  3883  3883 D SystemServerTiming: OnBootPhase_480_com.android.server.wifi.WifiService
09-14 08:08:53.273  3883  3883 D SystemServerTiming: OnBootPhase_480_com.android.server.wifi.scanner.WifiScanningService
09-14 08:08:53.273  3883  3883 D SystemServerTiming: OnBootPhase_480_com.android.server.wifi.p2p.WifiP2pService
09-14 08:08:53.273  3883  3883 D SystemServerTiming: OnBootPhase_480_com.android.server.ConnectivityServiceInitializer
09-14 08:08:53.273  3883  3883 D SystemServerTiming: OnBootPhase_480_com.android.server.notification.NotificationManagerService
09-14 08:08:53.273  3883  3883 D SystemServerTiming: OnBootPhase_480_com.android.server.storage.DeviceStorageMonitorService
09-14 08:08:53.273  3883  3883 D SystemServerTiming: OnBootPhase_480_com.android.server.location.LocationManagerService$Lifecycle
09-14 08:08:53.273  3883  3883 D SystemServerTiming: OnBootPhase_480_com.android.server.timedetector.TimeDetectorService$Lifecycle
09-14 08:08:53.273  3883  3883 D SystemServerTiming: OnBootPhase_480_com.android.server.timezonedetector.TimeZoneDetectorService$Lifecycle
09-14 08:08:53.273  3883  3883 D SystemServerTiming: OnBootPhase_480_com.android.server.timezonedetector.location.LocationTimeZoneManagerService$Lifecycle
09-14 08:08:53.273  3883  3883 D SystemServerTiming: OnBootPhase_480_com.android.server.search.SearchManagerService$Lifecycle
09-14 08:08:53.273  3883  3883 D SystemServerTiming: OnBootPhase_480_com.android.server.wallpaper.WallpaperManagerService$Lifecycle
09-14 08:08:53.274  3883  3883 D SystemServerTiming: OnBootPhase_480_com.android.server.wallpapereffectsgeneration.WallpaperEffectsGenerationManagerService
09-14 08:08:53.274  3883  3883 D SystemServerTiming: OnBootPhase_480_com.android.server.audio.AudioService$Lifecycle
09-14 08:08:53.274  3883  3883 D SystemServerTiming: OnBootPhase_480_com.android.server.soundtrigger_middleware.SoundTriggerMiddlewareService$Lifecycle
09-14 08:08:53.274  3883  3883 D SystemServerTiming: OnBootPhase_480_com.android.server.DockObserver
09-14 08:08:53.274  3883  3883 D SystemServerTiming: OnBootPhase_480_com.android.server.midi.MidiService$Lifecycle
09-14 08:08:53.274  3883  3883 D SystemServerTiming: OnBootPhase_480_com.android.server.adb.AdbService$Lifecycle
09-14 08:08:53.274  3883  3883 D SystemServerTiming: OnBootPhase_480_com.android.server.usb.UsbService$Lifecycle
09-14 08:08:53.274  3883  3883 D SystemServerTiming: OnBootPhase_480_com.android.server.twilight.TwilightService
09-14 08:08:53.274  3883  3883 D SystemServerTiming: OnBootPhase_480_com.android.server.display.color.ColorDisplayService
09-14 08:08:53.274  3883  3883 D SystemServerTiming: OnBootPhase_480_com.android.server.job.JobSchedulerService
09-14 08:08:53.274  3883  3883 D SystemServerTiming: OnBootPhase_480_com.android.server.soundtrigger.SoundTriggerService
09-14 08:08:53.274  3883  3883 D SoundTriggerService: onBootPhase: 480 : false
09-14 08:08:53.274  3883  3883 D SystemServerTiming: OnBootPhase_480_com.android.server.trust.TrustManagerService
09-14 08:08:53.274  3883  3883 D SystemServerTiming: OnBootPhase_480_com.android.server.backup.BackupManagerService$Lifecycle
09-14 08:08:53.274  3883  3883 D SystemServerTiming: OnBootPhase_480_com.android.server.appwidget.AppWidgetService
09-14 08:08:53.274  3883  3883 D SystemServerTiming: OnBootPhase_480_com.android.server.voiceinteraction.VoiceInteractionManagerService
09-14 08:08:53.274  3883  3883 D SystemServerTiming: OnBootPhase_480_com.android.server.apphibernation.AppHibernationService
09-14 08:08:53.274  3883  3883 D SystemServerTiming: OnBootPhase_480_com.android.server.GestureLauncherService
09-14 08:08:53.274  3883  3883 D SystemServerTiming: OnBootPhase_480_com.android.server.SensorNotificationService
09-14 08:08:53.274  3883  3883 D SystemServerTiming: OnBootPhase_480_com.android.server.emergency.EmergencyAffordanceService
09-14 08:08:53.274  3883  3883 D SystemServerTiming: OnBootPhase_480_com.android.server.blob.BlobStoreManagerService
09-14 08:08:53.274  3883  3883 D SystemServerTiming: OnBootPhase_480_com.android.server.dreams.DreamManagerService
09-14 08:08:53.274  3883  3883 D SystemServerTiming: OnBootPhase_480_com.android.server.print.PrintManagerService
09-14 08:08:53.274  3883  3883 D SystemServerTiming: OnBootPhase_480_com.android.server.security.AttestationVerificationManagerService
09-14 08:08:53.274  3883  3883 D SystemServerTiming: OnBootPhase_480_com.android.server.companion.CompanionDeviceManagerService
09-14 08:08:53.274  3883  3883 D SystemServerTiming: OnBootPhase_480_com.android.server.companion.virtual.VirtualDeviceManagerService
09-14 08:08:53.274  3883  3883 D SystemServerTiming: OnBootPhase_480_com.android.server.restrictions.RestrictionsManagerService
09-14 08:08:53.274  3883  3883 D SystemServerTiming: OnBootPhase_480_com.android.server.media.MediaSessionService
09-14 08:08:53.274  3883  3883 D SystemServerTiming: OnBootPhase_480_com.android.server.media.MediaResourceMonitorService
09-14 08:08:53.274  3883  3883 D SystemServerTiming: OnBootPhase_480_com.android.server.biometrics.sensors.fingerprint.FingerprintService
09-14 08:08:53.274  3883  3883 D SystemServerTiming: OnBootPhase_480_com.android.server.biometrics.BiometricService
09-14 08:08:53.274  3883  3883 D SystemServerTiming: OnBootPhase_480_com.android.server.biometrics.AuthService
09-14 08:08:53.274  3883  3883 D SystemServerTiming: OnBootPhase_480_com.android.server.pm.ShortcutService$Lifecycle
09-14 08:08:53.275  3883  3883 D SystemServerTiming: OnBootPhase_480_com.android.server.pm.LauncherAppsService
09-14 08:08:53.275  3883  3883 D SystemServerTiming: OnBootPhase_480_com.android.server.pm.CrossProfileAppsService
09-14 08:08:53.275  3883  3883 D SystemServerTiming: OnBootPhase_480_com.android.server.pocket.PocketService
09-14 08:08:53.275  3883  3883 W PocketService: Un-handled boot phase:480
09-14 08:08:53.275  3883  3883 D SystemServerTiming: OnBootPhase_480_com.android.server.people.PeopleService
09-14 08:08:53.275  3883  3883 D SystemServerTiming: OnBootPhase_480_com.android.server.media.metrics.MediaMetricsManagerService
09-14 08:08:53.275  3883  3883 D SystemServerTiming: OnBootPhase_480_com.android.server.lineage.LineageHardwareService
09-14 08:08:53.275  3883  3883 D SystemServerTiming: OnBootPhase_480_com.android.server.lineage.display.LiveDisplayService
09-14 08:08:53.275  3883  3883 D SystemServerTiming: OnBootPhase_480_com.android.server.media.projection.MediaProjectionManagerService
09-14 08:08:53.275  3883  3883 D SystemServerTiming: OnBootPhase_480_com.android.server.slice.SliceManagerService$Lifecycle
09-14 08:08:53.275  3883  3883 D SystemServerTiming: OnBootPhase_480_com.android.server.stats.StatsCompanion$Lifecycle
09-14 08:08:53.275  3883  3883 D SystemServerTiming: OnBootPhase_480_com.android.server.scheduling.RebootReadinessManagerService$Lifecycle
09-14 08:08:53.275  3883  3883 D SystemServerTiming: OnBootPhase_480_com.android.server.stats.pull.StatsPullAtomService
09-14 08:08:53.275  3883  3883 D SystemServerTiming: OnBootPhase_480_com.android.server.stats.bootstrap.StatsBootstrapAtomService$Lifecycle
09-14 08:08:53.275  3883  3883 D SystemServerTiming: OnBootPhase_480_com.android.server.incident.IncidentCompanionService
09-14 08:08:53.275  3883  3883 D SystemServerTiming: OnBootPhase_480_com.android.server.sdksandbox.SdkSandboxManagerService$Lifecycle
09-14 08:08:53.275  3883  3883 D SystemServerTiming: OnBootPhase_480_com.android.server.adservices.AdServicesManagerService$Lifecycle
09-14 08:08:53.275  3883  3883 D SystemServerTiming: OnBootPhase_480_com.android.server.MmsServiceBroker
09-14 08:08:53.275  3883  3883 D SystemServerTiming: OnBootPhase_480_com.android.server.autofill.AutofillManagerService
09-14 08:08:53.275  3883  3883 D SystemServerTiming: OnBootPhase_480_com.android.server.clipboard.ClipboardService
09-14 08:08:53.275  3883  3883 D SystemServerTiming: OnBootPhase_480_com.android.server.appbinding.AppBindingService$Lifecycle
09-14 08:08:53.275  3883  3883 D SystemServerTiming: OnBootPhase_480_com.android.server.tracing.TracingServiceProxy
09-14 08:08:53.275  3883  3883 D SystemServerTiming: StartBootPhaseSystemServicesReady
09-14 08:08:53.275  3883  3883 I SystemServiceManager: Starting phase 500
09-14 08:08:53.275  3883  3883 D SystemServerTiming: OnBootPhase_500
09-14 08:08:53.275  3883  3883 D SystemServerTiming: OnBootPhase_500_com.android.server.security.FileIntegrityService
09-14 08:08:53.275  3883  3883 D SystemServerTiming: OnBootPhase_500_com.android.server.pm.Installer
09-14 08:08:53.275  3883  3883 D SystemServerTiming: OnBootPhase_500_com.android.server.os.DeviceIdentifiersPolicyService
09-14 08:08:53.275  3883  3883 D SystemServerTiming: OnBootPhase_500_com.android.server.uri.UriGrantsManagerService$Lifecycle
09-14 08:08:53.276  3883  3883 D SystemServerTiming: OnBootPhase_500_com.android.server.powerstats.PowerStatsService
09-14 08:08:53.276  3883  3883 E StatsPullAtomCallbackImpl: Failed to start PowerStatsService statsd pullers
09-14 08:08:53.276  3883  3883 D SystemServerTiming: OnBootPhase_500_com.android.server.wm.ActivityTaskManagerService$Lifecycle
09-14 08:08:53.276  3883  3883 D SystemServerTiming: OnBootPhase_500_com.android.server.am.ActivityManagerService$Lifecycle
09-14 08:08:53.279  3883  3883 E BatteryStatsService: Could not register PowerStatsInternal
09-14 08:08:53.280  3883  3883 D SystemServerTiming: OnBootPhase_500_com.android.server.pm.DataLoaderManagerService
09-14 08:08:53.280  3883  3883 D SystemServerTiming: OnBootPhase_500_com.android.server.power.PowerManagerService
09-14 08:08:53.280  3883  3883 I AttentionDetector: readValuesFromDeviceConfig():
09-14 08:08:53.280  3883  3883 I AttentionDetector: mMaximumExtensionMillis=900000
09-14 08:08:53.280  3883  3883 I AttentionDetector: mPreDimCheckDurationMillis=2000
09-14 08:08:53.280  3883  3883 I AttentionDetector: mRequestedPostDimTimeoutMillis=0
09-14 08:08:53.284  3883  3883 E DisplayPowerController[0]: failed to set up display white-balance: java.lang.IllegalStateException: cannot find light sensor
09-14 08:08:53.288  3883  3976 W KeyguardServiceDelegate: onScreenTurningOn(): no keyguard service!
09-14 08:08:53.288  3883  3883 I FaceDownDetector: readValuesFromDeviceConfig():
09-14 08:08:53.288  3883  3883 I FaceDownDetector: mAccelerationThreshold=0.2
09-14 08:08:53.288  3883  3883 I FaceDownDetector: mZAccelerationThreshold=-9.5
09-14 08:08:53.288  3883  3883 I FaceDownDetector: mTimeThreshold=PT1S
09-14 08:08:53.288  3883  3883 I FaceDownDetector: mIsEnabled=true
09-14 08:08:53.289  3883  3976 V DisplayPowerController[0]: Brightness [0.45882353] reason changing to: 'override', previous reason: '0'.
09-14 08:08:53.289  3883  3976 I DisplayPowerController[0]: BrightnessEvent: disp=0, brt=0.45882353, rcmdBrt=NaN, preBrt=NaN, lux=0.0, preLux=0.0, hbmMax=1.0, hbmMode=off, thrmMax=1.0, flags=, reason=override
09-14 08:08:53.293  3883  3883 I ScreenUndimDetector: readValuesFromDeviceConfig():
09-14 08:08:53.293  3883  3883 I ScreenUndimDetector: mKeepScreenOnForMillis=600000
09-14 08:08:53.293  3883  3883 I ScreenUndimDetector: mKeepScreenOnNotificationEnabled=true
09-14 08:08:53.293  3883  3883 I ScreenUndimDetector: mUndimsRequired=2
09-14 08:08:53.296  3883  3883 D SystemServerTiming: OnBootPhase_500_com.android.server.power.ThermalManagerService
09-14 08:08:53.296  3883  3883 D SystemServerTiming: OnBootPhase_500_com.android.server.power.hint.HintManagerService
09-14 08:08:53.296  3883  3883 V HintManagerService: Initializing HintManager service...
09-14 08:08:53.296  3883  3883 V HistoricalRegistry: Interaction before persistence initialized
09-14 08:08:53.296  3883  3883 D SystemServerTiming: OnBootPhase_500_com.android.server.recoverysystem.RecoverySystemService$Lifecycle
09-14 08:08:53.296  3883  3883 D SystemServerTiming: OnBootPhase_500_com.android.server.lights.LightsService
09-14 08:08:53.296  3883  3883 D SystemServerTiming: OnBootPhase_500_com.android.server.display.DisplayManagerService
09-14 08:08:53.296  3883  3883 D SystemServerTiming: OnBootPhase_500_com.android.server.pm.verify.domain.DomainVerificationService
09-14 08:08:53.296  3883  3883 D SystemServerTiming: OnBootPhase_500_com.android.server.pm.PackageInstallerService$Lifecycle
09-14 08:08:53.296  3883  3883 D SystemServerTiming: OnBootPhase_500_com.android.server.pm.UserManagerService$LifeCycle
09-14 08:08:53.296  3883  3883 D SystemServerTiming: OnBootPhase_500_com.android.server.om.OverlayManagerService
09-14 08:08:53.296  3883  3883 D SystemServerTiming: OnBootPhase_500_com.android.server.resources.ResourcesManagerService
09-14 08:08:53.296  3883  3883 D SystemServerTiming: OnBootPhase_500_com.android.server.sensorprivacy.SensorPrivacyService
09-14 08:08:53.302  3883  3883 D SystemServerTiming: OnBootPhase_500_com.android.server.sensors.SensorService
09-14 08:08:53.302  3883  3883 D SystemServerTiming: OnBootPhase_500_com.android.server.SystemConfigService
09-14 08:08:53.302  3883  3883 D SystemServerTiming: OnBootPhase_500_com.android.server.BatteryService
09-14 08:08:53.302  3883  3883 D SystemServerTiming: OnBootPhase_500_com.android.server.usage.UsageStatsService
09-14 08:08:53.302  3883  3883 D AppStandbyController: Setting app idle enabled state
09-14 08:08:53.310  3883  3883 V HistoricalRegistry: Interaction before persistence initialized
09-14 08:08:53.310  3883  3883 D SystemServerTiming: OnBootPhase_500_com.android.server.webkit.WebViewUpdateService
09-14 08:08:53.310  3883  3883 D SystemServerTiming: OnBootPhase_500_com.android.server.CachedDeviceStateService
09-14 08:08:53.310  3883  3883 D SystemServerTiming: OnBootPhase_500_com.android.server.BinderCallsStatsService$LifeCycle
09-14 08:08:53.314  3883  3883 D SystemServerTiming: OnBootPhase_500_com.android.server.LooperStatsService$Lifecycle
09-14 08:08:53.315  3883  3883 D SystemServerTiming: OnBootPhase_500_com.android.server.rollback.RollbackManagerService
09-14 08:08:53.315  3883  3883 D SystemServerTiming: OnBootPhase_500_com.android.server.os.NativeTombstoneManagerService
09-14 08:08:53.315  3883  3883 D SystemServerTiming: OnBootPhase_500_com.android.server.os.BugreportManagerService
09-14 08:08:53.315  3883  3883 D SystemServerTiming: OnBootPhase_500_com.android.server.gpu.GpuService
09-14 08:08:53.315  3883  3883 D SystemServerTiming: OnBootPhase_500_com.android.server.security.KeyChainSystemService
09-14 08:08:53.315  3883  3883 D SystemServerTiming: OnBootPhase_500_com.android.server.BinaryTransparencyService
09-14 08:08:53.315  3883  3883 D SystemServerTiming: OnBootPhase_500_com.android.server.telecom.TelecomLoaderService
09-14 08:08:53.315  3883  3883 D SystemServerTiming: OnBootPhase_500_com.android.server.accounts.AccountManagerService$Lifecycle
09-14 08:08:53.315  3883  3883 D SystemServerTiming: OnBootPhase_500_com.android.server.content.ContentService$Lifecycle
09-14 08:08:53.315  3883  3883 D SystemServerTiming: OnBootPhase_500_com.android.server.DropBoxManagerService
09-14 08:08:53.315  3883  3883 D SystemServerTiming: OnBootPhase_500_com.android.role.RoleService
09-14 08:08:53.315  3883  3883 D SystemServerTiming: OnBootPhase_500_com.android.server.vibrator.VibratorManagerService$Lifecycle
09-14 08:08:53.315  3883  3883 V VibratorManagerService: Initializing VibratorManager service...
09-14 08:08:53.315  3883  3883 V HistoricalRegistry: Interaction before persistence initialized
09-14 08:08:53.316  3883  3883 V VibratorManagerService: VibratorManager service initialized
09-14 08:08:53.316  3883  3883 D SystemServerTiming: OnBootPhase_500_com.android.server.tare.InternalResourceService
09-14 08:08:53.317  3883  3883 D SystemServerTiming: OnBootPhase_500_com.android.server.alarm.AlarmManagerService
09-14 08:08:53.318  3883  3883 D SystemServerTiming: OnBootPhase_500_com.android.server.devicestate.DeviceStateManagerService
09-14 08:08:53.318  3883  3883 D SystemServerTiming: OnBootPhase_500_com.android.server.camera.CameraServiceProxy
09-14 08:08:53.318  3883  3883 D SystemServerTiming: OnBootPhase_500_com.android.server.bluetooth.BluetoothService
09-14 08:08:53.318  3883  3883 D SystemServerTiming: OnBootPhase_500_com.android.server.connectivity.IpConnectivityMetrics
09-14 08:08:53.319  3883  3883 D SystemServerTiming: OnBootPhase_500_com.android.server.net.watchlist.NetworkWatchlistService$Lifecycle
09-14 08:08:53.319  3883  3883 D SystemServerTiming: OnBootPhase_500_com.android.server.PinnerService
09-14 08:08:53.319  3883  3883 D SystemServerTiming: OnBootPhase_500_com.android.server.integrity.AppIntegrityManagerService
09-14 08:08:53.319  3883  3883 D SystemServerTiming: OnBootPhase_500_com.android.server.logcat.LogcatManagerService
09-14 08:08:53.319  3883  3883 D SystemServerTiming: OnBootPhase_500_com.android.server.display.AutoAODService
09-14 08:08:53.319  3883  3883 V AutoAODService: onBootPhase PHASE_SYSTEM_SERVICES_READY
09-14 08:08:53.319  3883  3883 D SystemServerTiming: OnBootPhase_500_com.android.server.inputmethod.InputMethodManagerService$Lifecycle
09-14 08:08:53.319  3883  3883 D SystemServerTiming: OnBootPhase_500_com.android.server.accessibility.AccessibilityManagerService$Lifecycle
09-14 08:08:53.319  3883  3883 D SystemServerTiming: OnBootPhase_500_com.android.server.StorageManagerService$Lifecycle
09-14 08:08:53.320  3883  3883 D SystemServerTiming: OnBootPhase_500_com.android.server.usage.StorageStatsService$Lifecycle
09-14 08:08:53.320  3883  3883 D SystemServerTiming: OnBootPhase_500_com.android.server.UiModeManagerService
09-14 08:08:53.322  3883  3883 I ActivityTaskManager: Config changes=200 {1.0 ?mcc?mnc [en_US] ldltr sw440dp w440dp h929dp 392dpi nrml long port night finger -keyb/h/h -nav/h winConfig={ mBounds=Rect(0, 0 - 1080, 2400) mAppBounds=Rect(0, 123 - 1080, 2400) mMaxBounds=Rect(0, 0 - 1080, 2400) mDisplayRotation=ROTATION_0 mWindowingMode=fullscreen mDisplayWindowingMode=fullscreen mActivityType=undefined mAlwaysOnTop=undefined mRotation=ROTATION_0} s.6 ?fontWeightAdjustment}
09-14 08:08:53.323  3883  3883 I WindowManager: Override config changes=200 {1.0 ?mcc?mnc [en_US] ldltr sw440dp w440dp h929dp 392dpi nrml long port night finger -keyb/h/h -nav/h winConfig={ mBounds=Rect(0, 0 - 1080, 2400) mAppBounds=Rect(0, 123 - 1080, 2400) mMaxBounds=Rect(0, 0 - 1080, 2400) mDisplayRotation=ROTATION_0 mWindowingMode=fullscreen mDisplayWindowingMode=fullscreen mActivityType=undefined mAlwaysOnTop=undefined mRotation=ROTATION_0} s.6 ?fontWeightAdjustment} for displayId=0
09-14 08:08:53.323  3883  3883 D SystemServerTiming: OnBootPhase_500_com.android.server.locales.LocaleManagerService
09-14 08:08:53.323  3883  3883 D SystemServerTiming: OnBootPhase_500_com.android.server.locksettings.LockSettingsService$Lifecycle
09-14 08:08:53.323  3883  3883 D SystemServerTiming: OnBootPhase_500_com.android.server.PersistentDataBlockService
09-14 08:08:53.323  3883  3883 D SystemServerTiming: OnBootPhase_500_com.android.server.testharness.TestHarnessModeService
09-14 08:08:53.323  3883  3883 D TestHarnessModeService: Setting up test harness mode
09-14 08:08:53.323  3883  3883 D TestHarnessModeService: Getting PersistentDataBlockManagerInternal from LocalServices
09-14 08:08:53.324  3883  3917 D PinnerService: pinRangeStream: null
09-14 08:08:53.326  3883  3883 D SystemServerTiming: OnBootPhase_500_com.android.server.oemlock.OemLockService
09-14 08:08:53.326  3883  3883 D SystemServerTiming: OnBootPhase_500_com.android.server.DeviceIdleController
09-14 08:08:53.327  3883  3883 V HistoricalRegistry: Interaction before persistence initialized
09-14 08:08:53.328  3883  3917 D PinnerService: pinRangeStream: null
09-14 08:08:53.328  3883  3883 D SystemServerTiming: OnBootPhase_500_com.android.server.devicepolicy.DevicePolicyManagerService$Lifecycle
09-14 08:08:53.328  3883  3883 D SystemServerTiming: OnBootPhase_500_com.android.server.musicrecognition.MusicRecognitionManagerService
09-14 08:08:53.328  3883  3883 D SystemServerTiming: OnBootPhase_500_com.android.server.contentcapture.ContentCaptureManagerService
09-14 08:08:53.328  3883  3883 D SystemServerTiming: OnBootPhase_500_com.android.server.attention.AttentionManagerService
09-14 08:08:53.328  3883  3917 D PinnerService: pinRangeStream: null
09-14 08:08:53.328  3883  3883 I AttentionManagerService: readValuesFromDeviceConfig():
09-14 08:08:53.328  3883  3883 I AttentionManagerService: mIsServiceEnabled=true
09-14 08:08:53.328  3883  3883 I AttentionManagerService: mStaleAfterMillis=1000
09-14 08:08:53.328  3883  3883 D SystemServerTiming: OnBootPhase_500_com.android.server.rotationresolver.RotationResolverManagerService
09-14 08:08:53.328  3883  3883 D SystemServerTiming: OnBootPhase_500_com.android.server.systemcaptions.SystemCaptionsManagerService
09-14 08:08:53.328  3883  3883 D SystemServerTiming: OnBootPhase_500_com.android.server.texttospeech.TextToSpeechManagerService
09-14 08:08:53.328  3883  3883 D SystemServerTiming: OnBootPhase_500_com.android.server.ambientcontext.AmbientContextManagerService
09-14 08:08:53.328  3883  3883 D SystemServerTiming: OnBootPhase_500_com.android.server.speech.SpeechRecognitionManagerService
09-14 08:08:53.328  3883  3883 D SystemServerTiming: OnBootPhase_500_com.android.server.appprediction.AppPredictionManagerService
09-14 08:08:53.328  3883  3883 D SystemServerTiming: OnBootPhase_500_com.android.server.contentsuggestions.ContentSuggestionsManagerService
09-14 08:08:53.328  3883  3883 D SystemServerTiming: OnBootPhase_500_com.android.server.searchui.SearchUiManagerService
09-14 08:08:53.328  3883  3883 D SystemServerTiming: OnBootPhase_500_com.android.server.smartspace.SmartspaceManagerService
09-14 08:08:53.328  3883  3883 D SystemServerTiming: OnBootPhase_500_com.android.server.cloudsearch.CloudSearchManagerService
09-14 08:08:53.328  3883  3883 D SystemServerTiming: OnBootPhase_500_com.android.server.graphics.fonts.FontManagerService$Lifecycle
09-14 08:08:53.328  3883  3883 D SystemServerTiming: OnBootPhase_500_com.android.server.textservices.TextServicesManagerService$Lifecycle
09-14 08:08:53.328  3883  3883 D SystemServerTiming: OnBootPhase_500_com.android.server.textclassifier.TextClassificationManagerService$Lifecycle
09-14 08:08:53.329  3883  3883 D SystemServerTiming: OnBootPhase_500_com.android.server.NetworkScoreService$Lifecycle
09-14 08:08:53.329  3883  3883 D SystemServerTiming: OnBootPhase_500_com.android.server.NetworkStatsServiceInitializer
09-14 08:08:53.329  3883  3883 D SystemServerTiming: OnBootPhase_500_com.android.server.wifi.WifiService
09-14 08:08:53.329  3883  3883 D SystemServerTiming: OnBootPhase_500_com.android.server.wifi.scanner.WifiScanningService
09-14 08:08:53.329  3883  3883 D SystemServerTiming: OnBootPhase_500_com.android.server.wifi.p2p.WifiP2pService
09-14 08:08:53.330  3883  3883 D SystemServerTiming: OnBootPhase_500_com.android.server.ConnectivityServiceInitializer
09-14 08:08:53.331  3883  3883 D SystemServerTiming: OnBootPhase_500_com.android.server.notification.NotificationManagerService
09-14 08:08:53.332  3883  3883 D SystemServerTiming: OnBootPhase_500_com.android.server.storage.DeviceStorageMonitorService
09-14 08:08:53.332  3883  3883 D SystemServerTiming: OnBootPhase_500_com.android.server.location.LocationManagerService$Lifecycle
09-14 08:08:53.336  3883  3883 V HistoricalRegistry: Interaction before persistence initialized
09-14 08:08:53.336  3883  3883 D SystemServerTiming: OnBootPhase_500_com.android.server.timedetector.TimeDetectorService$Lifecycle
09-14 08:08:53.336  3883  3883 D SystemServerTiming: OnBootPhase_500_com.android.server.timezonedetector.TimeZoneDetectorService$Lifecycle
09-14 08:08:53.336  3883  3883 D SystemServerTiming: OnBootPhase_500_com.android.server.timezonedetector.location.LocationTimeZoneManagerService$Lifecycle
09-14 08:08:53.336  3883  3883 D SystemServerTiming: OnBootPhase_500_com.android.server.search.SearchManagerService$Lifecycle
09-14 08:08:53.336  3883  3883 D SystemServerTiming: OnBootPhase_500_com.android.server.wallpaper.WallpaperManagerService$Lifecycle
09-14 08:08:53.336  3883  3883 D SystemServerTiming: OnBootPhase_500_com.android.server.wallpapereffectsgeneration.WallpaperEffectsGenerationManagerService
09-14 08:08:53.336  3883  3883 D SystemServerTiming: OnBootPhase_500_com.android.server.audio.AudioService$Lifecycle
09-14 08:08:53.336  3883  3883 D SystemServerTiming: OnBootPhase_500_com.android.server.soundtrigger_middleware.SoundTriggerMiddlewareService$Lifecycle
09-14 08:08:53.336  3883  3883 D SystemServerTiming: OnBootPhase_500_com.android.server.DockObserver
09-14 08:08:53.336  3883  3883 D SystemServerTiming: OnBootPhase_500_com.android.server.midi.MidiService$Lifecycle
09-14 08:08:53.336  3883  3883 D SystemServerTiming: OnBootPhase_500_com.android.server.adb.AdbService$Lifecycle
09-14 08:08:53.336  3883  3883 D SystemServerTiming: OnBootPhase_500_com.android.server.usb.UsbService$Lifecycle
09-14 08:08:53.336  3883  3883 D SystemServerTiming: OnBootPhase_500_com.android.server.twilight.TwilightService
09-14 08:08:53.336  3883  3883 D SystemServerTiming: OnBootPhase_500_com.android.server.display.color.ColorDisplayService
09-14 08:08:53.336  3883  3883 D SystemServerTiming: OnBootPhase_500_com.android.server.job.JobSchedulerService
09-14 08:08:53.337  3883  3917 D PinnerService: pinRangeStream: java.util.zip.ZipFile$ZipFileInflaterInputStream@1d4c079
09-14 08:08:53.344  3883  3883 V HistoricalRegistry: Interaction before persistence initialized
09-14 08:08:53.344  3883  3883 D SystemServerTiming: OnBootPhase_500_com.android.server.soundtrigger.SoundTriggerService
09-14 08:08:53.344  3883  3883 D SoundTriggerService: onBootPhase: 500 : false
09-14 08:08:53.344  3883  3883 D SystemServerTiming: OnBootPhase_500_com.android.server.trust.TrustManagerService
09-14 08:08:53.345  3883  3883 D SystemServerTiming: OnBootPhase_500_com.android.server.backup.BackupManagerService$Lifecycle
09-14 08:08:53.345  3883  3883 D SystemServerTiming: OnBootPhase_500_com.android.server.appwidget.AppWidgetService
09-14 08:08:53.345  3883  3883 D SystemServerTiming: OnBootPhase_500_com.android.server.voiceinteraction.VoiceInteractionManagerService
09-14 08:08:53.345  3883  3883 D SystemServerTiming: OnBootPhase_500_com.android.server.apphibernation.AppHibernationService
09-14 08:08:53.345  3883  3883 D SystemServerTiming: OnBootPhase_500_com.android.server.GestureLauncherService
09-14 08:08:53.345  3883  3883 D SystemServerTiming: OnBootPhase_500_com.android.server.SensorNotificationService
09-14 08:08:53.345  3883  3883 D SystemServerTiming: OnBootPhase_500_com.android.server.emergency.EmergencyAffordanceService
09-14 08:08:53.345  3883  3883 D SystemServerTiming: OnBootPhase_500_com.android.server.blob.BlobStoreManagerService
09-14 08:08:53.345  3883  3883 D SystemServerTiming: OnBootPhase_500_com.android.server.dreams.DreamManagerService
09-14 08:08:53.345  3883  3883 D SystemServerTiming: OnBootPhase_500_com.android.server.print.PrintManagerService
09-14 08:08:53.345  3883  3883 D SystemServerTiming: OnBootPhase_500_com.android.server.security.AttestationVerificationManagerService
09-14 08:08:53.345  3883  3883 D SystemServerTiming: OnBootPhase_500_com.android.server.companion.CompanionDeviceManagerService
09-14 08:08:53.346  3883  3883 D SystemServerTiming: OnBootPhase_500_com.android.server.companion.virtual.VirtualDeviceManagerService
09-14 08:08:53.346  3883  3883 D SystemServerTiming: OnBootPhase_500_com.android.server.restrictions.RestrictionsManagerService
09-14 08:08:53.346  3883  3883 D SystemServerTiming: OnBootPhase_500_com.android.server.media.MediaSessionService
09-14 08:08:53.346  3883  3883 D SystemServerTiming: OnBootPhase_500_com.android.server.media.MediaResourceMonitorService
09-14 08:08:53.346  3883  3883 D SystemServerTiming: OnBootPhase_500_com.android.server.biometrics.sensors.fingerprint.FingerprintService
09-14 08:08:53.346  3883  3883 D SystemServerTiming: OnBootPhase_500_com.android.server.biometrics.BiometricService
09-14 08:08:53.346  3883  3883 D SystemServerTiming: OnBootPhase_500_com.android.server.biometrics.AuthService
09-14 08:08:53.346  3883  3883 D SystemServerTiming: OnBootPhase_500_com.android.server.pm.ShortcutService$Lifecycle
09-14 08:08:53.346  3883  3883 D SystemServerTiming: OnBootPhase_500_com.android.server.pm.LauncherAppsService
09-14 08:08:53.346  3883  3883 D SystemServerTiming: OnBootPhase_500_com.android.server.pm.CrossProfileAppsService
09-14 08:08:53.346  3883  3883 D SystemServerTiming: OnBootPhase_500_com.android.server.pocket.PocketService
09-14 08:08:53.346  3883  3883 D SystemServerTiming: OnBootPhase_500_com.android.server.people.PeopleService
09-14 08:08:53.346  3883  3883 D SystemServerTiming: OnBootPhase_500_com.android.server.media.metrics.MediaMetricsManagerService
09-14 08:08:53.346  3883  3883 D SystemServerTiming: OnBootPhase_500_com.android.server.lineage.LineageHardwareService
09-14 08:08:53.346  3883  3883 D SystemServerTiming: OnBootPhase_500_com.android.server.lineage.display.LiveDisplayService
09-14 08:08:53.346  3883  3883 D SystemServerTiming: OnBootPhase_500_com.android.server.media.projection.MediaProjectionManagerService
09-14 08:08:53.346  3883  3883 D SystemServerTiming: OnBootPhase_500_com.android.server.slice.SliceManagerService$Lifecycle
09-14 08:08:53.346  3883  3883 D SystemServerTiming: OnBootPhase_500_com.android.server.stats.StatsCompanion$Lifecycle
09-14 08:08:53.346  3883  3883 D SystemServerTiming: OnBootPhase_500_com.android.server.scheduling.RebootReadinessManagerService$Lifecycle
09-14 08:08:53.346  3883  3883 D SystemServerTiming: OnBootPhase_500_com.android.server.stats.pull.StatsPullAtomService
09-14 08:08:53.346  3883  3883 D SystemServerTiming: OnBootPhase_500_com.android.server.stats.bootstrap.StatsBootstrapAtomService$Lifecycle
09-14 08:08:53.346  3883  3883 D SystemServerTiming: OnBootPhase_500_com.android.server.incident.IncidentCompanionService
09-14 08:08:53.346  3883  3883 D SystemServerTiming: OnBootPhase_500_com.android.server.sdksandbox.SdkSandboxManagerService$Lifecycle
09-14 08:08:53.346  3883  3883 D SystemServerTiming: OnBootPhase_500_com.android.server.adservices.AdServicesManagerService$Lifecycle
09-14 08:08:53.346  3883  3883 D SystemServerTiming: OnBootPhase_500_com.android.server.MmsServiceBroker
09-14 08:08:53.346  3883  3883 D SystemServerTiming: OnBootPhase_500_com.android.server.autofill.AutofillManagerService
09-14 08:08:53.346  3883  3883 D SystemServerTiming: OnBootPhase_500_com.android.server.clipboard.ClipboardService
09-14 08:08:53.346  3883  3883 D SystemServerTiming: OnBootPhase_500_com.android.server.appbinding.AppBindingService$Lifecycle
09-14 08:08:53.346  3883  3883 D SystemServerTiming: OnBootPhase_500_com.android.server.tracing.TracingServiceProxy
09-14 08:08:53.346  3883  3883 D SystemServerTiming: MakeWindowManagerServiceReady
