09-14 08:08:54.695  3883  3883 E ContentCapturePerUserService: Bad service name: com.google.android.as/com.google.android.apps.miphone.aiai.app.AiAiContentCaptureService
09-14 08:08:54.695  3883  3883 I ContentSuggestionsManagerService: Updating for user 0: disabled=false
09-14 08:08:54.695  3883  3883 E ContentSuggestionsPerUserService: Bad service name: com.google.android.as/com.google.android.apps.miphone.aiai.app.AiAiContentSuggestionsService
09-14 08:08:54.695  3883  3883 I AutofillManagerService: Updating for user 0: disabled=false
09-14 08:08:54.695  3883  3883 E AutofillManagerServiceImpl: Bad service name: com.google.android.gms/.autofill.service.AutofillService
09-14 08:08:54.695  3883  3883 E RemoteAugmentedAutofillService: Bad service name for flags 1048704: com.google.android.as/com.google.android.apps.miphone.aiai.app.AiAiAugmentedAutofillService
09-14 08:08:54.701  3883  3883 W ActivityManager: Unbind failed: could not find connection for android.app.LoadedApk$ServiceDispatcher$InnerConnection@214095d
09-14 08:08:54.701  3883  3883 W ActivityManager: Unbind failed: could not find connection for android.app.LoadedApk$ServiceDispatcher$InnerConnection@85082d2
09-14 08:08:54.702  3883  3883 W ActivityManager: Unbind failed: could not find connection for android.app.LoadedApk$ServiceDispatcher$InnerConnection@28fdfa3
09-14 08:08:54.702  3883  3883 W ActivityManager: Unbind failed: could not find connection for android.app.LoadedApk$ServiceDispatcher$InnerConnection@87812a0
09-14 08:08:54.702  3883  3883 I ExplicitHealthCheckController: Explicit health check service is connected ComponentInfo{android.ext.services/android.ext.services.watchdog.ExplicitHealthCheckServiceImpl}
09-14 08:08:54.702  3883  3883 I ExplicitHealthCheckController: Service initialized, syncing requests
09-14 08:08:54.718  3883  3883 I ConnectivityModuleConnector: Networking module service connected
09-14 08:08:54.726  3883  3883 I ConnectivityModuleConnector: Networking module service connected
09-14 08:08:54.727  3883  3883 I Telecom : WiredHeadsetManager: ACTION_HEADSET_PLUG event, plugged in: false, : WHC.oADA@AAE
09-14 08:08:54.732  3883  3883 W ActivityManager: Unable to start service Intent { act=android.service.contentcapture.ContentCaptureService cmp=com.google.android.as/com.google.android.apps.miphone.aiai.app.AiAiContentCaptureService } U=0: not found
09-14 08:08:54.732  3883  3883 W RemoteContentCaptureService: could not bind to Intent { act=android.service.contentcapture.ContentCaptureService cmp=com.google.android.as/com.google.android.apps.miphone.aiai.app.AiAiContentCaptureService } using flags 67112961
09-14 08:08:54.732  3883  3883 W ContentCapturePerUserService: remote service died: RemoteContentCaptureService[ComponentInfo{com.google.android.as/com.google.android.apps.miphone.aiai.app.AiAiContentCaptureService} 201348548 (unbound)]
09-14 08:08:54.732  3883  3883 W ActivityManager: Unbind failed: could not find connection for android.app.LoadedApk$ServiceDispatcher$InnerConnection@fde6cad
09-14 08:08:54.732  3883  3883 W ActivityManager: Unable to start service Intent { act=android.service.contentcapture.ContentCaptureService cmp=com.google.android.as/com.google.android.apps.miphone.aiai.app.AiAiContentCaptureService } U=0: not found
09-14 08:08:54.733  3883  3883 W RemoteContentCaptureService: could not bind to Intent { act=android.service.contentcapture.ContentCaptureService cmp=com.google.android.as/com.google.android.apps.miphone.aiai.app.AiAiContentCaptureService } using flags 67112961
09-14 08:08:54.733  3883  3883 W ContentCapturePerUserService: remote service died: RemoteContentCaptureService[ComponentInfo{com.google.android.as/com.google.android.apps.miphone.aiai.app.AiAiContentCaptureService} 49331059 (unbound)]
09-14 08:08:54.733  3883  3883 W ActivityManager: Unbind failed: could not find connection for android.app.LoadedApk$ServiceDispatcher$InnerConnection@78f0a30
09-14 08:08:54.733  3883  3883 I PackageWatchdog: Syncing health check requests for packages: {}
09-14 08:08:54.733  3883  3883 D ExplicitHealthCheckController: Getting health check supported packages
09-14 08:08:54.734  3883  3883 W Looper  : Drained
09-14 08:08:54.736  3883  3900 I ExplicitHealthCheckController: Explicit health check supported packages [PackageConfig{com.android.networkstack, 86400000}]
09-14 08:08:54.736  3883  3900 D PackageWatchdog: Received supported packages [PackageConfig{com.android.networkstack, 86400000}]
09-14 08:08:54.736  3883  3900 D ExplicitHealthCheckController: Getting health check requested packages
09-14 08:08:54.737  3883  3900 I ExplicitHealthCheckController: Explicit health check requested packages []
09-14 08:08:54.737  3883  3900 I ExplicitHealthCheckController: No more health check requests, unbinding...
09-14 08:08:54.738  3883  3900 I ExplicitHealthCheckController: Explicit health check service is unbound
09-14 08:08:54.748  3883  4543 D ActivityTaskManager: Top Process State changed to PROCESS_STATE_TOP_SLEEPING
09-14 08:08:54.750  3883  4793 D CompatibilityChangeReporter: Compat change id reported: 161145287; UID 1001; state: DISABLED
09-14 08:08:54.772  3883  3900 I StatusBarManagerService: registerStatusBar bar=com.android.internal.statusbar.IStatusBar$Stub$Proxy@2356cdd
09-14 08:08:54.790  3883  3900 D CompatibilityChangeReporter: Compat change id reported: 161252188; UID 10304; state: ENABLED
09-14 08:08:54.792  3883  3900 D CompatibilityChangeReporter: Compat change id reported: 135634846; UID 10304; state: DISABLED
09-14 08:08:54.792  3883  3900 D CompatibilityChangeReporter: Compat change id reported: 177438394; UID 10304; state: DISABLED
09-14 08:08:54.792  3883  3900 D CompatibilityChangeReporter: Compat change id reported: 135772972; UID 10304; state: DISABLED
09-14 08:08:54.792  3883  3900 D CompatibilityChangeReporter: Compat change id reported: 135754954; UID 10304; state: ENABLED
09-14 08:08:54.792  3883  3919 D CompatibilityChangeReporter: Compat change id reported: 143937733; UID 10304; state: ENABLED
09-14 08:08:54.796  3883  3919 I ActivityManager: Start proc 5120:com.android.smspush/u0a304 for service {com.android.smspush/com.android.smspush.WapPushManager}
09-14 08:08:54.846  3883  4543 D CompatibilityChangeReporter: Compat change id reported: 168419799; UID 10304; state: DISABLED
09-14 08:08:54.870  3883  3900 D CompatibilityChangeReporter: Compat change id reported: 161252188; UID 10246; state: ENABLED
09-14 08:08:54.881  3883  4793 D CompatibilityChangeReporter: Compat change id reported: 168419799; UID 1001; state: DISABLED
09-14 08:08:54.891  3883  4793 D CompatibilityChangeReporter: Compat change id reported: 168419799; UID 10218; state: DISABLED
09-14 08:08:54.898  3883  4793 D CompatibilityChangeReporter: Compat change id reported: 124107808; UID 1001; state: ENABLED
09-14 08:08:54.898  3883  4793 D CompatibilityChangeReporter: Compat change id reported: 124107808; UID 1001; state: DISABLED
09-14 08:08:54.904  3883  4793 D CoreBackPreview: Window{bd9a5bf u0 NavigationBar0}: Setting back callback OnBackInvokedCallbackInfo{mCallback=android.window.IOnBackInvokedCallback$Stub$Proxy@943cd78, mPriority=0}
09-14 08:08:54.909  3883  3900 D CompatibilityChangeReporter: Compat change id reported: 182478738; UID 1001; state: ENABLED
09-14 08:08:54.918  3883  4543 D CoreBackPreview: Window{9c4251c u0 NotificationShade}: Setting back callback OnBackInvokedCallbackInfo{mCallback=android.window.IOnBackInvokedCallback$Stub$Proxy@a563087, mPriority=0}
09-14 08:08:54.921  3883  4543 D CoreBackPreview: Window{d0b1a9e u0 StatusBar}: Setting back callback OnBackInvokedCallbackInfo{mCallback=android.window.IOnBackInvokedCallback$Stub$Proxy@6900195, mPriority=0}
09-14 08:08:54.971  3883  3900 E WindowManager: Window Session Crash
09-14 08:08:54.971  3883  3900 E WindowManager: java.lang.IllegalArgumentException: Requested window android.os.BinderProxy@1afa3eb does not exist
09-14 08:08:54.971  3883  3900 E WindowManager: 	at com.android.server.wm.WindowManagerService.windowForClientLocked(WindowManagerService.java:5913)
09-14 08:08:54.971  3883  3900 E WindowManager: 	at com.android.server.wm.Session.actionOnWallpaper(Session.java:563)
09-14 08:08:54.971  3883  3900 E WindowManager: 	at com.android.server.wm.Session.setShouldZoomOutWallpaper(Session.java:600)
09-14 08:08:54.971  3883  3900 E WindowManager: 	at android.view.IWindowSession$Stub.onTransact(IWindowSession.java:964)
09-14 08:08:54.971  3883  3900 E WindowManager: 	at com.android.server.wm.Session.onTransact(Session.java:175)
09-14 08:08:54.971  3883  3900 E WindowManager: 	at android.os.Binder.execTransactInternal(Binder.java:1285)
09-14 08:08:54.971  3883  3900 E WindowManager: 	at android.os.Binder.execTransact(Binder.java:1244)
09-14 08:08:54.972  3883  3918 I DropBoxManagerService: add tag=system_server_wtf isTagEnabled=true flags=0x2
09-14 08:08:55.014  3883  3900 D CoreBackPreview: Window{fa06c25 u0 EdgeBackGestureHandler0}: Setting back callback OnBackInvokedCallbackInfo{mCallback=android.window.IOnBackInvokedCallback$Stub$Proxy@720b3ab, mPriority=0}
09-14 08:08:55.082  3883  5206 W ActivityManager: Unable to start service Intent { act=android.service.smartspace.SmartspaceService cmp=com.google.android.as/com.google.android.apps.miphone.aiai.app.AiAiSmartspaceService } U=0: not found
09-14 08:08:55.082  3883  5206 W RemoteSmartspaceService: could not bind to Intent { act=android.service.smartspace.SmartspaceService cmp=com.google.android.as/com.google.android.apps.miphone.aiai.app.AiAiSmartspaceService } using flags 67112961
09-14 08:08:55.082  3883  3883 W ActivityManager: Unbind failed: could not find connection for android.app.LoadedApk$ServiceDispatcher$InnerConnection@73134b
09-14 08:08:55.082  3883  5165 W ActivityManager: Unable to start service Intent { act=android.service.smartspace.SmartspaceService cmp=com.google.android.as/com.google.android.apps.miphone.aiai.app.AiAiSmartspaceService } U=0: not found
09-14 08:08:55.082  3883  5165 W RemoteSmartspaceService: could not bind to Intent { act=android.service.smartspace.SmartspaceService cmp=com.google.android.as/com.google.android.apps.miphone.aiai.app.AiAiSmartspaceService } using flags 67112961
09-14 08:08:55.082  3883  3883 W ActivityManager: Unbind failed: could not find connection for android.app.LoadedApk$ServiceDispatcher$InnerConnection@25d9927
09-14 08:08:55.082  3883  5165 W ActivityManager: Unable to start service Intent { act=android.service.smartspace.SmartspaceService cmp=com.google.android.as/com.google.android.apps.miphone.aiai.app.AiAiSmartspaceService } U=0: not found
09-14 08:08:55.082  3883  5165 W RemoteSmartspaceService: could not bind to Intent { act=android.service.smartspace.SmartspaceService cmp=com.google.android.as/com.google.android.apps.miphone.aiai.app.AiAiSmartspaceService } using flags 67112961
09-14 08:08:55.082  3883  4543 W ActivityManager: Unable to start service Intent { act=android.service.smartspace.SmartspaceService cmp=com.google.android.as/com.google.android.apps.miphone.aiai.app.AiAiSmartspaceService } U=0: not found
09-14 08:08:55.082  3883  4543 W RemoteSmartspaceService: could not bind to Intent { act=android.service.smartspace.SmartspaceService cmp=com.google.android.as/com.google.android.apps.miphone.aiai.app.AiAiSmartspaceService } using flags 67112961
09-14 08:08:55.083  3883  3883 W ActivityManager: Unbind failed: could not find connection for android.app.LoadedApk$ServiceDispatcher$InnerConnection@680a0c3
09-14 08:08:55.083  3883  3883 W ActivityManager: Unbind failed: could not find connection for android.app.LoadedApk$ServiceDispatcher$InnerConnection@f920d40
09-14 08:08:55.203  3883  4471 I VcnManagementService: new snapshot: TelephonySubscriptionSnapshot{ mActiveDataSubId=1, mSubIdToInfoMap={}, mSubIdToCarrierConfigMap={}, mPrivilegedPackages={} }
09-14 08:08:55.247  3883  5245 I DropBoxManagerService: add tag=system_app_wtf isTagEnabled=true flags=0x2
09-14 08:08:55.249  3883  4793 W ActivityManager: Unable to start service Intent { act=android.service.smartspace.SmartspaceService cmp=com.google.android.as/com.google.android.apps.miphone.aiai.app.AiAiSmartspaceService } U=0: not found
09-14 08:08:55.249  3883  4793 W RemoteSmartspaceService: could not bind to Intent { act=android.service.smartspace.SmartspaceService cmp=com.google.android.as/com.google.android.apps.miphone.aiai.app.AiAiSmartspaceService } using flags 67112961
09-14 08:08:55.249  3883  3883 W ActivityManager: Unbind failed: could not find connection for android.app.LoadedApk$ServiceDispatcher$InnerConnection@8122ce5
09-14 08:08:55.254  3883  4793 W ActivityManager: Unable to start service Intent { act=android.service.smartspace.SmartspaceService cmp=com.google.android.as/com.google.android.apps.miphone.aiai.app.AiAiSmartspaceService } U=0: not found
09-14 08:08:55.254  3883  4793 W RemoteSmartspaceService: could not bind to Intent { act=android.service.smartspace.SmartspaceService cmp=com.google.android.as/com.google.android.apps.miphone.aiai.app.AiAiSmartspaceService } using flags 67112961
09-14 08:08:55.254  3883  3883 W ActivityManager: Unbind failed: could not find connection for android.app.LoadedApk$ServiceDispatcher$InnerConnection@53c426b
09-14 08:08:55.257  3883  4793 D Fingerprint21: Daemon was null, reconnecting, current operation: null
09-14 08:08:55.260  3883  4793 D Fingerprint21: Fingerprint HAL ready, HAL ID: -5476376644509601792
09-14 08:08:55.263  3883  3883 D BiometricScheduler/Fingerprint21: [Added] {[0] com.android.server.biometrics.sensors.fingerprint.hidl.FingerprintUpdateActiveUserClient, proto=1, owner=android, cookie=0, requestId=-1, userId=0}, new queue size: 1
09-14 08:08:55.263  3883  3883 D BiometricScheduler/Fingerprint21: [Polled] {[0] com.android.server.biometrics.sensors.fingerprint.hidl.FingerprintUpdateActiveUserClient, proto=1, owner=android, cookie=0, requestId=-1, userId=0}, State: 0
09-14 08:08:55.263  3883  3883 D BiometricScheduler/Fingerprint21: [Started] {[0] com.android.server.biometrics.sensors.fingerprint.hidl.FingerprintUpdateActiveUserClient, proto=1, owner=android, cookie=0, requestId=-1, userId=0}
09-14 08:08:55.264  3883  3883 D FingerprintUpdateActiveUserClient: Setting active user: 0
09-14 08:08:55.264  3883  4793 W ActivityManager: Unable to start service Intent { act=android.service.smartspace.SmartspaceService cmp=com.google.android.as/com.google.android.apps.miphone.aiai.app.AiAiSmartspaceService } U=0: not found
09-14 08:08:55.264  3883  4793 W RemoteSmartspaceService: could not bind to Intent { act=android.service.smartspace.SmartspaceService cmp=com.google.android.as/com.google.android.apps.miphone.aiai.app.AiAiSmartspaceService } using flags 67112961
09-14 08:08:55.317  3883  5206 W ActivityManager: Unable to start service Intent { act=android.service.quickaccesswallet.QuickAccessWalletService cmp=com.google.android.gms/.tapandpay.globalactions.QuickAccessWalletService } U=0: not found
09-14 08:08:55.319  3883  3907 I ActivityTaskManager: Config changes=80000000 {1.0 ?mcc?mnc [en_US] ldltr sw440dp w440dp h929dp 392dpi nrml long hdr widecg port night finger -keyb/v/h -nav/h winConfig={ mBounds=Rect(0, 0 - 1080, 2400) mAppBounds=Rect(0, 123 - 1080, 2400) mMaxBounds=Rect(0, 0 - 1080, 2400) mDisplayRotation=ROTATION_0 mWindowingMode=fullscreen mDisplayWindowingMode=fullscreen mActivityType=undefined mAlwaysOnTop=undefined mRotation=ROTATION_0} as.2 s.15 fontWeightAdjustment=300}
09-14 08:08:55.336  3883  3907 I WindowManager: Override config changes=80000000 {1.0 ?mcc?mnc [en_US] ldltr sw440dp w440dp h929dp 392dpi nrml long hdr widecg port night finger -keyb/v/h -nav/h winConfig={ mBounds=Rect(0, 0 - 1080, 2400) mAppBounds=Rect(0, 123 - 1080, 2400) mMaxBounds=Rect(0, 0 - 1080, 2400) mDisplayRotation=ROTATION_0 mWindowingMode=fullscreen mDisplayWindowingMode=fullscreen mActivityType=undefined mAlwaysOnTop=undefined mRotation=ROTATION_0} as.2 s.15 fontWeightAdjustment=300} for displayId=0
09-14 08:08:55.346  3883  3883 D BiometricSchedulerOperation: [Finished / destroy]: {[0] com.android.server.biometrics.sensors.fingerprint.hidl.FingerprintUpdateActiveUserClient, proto=1, owner=android, cookie=0, requestId=-1, userId=0}
09-14 08:08:55.346  3883  3883 V BiometricSchedulerOperation: started: {[0] com.android.server.biometrics.sensors.fingerprint.hidl.FingerprintUpdateActiveUserClient, proto=1, owner=android, cookie=0, requestId=-1, userId=0}, State: 5
09-14 08:08:55.346  3883  3883 D BiometricScheduler/Fingerprint21: [Added] {[1] com.android.server.biometrics.sensors.fingerprint.hidl.FingerprintUpdateActiveUserClient, proto=1, owner=android, cookie=0, requestId=-1, userId=0}, new queue size: 1
09-14 08:08:55.346  3883  3883 V BiometricScheduler/Fingerprint21: Not idle, current operation: {[0] com.android.server.biometrics.sensors.fingerprint.hidl.FingerprintUpdateActiveUserClient, proto=1, owner=android, cookie=0, requestId=-1, userId=0}, State: 5
09-14 08:08:55.347  3883  3883 D BiometricScheduler/Fingerprint21: [Added] {[2] com.android.server.biometrics.sensors.fingerprint.hidl.FingerprintInternalCleanupClient, proto=7, owner=android, cookie=0, requestId=-1, userId=0}, new queue size: 2
09-14 08:08:55.347  3883  3883 V BiometricScheduler/Fingerprint21: Not idle, current operation: {[0] com.android.server.biometrics.sensors.fingerprint.hidl.FingerprintUpdateActiveUserClient, proto=1, owner=android, cookie=0, requestId=-1, userId=0}, State: 5
09-14 08:08:55.348  3883  3883 W ActivityManager: Unbind failed: could not find connection for android.app.LoadedApk$ServiceDispatcher$InnerConnection@6aa397b
09-14 08:08:55.363  3883  3883 D BiometricScheduler/Fingerprint21: [Finishing] {[0] com.android.server.biometrics.sensors.fingerprint.hidl.FingerprintUpdateActiveUserClient, proto=1, owner=android, cookie=0, requestId=-1, userId=0}, success: true
09-14 08:08:55.363  3883  3883 D BiometricScheduler/Fingerprint21: [Polled] {[1] com.android.server.biometrics.sensors.fingerprint.hidl.FingerprintUpdateActiveUserClient, proto=1, owner=android, cookie=0, requestId=-1, userId=0}, State: 0
09-14 08:08:55.363  3883  3883 D BiometricScheduler/Fingerprint21: [Started] {[1] com.android.server.biometrics.sensors.fingerprint.hidl.FingerprintUpdateActiveUserClient, proto=1, owner=android, cookie=0, requestId=-1, userId=0}
09-14 08:08:55.363  3883  3883 D FingerprintUpdateActiveUserClient: Already user: com.android.server.biometrics.sensors.fingerprint.hidl.Fingerprint21$$ExternalSyntheticLambda1@5505cf3, returning
09-14 08:08:55.363  3883  3883 D BiometricSchedulerOperation: [Finished / destroy]: {[1] com.android.server.biometrics.sensors.fingerprint.hidl.FingerprintUpdateActiveUserClient, proto=1, owner=android, cookie=0, requestId=-1, userId=0}
09-14 08:08:55.363  3883  3883 V BiometricSchedulerOperation: started: {[1] com.android.server.biometrics.sensors.fingerprint.hidl.FingerprintUpdateActiveUserClient, proto=1, owner=android, cookie=0, requestId=-1, userId=0}, State: 5
09-14 08:08:55.363  3883  3883 D BiometricScheduler/Fingerprint21: [Finishing] {[1] com.android.server.biometrics.sensors.fingerprint.hidl.FingerprintUpdateActiveUserClient, proto=1, owner=android, cookie=0, requestId=-1, userId=0}, success: true
09-14 08:08:55.363  3883  3883 D BiometricScheduler/Fingerprint21: [Polled] {[2] com.android.server.biometrics.sensors.fingerprint.hidl.FingerprintInternalCleanupClient, proto=7, owner=android, cookie=0, requestId=-1, userId=0}, State: 0
09-14 08:08:55.363  3883  3883 D BiometricScheduler/Fingerprint21: [Started] {[2] com.android.server.biometrics.sensors.fingerprint.hidl.FingerprintInternalCleanupClient, proto=7, owner=android, cookie=0, requestId=-1, userId=0}
09-14 08:08:55.363  3883  3883 D Biometrics/InternalCleanupClient: Starting enumerate: {[3] com.android.server.biometrics.sensors.fingerprint.hidl.FingerprintInternalEnumerateClient, proto=6, owner=android, cookie=0, requestId=-1, userId=0}
09-14 08:08:55.374  3883  3918 D CompatibilityChangeReporter: Compat change id reported: 135634846; UID 10246; state: DISABLED
09-14 08:08:55.375  3883  3918 D CompatibilityChangeReporter: Compat change id reported: 177438394; UID 10246; state: DISABLED
09-14 08:08:55.375  3883  3918 D CompatibilityChangeReporter: Compat change id reported: 135772972; UID 10246; state: DISABLED
09-14 08:08:55.375  3883  3918 D CompatibilityChangeReporter: Compat change id reported: 135754954; UID 10246; state: ENABLED
09-14 08:08:55.375  3883  3919 D CompatibilityChangeReporter: Compat change id reported: 143937733; UID 10246; state: ENABLED
09-14 08:08:55.405  3883  3883 V BiometricSchedulerOperation: started: {[2] com.android.server.biometrics.sensors.fingerprint.hidl.FingerprintInternalCleanupClient, proto=7, owner=android, cookie=0, requestId=-1, userId=0}, State: 2
09-14 08:08:55.408  3883  3883 I Telecom : DefaultDialerCache: Refreshing default dialer for user 0: now com.google.android.dialer: DDC.oR@AAg
09-14 08:08:55.408  3883  3919 I ActivityManager: Start proc 5246:com.google.android.gms.persistent/u0a246 for broadcast {com.google.android.gms/com.google.android.gms.chimera.GmsIntentOperationService$PersistentTrustedReceiver}
09-14 08:08:55.408  3883  3883 I Telecom : DefaultDialerCache: Refreshing default dialer for user 0: now com.google.android.dialer: DDC.oR@AAk
09-14 08:08:55.410  3883  3883 I Telecom : DefaultDialerCache: Refreshing default dialer for user 0: now com.google.android.dialer: DDC.oR@AAo
09-14 08:08:55.410  3883  3883 D Biometrics/InternalCleanupClient: onEnumerated, remaining: 0
09-14 08:08:55.410  3883  3883 V Biometrics/InternalEnumerateClient: handleEnumeratedTemplate: 0
09-14 08:08:55.410  3883  3883 V Biometrics/InternalEnumerateClient: Matched: false
09-14 08:08:55.411  3883  3883 D Biometrics/InternalCleanupClient: Enumerate onClientFinished: {[3] com.android.server.biometrics.sensors.fingerprint.hidl.FingerprintInternalEnumerateClient, proto=6, owner=android, cookie=0, requestId=-1, userId=0}, success: true
09-14 08:08:55.411  3883  3883 D BiometricSchedulerOperation: [Finished / destroy]: {[2] com.android.server.biometrics.sensors.fingerprint.hidl.FingerprintInternalCleanupClient, proto=7, owner=android, cookie=0, requestId=-1, userId=0}
09-14 08:08:55.411  3883  3883 D BiometricScheduler/Fingerprint21: [Finishing] {[2] com.android.server.biometrics.sensors.fingerprint.hidl.FingerprintInternalCleanupClient, proto=7, owner=android, cookie=0, requestId=-1, userId=0}, success: true
09-14 08:08:55.411  3883  3883 D BiometricScheduler/Fingerprint21: No operations, returning to idle
09-14 08:08:55.412  3883  3907 D CompatibilityChangeReporter: Compat change id reported: 135634846; UID 10314; state: DISABLED
09-14 08:08:55.412  3883  3907 D CompatibilityChangeReporter: Compat change id reported: 177438394; UID 10314; state: DISABLED
09-14 08:08:55.412  3883  3907 D CompatibilityChangeReporter: Compat change id reported: 135772972; UID 10314; state: DISABLED
09-14 08:08:55.412  3883  3907 D CompatibilityChangeReporter: Compat change id reported: 135754954; UID 10314; state: ENABLED
09-14 08:08:55.413  3883  3919 D CompatibilityChangeReporter: Compat change id reported: 143937733; UID 10314; state: ENABLED
09-14 08:08:55.417  3883  3919 I ActivityManager: Start proc 5253:com.android.permissioncontroller/u0a314 for service {com.android.permissioncontroller/com.android.permissioncontroller.permission.service.PermissionControllerServiceImpl}
09-14 08:08:55.430  3883  5206 D CompatibilityChangeReporter: Compat change id reported: 168419799; UID 10246; state: DISABLED
09-14 08:08:55.475  3883  3901 D CompatibilityChangeReporter: Compat change id reported: 168419799; UID 10314; state: DISABLED
09-14 08:08:55.482  3883  4543 D CoreBackPreview: Window{35f4264 u0 pip-dismiss-overlay}: Setting back callback OnBackInvokedCallbackInfo{mCallback=android.window.IOnBackInvokedCallback$Stub$Proxy@2ed88c9, mPriority=0}
09-14 08:08:55.494  3883  5207 W ActivityManager: Unable to start service Intent { act=android.service.smartspace.SmartspaceService cmp=com.google.android.as/com.google.android.apps.miphone.aiai.app.AiAiSmartspaceService } U=0: not found
09-14 08:08:55.494  3883  5207 W RemoteSmartspaceService: could not bind to Intent { act=android.service.smartspace.SmartspaceService cmp=com.google.android.as/com.google.android.apps.miphone.aiai.app.AiAiSmartspaceService } using flags 67112961
09-14 08:08:55.496  3883  3883 W ActivityManager: Unbind failed: could not find connection for android.app.LoadedApk$ServiceDispatcher$InnerConnection@e498a8a
09-14 08:08:55.497  3883  5207 W ActivityManager: Unable to start service Intent { act=android.service.smartspace.SmartspaceService cmp=com.google.android.as/com.google.android.apps.miphone.aiai.app.AiAiSmartspaceService } U=0: not found
09-14 08:08:55.497  3883  5207 W RemoteSmartspaceService: could not bind to Intent { act=android.service.smartspace.SmartspaceService cmp=com.google.android.as/com.google.android.apps.miphone.aiai.app.AiAiSmartspaceService } using flags 67112961
09-14 08:08:55.497  3883  3883 W ActivityManager: Unbind failed: could not find connection for android.app.LoadedApk$ServiceDispatcher$InnerConnection@cb0ed18
09-14 08:08:55.498  3883  4793 W ActivityManager: Unable to start service Intent { act=android.service.smartspace.SmartspaceService cmp=com.google.android.as/com.google.android.apps.miphone.aiai.app.AiAiSmartspaceService } U=0: not found
09-14 08:08:55.498  3883  4793 W RemoteSmartspaceService: could not bind to Intent { act=android.service.smartspace.SmartspaceService cmp=com.google.android.as/com.google.android.apps.miphone.aiai.app.AiAiSmartspaceService } using flags 67112961
09-14 08:08:55.498  3883  3883 W ActivityManager: Unbind failed: could not find connection for android.app.LoadedApk$ServiceDispatcher$InnerConnection@368e0e2
09-14 08:08:55.500  3883  5207 W ActivityManager: Unable to start service Intent { act=android.service.smartspace.SmartspaceService cmp=com.google.android.as/com.google.android.apps.miphone.aiai.app.AiAiSmartspaceService } U=0: not found
09-14 08:08:55.501  3883  5207 W RemoteSmartspaceService: could not bind to Intent { act=android.service.smartspace.SmartspaceService cmp=com.google.android.as/com.google.android.apps.miphone.aiai.app.AiAiSmartspaceService } using flags 67112961
09-14 08:08:55.505  3883  3883 W ActivityManager: Unbind failed: could not find connection for android.app.LoadedApk$ServiceDispatcher$InnerConnection@c0cb698
09-14 08:08:55.506  3883  4793 W ActivityManager: Unable to start service Intent { act=android.service.smartspace.SmartspaceService cmp=com.google.android.as/com.google.android.apps.miphone.aiai.app.AiAiSmartspaceService } U=0: not found
09-14 08:08:55.506  3883  4793 W RemoteSmartspaceService: could not bind to Intent { act=android.service.smartspace.SmartspaceService cmp=com.google.android.as/com.google.android.apps.miphone.aiai.app.AiAiSmartspaceService } using flags 67112961
09-14 08:08:55.506  3883  3883 W ActivityManager: Unbind failed: could not find connection for android.app.LoadedApk$ServiceDispatcher$InnerConnection@a50e157
09-14 08:08:55.506  3883  4793 W ActivityManager: Unable to start service Intent { act=android.service.smartspace.SmartspaceService cmp=com.google.android.as/com.google.android.apps.miphone.aiai.app.AiAiSmartspaceService } U=0: not found
09-14 08:08:55.506  3883  4793 W RemoteSmartspaceService: could not bind to Intent { act=android.service.smartspace.SmartspaceService cmp=com.google.android.as/com.google.android.apps.miphone.aiai.app.AiAiSmartspaceService } using flags 67112961
09-14 08:08:55.506  3883  3883 W ActivityManager: Unbind failed: could not find connection for android.app.LoadedApk$ServiceDispatcher$InnerConnection@da4d92d
09-14 08:08:55.507  3883  4793 W ActivityManager: Unable to start service Intent { act=android.service.smartspace.SmartspaceService cmp=com.google.android.as/com.google.android.apps.miphone.aiai.app.AiAiSmartspaceService } U=0: not found
09-14 08:08:55.507  3883  4793 W RemoteSmartspaceService: could not bind to Intent { act=android.service.smartspace.SmartspaceService cmp=com.google.android.as/com.google.android.apps.miphone.aiai.app.AiAiSmartspaceService } using flags 67112961
09-14 08:08:55.507  3883  3883 W ActivityManager: Unbind failed: could not find connection for android.app.LoadedApk$ServiceDispatcher$InnerConnection@707c0b0
09-14 08:08:55.507  3883  4793 W ActivityManager: Unable to start service Intent { act=android.service.smartspace.SmartspaceService cmp=com.google.android.as/com.google.android.apps.miphone.aiai.app.AiAiSmartspaceService } U=0: not found
09-14 08:08:55.507  3883  4793 W RemoteSmartspaceService: could not bind to Intent { act=android.service.smartspace.SmartspaceService cmp=com.google.android.as/com.google.android.apps.miphone.aiai.app.AiAiSmartspaceService } using flags 67112961
09-14 08:08:55.507  3883  3883 W ActivityManager: Unbind failed: could not find connection for android.app.LoadedApk$ServiceDispatcher$InnerConnection@6f0a44f
09-14 08:08:55.507  3883  4793 W ActivityManager: Unable to start service Intent { act=android.service.smartspace.SmartspaceService cmp=com.google.android.as/com.google.android.apps.miphone.aiai.app.AiAiSmartspaceService } U=0: not found
09-14 08:08:55.507  3883  4793 W RemoteSmartspaceService: could not bind to Intent { act=android.service.smartspace.SmartspaceService cmp=com.google.android.as/com.google.android.apps.miphone.aiai.app.AiAiSmartspaceService } using flags 67112961
09-14 08:08:55.507  3883  3883 W ActivityManager: Unbind failed: could not find connection for android.app.LoadedApk$ServiceDispatcher$InnerConnection@26557ba
09-14 08:08:55.507  3883  5206 W ActivityManager: Unable to start service Intent { act=android.service.smartspace.SmartspaceService cmp=com.google.android.as/com.google.android.apps.miphone.aiai.app.AiAiSmartspaceService } U=0: not found
09-14 08:08:55.507  3883  5206 W RemoteSmartspaceService: could not bind to Intent { act=android.service.smartspace.SmartspaceService cmp=com.google.android.as/com.google.android.apps.miphone.aiai.app.AiAiSmartspaceService } using flags 67112961
09-14 08:08:55.507  3883  3883 W ActivityManager: Unbind failed: could not find connection for android.app.LoadedApk$ServiceDispatcher$InnerConnection@de6f5c8
09-14 08:08:55.515  3883  3917 D AccessibilityManagerService: Ignoring non-encryption-aware service ComponentInfo{com.google.android.marvin.talkback/com.google.android.accessibility.accessibilitymenu.AccessibilityMenuService}
09-14 08:08:55.515  3883  3917 D AccessibilityManagerService: Ignoring non-encryption-aware service ComponentInfo{com.franco.kernel/com.franco.kernel.services.ForegroundAppDetectionService}
09-14 08:08:55.516  3883  3917 W WindowMagnificationMgr: requestConnection duplicated request: connect=false, mConnectionState=DISCONNECTED
09-14 08:08:55.516  3883  5207 D CoreBackPreview: Window{35f4264 u0 pip-dismiss-overlay}: Setting back callback null
09-14 08:08:55.516  3883  5206 W ActivityManager: Unable to start service Intent { act=android.service.smartspace.SmartspaceService cmp=com.google.android.as/com.google.android.apps.miphone.aiai.app.AiAiSmartspaceService } U=0: not found
09-14 08:08:55.516  3883  5206 W RemoteSmartspaceService: could not bind to Intent { act=android.service.smartspace.SmartspaceService cmp=com.google.android.as/com.google.android.apps.miphone.aiai.app.AiAiSmartspaceService } using flags 67112961
09-14 08:08:55.516  3883  3883 W ActivityManager: Unbind failed: could not find connection for android.app.LoadedApk$ServiceDispatcher$InnerConnection@77fdef6
09-14 08:08:55.516  3883  5206 W ActivityManager: Unable to start service Intent { act=android.service.smartspace.SmartspaceService cmp=com.google.android.as/com.google.android.apps.miphone.aiai.app.AiAiSmartspaceService } U=0: not found
09-14 08:08:55.516  3883  5206 W RemoteSmartspaceService: could not bind to Intent { act=android.service.smartspace.SmartspaceService cmp=com.google.android.as/com.google.android.apps.miphone.aiai.app.AiAiSmartspaceService } using flags 67112961
09-14 08:08:55.517  3883  3883 W ActivityManager: Unbind failed: could not find connection for android.app.LoadedApk$ServiceDispatcher$InnerConnection@71a8564
09-14 08:08:55.517  3883  3901 W ActivityManager: Unable to start service Intent { act=android.service.smartspace.SmartspaceService cmp=com.google.android.as/com.google.android.apps.miphone.aiai.app.AiAiSmartspaceService } U=0: not found
09-14 08:08:55.517  3883  3901 W RemoteSmartspaceService: could not bind to Intent { act=android.service.smartspace.SmartspaceService cmp=com.google.android.as/com.google.android.apps.miphone.aiai.app.AiAiSmartspaceService } using flags 67112961
09-14 08:08:55.517  3883  3883 W ActivityManager: Unbind failed: could not find connection for android.app.LoadedApk$ServiceDispatcher$InnerConnection@342f482
09-14 08:08:55.525  3883  4543 W ActivityManager: Unable to start service Intent { act=android.service.smartspace.SmartspaceService cmp=com.google.android.as/com.google.android.apps.miphone.aiai.app.AiAiSmartspaceService } U=0: not found
09-14 08:08:55.525  3883  4543 W RemoteSmartspaceService: could not bind to Intent { act=android.service.smartspace.SmartspaceService cmp=com.google.android.as/com.google.android.apps.miphone.aiai.app.AiAiSmartspaceService } using flags 67112961
09-14 08:08:55.525  3883  3883 W ActivityManager: Unbind failed: could not find connection for android.app.LoadedApk$ServiceDispatcher$InnerConnection@565b2ba
09-14 08:08:55.525  3883  3901 W ActivityManager: Unable to start service Intent { act=android.service.smartspace.SmartspaceService cmp=com.google.android.as/com.google.android.apps.miphone.aiai.app.AiAiSmartspaceService } U=0: not found
09-14 08:08:55.525  3883  3901 W RemoteSmartspaceService: could not bind to Intent { act=android.service.smartspace.SmartspaceService cmp=com.google.android.as/com.google.android.apps.miphone.aiai.app.AiAiSmartspaceService } using flags 67112961
09-14 08:08:55.525  3883  3901 W ActivityManager: Unable to start service Intent { act=android.service.smartspace.SmartspaceService cmp=com.google.android.as/com.google.android.apps.miphone.aiai.app.AiAiSmartspaceService } U=0: not found
09-14 08:08:55.525  3883  3901 W RemoteSmartspaceService: could not bind to Intent { act=android.service.smartspace.SmartspaceService cmp=com.google.android.as/com.google.android.apps.miphone.aiai.app.AiAiSmartspaceService } using flags 67112961
09-14 08:08:55.525  3883  3883 W ActivityManager: Unbind failed: could not find connection for android.app.LoadedApk$ServiceDispatcher$InnerConnection@79f2974
09-14 08:08:55.525  3883  3883 W ActivityManager: Unbind failed: could not find connection for android.app.LoadedApk$ServiceDispatcher$InnerConnection@11e2e9d
09-14 08:08:55.525  3883  3901 W ActivityManager: Unable to start service Intent { act=android.service.smartspace.SmartspaceService cmp=com.google.android.as/com.google.android.apps.miphone.aiai.app.AiAiSmartspaceService } U=0: not found
09-14 08:08:55.525  3883  3901 W RemoteSmartspaceService: could not bind to Intent { act=android.service.smartspace.SmartspaceService cmp=com.google.android.as/com.google.android.apps.miphone.aiai.app.AiAiSmartspaceService } using flags 67112961
09-14 08:08:55.525  3883  3883 W ActivityManager: Unbind failed: could not find connection for android.app.LoadedApk$ServiceDispatcher$InnerConnection@aa1a6e3
09-14 08:08:55.525  3883  3901 W ActivityManager: Unable to start service Intent { act=android.service.smartspace.SmartspaceService cmp=com.google.android.as/com.google.android.apps.miphone.aiai.app.AiAiSmartspaceService } U=0: not found
09-14 08:08:55.525  3883  3901 W RemoteSmartspaceService: could not bind to Intent { act=android.service.smartspace.SmartspaceService cmp=com.google.android.as/com.google.android.apps.miphone.aiai.app.AiAiSmartspaceService } using flags 67112961
09-14 08:08:55.525  3883  3883 W ActivityManager: Unbind failed: could not find connection for android.app.LoadedApk$ServiceDispatcher$InnerConnection@eb4da5e
09-14 08:08:55.526  3883  3901 W ActivityManager: Unable to start service Intent { act=android.service.smartspace.SmartspaceService cmp=com.google.android.as/com.google.android.apps.miphone.aiai.app.AiAiSmartspaceService } U=0: not found
09-14 08:08:55.526  3883  3901 W RemoteSmartspaceService: could not bind to Intent { act=android.service.smartspace.SmartspaceService cmp=com.google.android.as/com.google.android.apps.miphone.aiai.app.AiAiSmartspaceService } using flags 67112961
09-14 08:08:55.526  3883  3883 W ActivityManager: Unbind failed: could not find connection for android.app.LoadedApk$ServiceDispatcher$InnerConnection@2e2330c
09-14 08:08:55.526  3883  3901 W ActivityManager: Unable to start service Intent { act=android.service.smartspace.SmartspaceService cmp=com.google.android.as/com.google.android.apps.miphone.aiai.app.AiAiSmartspaceService } U=0: not found
09-14 08:08:55.526  3883  3901 W RemoteSmartspaceService: could not bind to Intent { act=android.service.smartspace.SmartspaceService cmp=com.google.android.as/com.google.android.apps.miphone.aiai.app.AiAiSmartspaceService } using flags 67112961
09-14 08:08:55.526  3883  3883 W ActivityManager: Unbind failed: could not find connection for android.app.LoadedApk$ServiceDispatcher$InnerConnection@d259455
09-14 08:08:55.622  3883  3917 D AccessibilityManagerService: Ignoring non-encryption-aware service ComponentInfo{com.google.android.marvin.talkback/com.google.android.accessibility.accessibilitymenu.AccessibilityMenuService}
09-14 08:08:55.622  3883  3917 D AccessibilityManagerService: Ignoring non-encryption-aware service ComponentInfo{com.franco.kernel/com.franco.kernel.services.ForegroundAppDetectionService}
09-14 08:08:55.623  3883  3917 W WindowMagnificationMgr: requestConnection duplicated request: connect=false, mConnectionState=DISCONNECTED
09-14 08:08:55.629  3883  5206 D CompatibilityChangeReporter: Compat change id reported: 161145287; UID 10314; state: DISABLED
09-14 08:08:55.644  3883  5206 D CompatibilityChangeReporter: Compat change id reported: 161252188; UID 10246; state: ENABLED
09-14 08:08:55.650  3883  3917 D AccessibilityManagerService: Ignoring non-encryption-aware service ComponentInfo{com.google.android.marvin.talkback/com.google.android.accessibility.accessibilitymenu.AccessibilityMenuService}
09-14 08:08:55.651  3883  3917 D AccessibilityManagerService: Ignoring non-encryption-aware service ComponentInfo{com.franco.kernel/com.franco.kernel.services.ForegroundAppDetectionService}
09-14 08:08:55.652  3883  3917 W WindowMagnificationMgr: requestConnection duplicated request: connect=false, mConnectionState=DISCONNECTED
09-14 08:08:55.752  3883  3901 I Telecom : PhoneAccountRegistrar: New phone account registered: [[ ] PhoneAccount: ComponentInfo{com.android.phone/com.android.services.telephony.TelephonyConnectionService}, E, UserHandle{0} Capabilities: SuppVideo CallProvider MultiUser PlaceEmerg SimSub  Audio Routes: BESW Schemes: tel voicemail  Extras: Bundle[{android.telecom.extra.SUPPORTS_VIDEO_CALLING_FALLBACK=true}] GroupId: ***]: TSI.rPA@AAs
09-14 08:08:55.753  3883  3901 I Telecom : CallsManager: Sending phone-account ComponentInfo{com.android.phone/com.android.services.telephony.TelephonyConnectionService}, E, UserHandle{0} registered intent as user: TSI.rPA@AAs
09-14 08:08:55.753  3883  3901 I Telecom : CallsManager: Sending phone-account registered intent to default dialer: TSI.rPA@AAs
09-14 08:08:55.756  3883  3901 I Telecom : PhoneAccountRegistrar: getSimCallManager: SimCallManager for subId -1 queried, returning: null: TSI.rPA@AAs
09-14 08:08:55.756  3883  3901 I Telecom : PhoneAccountRegistrar: Notifying telephony of voice service override change for 1 SIMs, hasService = false: TSI.rPA@AAs
09-14 08:08:55.760  3883  3901 I Telecom : CallsManager: Sending phone-account ComponentInfo{com.android.phone/com.android.services.telephony.TelephonyConnectionService}, 1, UserHandle{0} unregistered intent as user: TSI.uPA@AA0
09-14 08:08:55.761  3883  3901 I Telecom : CallsManager: Sending phone-account unregistered intent to default dialer: TSI.uPA@AA0
09-14 08:08:55.779  3883  5207 W ContextImpl: Calling a method in the system process without a qualified user: android.app.ContextImpl.sendBroadcastMultiplePermissions:1222 com.android.server.TelephonyRegistry.broadcastServiceStateChanged:3111 com.android.server.TelephonyRegistry.notifyServiceStateForPhoneId:1616 com.android.internal.telephony.ITelephonyRegistry$Stub.onTransact:492 android.os.Binder.execTransactInternal:1280 
09-14 08:08:55.780  3883  5207 W ContextImpl: Calling a method in the system process without a qualified user: android.app.ContextImpl.sendBroadcastMultiplePermissions:1272 android.content.Context.sendBroadcastMultiplePermissions:2272 com.android.server.TelephonyRegistry.broadcastServiceStateChanged:3114 com.android.server.TelephonyRegistry.notifyServiceStateForPhoneId:1616 com.android.internal.telephony.ITelephonyRegistry$Stub.onTransact:492 
09-14 08:08:55.780  3883  5207 W ContextImpl: Calling a method in the system process without a qualified user: android.app.ContextImpl.sendBroadcastMultiplePermissions:1272 com.android.server.TelephonyRegistry.broadcastServiceStateChanged:3121 com.android.server.TelephonyRegistry.notifyServiceStateForPhoneId:1616 com.android.internal.telephony.ITelephonyRegistry$Stub.onTransact:492 android.os.Binder.execTransactInternal:1280 
09-14 08:08:55.781  3883  5207 W ContextImpl: Calling a method in the system process without a qualified user: android.app.ContextImpl.sendBroadcastMultiplePermissions:1272 com.android.server.TelephonyRegistry.broadcastServiceStateChanged:3126 com.android.server.TelephonyRegistry.notifyServiceStateForPhoneId:1616 com.android.internal.telephony.ITelephonyRegistry$Stub.onTransact:492 android.os.Binder.execTransactInternal:1280 
09-14 08:08:55.782  3883  3918 W BroadcastQueue: Appop Denial: receiving Intent { act=android.intent.action.SERVICE_STATE flg=0x1000010 (has extras) } to ProcessRecord{91b4cca 4569:com.android.systemui/u0a300} (pid=4569, uid=10300) excludes appop android:read_phone_state due to sender android (uid 1001)
09-14 08:08:55.789  3883  5206 D CompatibilityChangeReporter: Compat change id reported: 161145287; UID 10246; state: DISABLED
09-14 08:08:55.889  3883  5206 I Telecom : PhoneAccountRegistrar: Modify account: [ComponentInfo{com.android.phone/com.android.services.telephony.TelephonyConnectionService}, E, UserHandle{0}]: TSI.rPA@AA4
09-14 08:08:55.889  3883  5206 I Telecom : CallsManager: handlePhoneAccountChanged: phoneAccount=[[X] PhoneAccount: ComponentInfo{com.android.phone/com.android.services.telephony.TelephonyConnectionService}, E, UserHandle{0} Capabilities: SuppVideo CallProvider MultiUser PlaceEmerg SimSub  Audio Routes: BESW Schemes: tel voicemail  Extras: Bundle[{android.telecom.extra.SUPPORTS_VIDEO_CALLING_FALLBACK=true}] GroupId: ***]: TSI.rPA@AA4
09-14 08:08:55.892  3883  5206 I Telecom : PhoneAccountRegistrar: getSimCallManager: SimCallManager for subId -1 queried, returning: null: TSI.rPA@AA4
09-14 08:08:55.892  3883  5206 I Telecom : PhoneAccountRegistrar: Notifying telephony of voice service override change for 1 SIMs, hasService = false: TSI.rPA@AA4
09-14 08:08:55.913  3883  3901 W ContextImpl: Calling a method in the system process without a qualified user: android.app.ContextImpl.sendBroadcastMultiplePermissions:1222 com.android.server.TelephonyRegistry.broadcastServiceStateChanged:3111 com.android.server.TelephonyRegistry.notifyServiceStateForPhoneId:1616 com.android.internal.telephony.ITelephonyRegistry$Stub.onTransact:492 android.os.Binder.execTransactInternal:1280 
09-14 08:08:55.914  3883  3901 W ContextImpl: Calling a method in the system process without a qualified user: android.app.ContextImpl.sendBroadcastMultiplePermissions:1272 android.content.Context.sendBroadcastMultiplePermissions:2272 com.android.server.TelephonyRegistry.broadcastServiceStateChanged:3114 com.android.server.TelephonyRegistry.notifyServiceStateForPhoneId:1616 com.android.internal.telephony.ITelephonyRegistry$Stub.onTransact:492 
09-14 08:08:55.914  3883  3901 W ContextImpl: Calling a method in the system process without a qualified user: android.app.ContextImpl.sendBroadcastMultiplePermissions:1272 com.android.server.TelephonyRegistry.broadcastServiceStateChanged:3121 com.android.server.TelephonyRegistry.notifyServiceStateForPhoneId:1616 com.android.internal.telephony.ITelephonyRegistry$Stub.onTransact:492 android.os.Binder.execTransactInternal:1280 
09-14 08:08:55.914  3883  3901 W ContextImpl: Calling a method in the system process without a qualified user: android.app.ContextImpl.sendBroadcastMultiplePermissions:1272 com.android.server.TelephonyRegistry.broadcastServiceStateChanged:3126 com.android.server.TelephonyRegistry.notifyServiceStateForPhoneId:1616 com.android.internal.telephony.ITelephonyRegistry$Stub.onTransact:492 android.os.Binder.execTransactInternal:1280 
09-14 08:08:55.915  3883  3918 W BroadcastQueue: Appop Denial: receiving Intent { act=android.intent.action.SERVICE_STATE flg=0x1000010 (has extras) } to ProcessRecord{91b4cca 4569:com.android.systemui/u0a300} (pid=4569, uid=10300) excludes appop android:read_phone_state due to sender android (uid 1001)
09-14 08:08:55.971  3883  5206 W ActivityManager: Unable to start service Intent { act=com.google.android.chimera.BoundService.START dat=chimera-action: cmp=com.google.android.gms/.chimera.PersistentApiService } U=0: not found
09-14 08:08:55.973  3883  3901 W ActivityManager: Unbind failed: could not find connection for android.os.BinderProxy@8592cdc
09-14 08:08:55.993  3883  4448 E NetworkPolicy: Missing subscriberId for subId 1
09-14 08:08:55.996  3883  3917 E StatsPullAtomService: subInfo of subId 1 is invalid, ignored.
09-14 08:08:56.001  3883  3918 I DropBoxManagerService: add tag=system_server_wtf isTagEnabled=true flags=0x2
09-14 08:08:56.003  3883  5206 D CompatibilityChangeReporter: Compat change id reported: 182478738; UID 10300; state: ENABLED
09-14 08:08:56.005  3883  5206 D CompatibilityChangeReporter: Compat change id reported: 168419799; UID 1000; state: DISABLED
09-14 08:08:56.012  3883  4793 W BroadcastQueue: Permission Denial: receiving Intent { act=android.intent.action.SERVICE_STATE flg=0x1000010 (has extras) } to com.android.cellbroadcastreceiver.module/com.android.cellbroadcastreceiver.CellBroadcastReceiver requires android.permission.READ_PHONE_STATE due to sender android (uid 1001)
09-14 08:08:56.013  3883  3918 D CompatibilityChangeReporter: Compat change id reported: 135634846; UID 10308; state: DISABLED
09-14 08:08:56.013  3883  3918 D CompatibilityChangeReporter: Compat change id reported: 177438394; UID 10308; state: DISABLED
09-14 08:08:56.013  3883  3918 D CompatibilityChangeReporter: Compat change id reported: 135772972; UID 10308; state: DISABLED
09-14 08:08:56.013  3883  3918 D CompatibilityChangeReporter: Compat change id reported: 135754954; UID 10308; state: ENABLED
09-14 08:08:56.014  3883  3919 D CompatibilityChangeReporter: Compat change id reported: 143937733; UID 10308; state: ENABLED
09-14 08:08:56.015  3883  4793 W ContextImpl: Calling a method in the system process without a qualified user: android.app.ContextImpl.sendBroadcastMultiplePermissions:1222 com.android.server.TelephonyRegistry.broadcastServiceStateChanged:3111 com.android.server.TelephonyRegistry.notifyServiceStateForPhoneId:1616 com.android.internal.telephony.ITelephonyRegistry$Stub.onTransact:492 android.os.Binder.execTransactInternal:1280 
09-14 08:08:56.016  3883  4793 W ContextImpl: Calling a method in the system process without a qualified user: android.app.ContextImpl.sendBroadcastMultiplePermissions:1272 android.content.Context.sendBroadcastMultiplePermissions:2272 com.android.server.TelephonyRegistry.broadcastServiceStateChanged:3114 com.android.server.TelephonyRegistry.notifyServiceStateForPhoneId:1616 com.android.internal.telephony.ITelephonyRegistry$Stub.onTransact:492 
09-14 08:08:56.016  3883  4793 W ContextImpl: Calling a method in the system process without a qualified user: android.app.ContextImpl.sendBroadcastMultiplePermissions:1272 com.android.server.TelephonyRegistry.broadcastServiceStateChanged:3121 com.android.server.TelephonyRegistry.notifyServiceStateForPhoneId:1616 com.android.internal.telephony.ITelephonyRegistry$Stub.onTransact:492 android.os.Binder.execTransactInternal:1280 
09-14 08:08:56.016  3883  4793 W ContextImpl: Calling a method in the system process without a qualified user: android.app.ContextImpl.sendBroadcastMultiplePermissions:1272 com.android.server.TelephonyRegistry.broadcastServiceStateChanged:3126 com.android.server.TelephonyRegistry.notifyServiceStateForPhoneId:1616 com.android.internal.telephony.ITelephonyRegistry$Stub.onTransact:492 android.os.Binder.execTransactInternal:1280 
09-14 08:08:56.017  3883  3918 W BroadcastQueue: Appop Denial: receiving Intent { act=android.intent.action.SERVICE_STATE flg=0x1000010 (has extras) } to ProcessRecord{91b4cca 4569:com.android.systemui/u0a300} (pid=4569, uid=10300) excludes appop android:read_phone_state due to sender android (uid 1001)
09-14 08:08:56.018  3883  3919 I ActivityManager: Start proc 5352:com.android.cellbroadcastreceiver.module/u0a308 for broadcast {com.android.cellbroadcastreceiver.module/com.android.cellbroadcastreceiver.CellBroadcastReceiver}
09-14 08:08:56.029  3883  4448 E NetworkPolicy: Missing subscriberId for subId 1
09-14 08:08:56.029  3883  3917 E StatsPullAtomService: subInfo of subId 1 is invalid, ignored.
09-14 08:08:56.030  3883  3918 I DropBoxManagerService: add tag=system_server_wtf isTagEnabled=true flags=0x2
