09-14 08:08:53.351  3883  3917 D PinnerService: pinRangeStream: null
09-14 08:08:53.358  3883  3883 I ActivityTaskManager: Config changes=20 {1.0 ?mcc?mnc [en_US] ldltr sw440dp w440dp h929dp 392dpi nrml long port night finger -keyb/v/h -nav/h winConfig={ mBounds=Rect(0, 0 - 1080, 2400) mAppBounds=Rect(0, 123 - 1080, 2400) mMaxBounds=Rect(0, 0 - 1080, 2400) mDisplayRotation=ROTATION_0 mWindowingMode=fullscreen mDisplayWindowingMode=fullscreen mActivityType=undefined mAlwaysOnTop=undefined mRotation=ROTATION_0} s.8 ?fontWeightAdjustment}
09-14 08:08:53.359  3883  3883 I WindowManager: Override config changes=20 {1.0 ?mcc?mnc [en_US] ldltr sw440dp w440dp h929dp 392dpi nrml long port night finger -keyb/v/h -nav/h winConfig={ mBounds=Rect(0, 0 - 1080, 2400) mAppBounds=Rect(0, 123 - 1080, 2400) mMaxBounds=Rect(0, 0 - 1080, 2400) mDisplayRotation=ROTATION_0 mWindowingMode=fullscreen mDisplayWindowingMode=fullscreen mActivityType=undefined mAlwaysOnTop=undefined mRotation=ROTATION_0} s.8 ?fontWeightAdjustment} for displayId=0
09-14 08:08:53.360  3883  3917 E KernelCpuThreadReader: Failed to initialize KernelCpuThreadReader
09-14 08:08:53.360  3883  3917 E KernelCpuThreadReader: java.nio.file.NoSuchFileException: /proc/self/time_in_state
09-14 08:08:53.360  3883  3917 E KernelCpuThreadReader: 	at sun.nio.fs.UnixFileSystemProvider.newByteChannel(UnixFileSystemProvider.java:214)
09-14 08:08:53.360  3883  3917 E KernelCpuThreadReader: 	at java.nio.file.Files.newByteChannel(Files.java:361)
09-14 08:08:53.360  3883  3917 E KernelCpuThreadReader: 	at java.nio.file.Files.newByteChannel(Files.java:407)
09-14 08:08:53.360  3883  3917 E KernelCpuThreadReader: 	at java.nio.file.Files.readAllBytes(Files.java:3152)
09-14 08:08:53.360  3883  3917 E KernelCpuThreadReader: 	at com.android.internal.os.ProcTimeInStateReader.initializeTimeInStateFormat(ProcTimeInStateReader.java:159)
09-14 08:08:53.360  3883  3917 E KernelCpuThreadReader: 	at com.android.internal.os.ProcTimeInStateReader.<init>(ProcTimeInStateReader.java:106)
09-14 08:08:53.360  3883  3917 E KernelCpuThreadReader: 	at com.android.internal.os.KernelCpuThreadReader.<init>(KernelCpuThreadReader.java:138)
09-14 08:08:53.360  3883  3917 E KernelCpuThreadReader: 	at com.android.internal.os.KernelCpuThreadReader.create(KernelCpuThreadReader.java:151)
09-14 08:08:53.360  3883  3917 E KernelCpuThreadReader: 	at com.android.internal.os.KernelCpuThreadReaderSettingsObserver.<init>(KernelCpuThreadReaderSettingsObserver.java:95)
09-14 08:08:53.360  3883  3917 E KernelCpuThreadReader: 	at com.android.internal.os.KernelCpuThreadReaderSettingsObserver.getSettingsModifiedReader(KernelCpuThreadReaderSettingsObserver.java:80)
09-14 08:08:53.360  3883  3917 E KernelCpuThreadReader: 	at com.android.server.stats.pull.StatsPullAtomService.initializePullersState(StatsPullAtomService.java:798)
09-14 08:08:53.360  3883  3917 E KernelCpuThreadReader: 	at com.android.server.stats.pull.StatsPullAtomService.lambda$onBootPhase$0$com-android-server-stats-pull-StatsPullAtomService(StatsPullAtomService.java:757)
09-14 08:08:53.360  3883  3917 E KernelCpuThreadReader: 	at com.android.server.stats.pull.StatsPullAtomService$$ExternalSyntheticLambda4.run(Unknown Source:2)
09-14 08:08:53.360  3883  3917 E KernelCpuThreadReader: 	at android.os.Handler.handleCallback(Handler.java:942)
09-14 08:08:53.360  3883  3917 E KernelCpuThreadReader: 	at android.os.Handler.dispatchMessage(Handler.java:99)
09-14 08:08:53.360  3883  3917 E KernelCpuThreadReader: 	at android.os.Looper.loopOnce(Looper.java:201)
09-14 08:08:53.360  3883  3917 E KernelCpuThreadReader: 	at android.os.Looper.loop(Looper.java:288)
09-14 08:08:53.360  3883  3917 E KernelCpuThreadReader: 	at android.os.HandlerThread.run(HandlerThread.java:67)
09-14 08:08:53.361  3883  3883 D SystemServerTiming: StartPermissionPolicyService
09-14 08:08:53.361  3883  3883 I SystemServiceManager: Starting com.android.server.policy.PermissionPolicyService
09-14 08:08:53.364  3883  3883 D SystemServerTiming: MakePackageManagerServiceReady
09-14 08:08:53.367  3883  3917 I HealthServiceWrapperHidl: health: HealthServiceWrapper listening to instance default
09-14 08:08:53.368  3883  3917 D StatsPullAtomService: Registering pullers with statsd
09-14 08:08:53.369  3883  3883 V UserDataPreparer: Found /data/user_de/0 with serial number 0
09-14 08:08:53.369  3883  3883 V UserDataPreparer: Found /data/user/0 with serial number 0
09-14 08:08:53.369  3883  3883 V UserDataPreparer: Found /data/system_de/0 with serial number 0
09-14 08:08:53.369  3883  3883 W UserDataPreparer: Invalid user directory /data/system_de/usagestats
09-14 08:08:53.370  3883  3883 V UserDataPreparer: Found /data/system_ce/0 with serial number 0
09-14 08:08:53.370  3883  3883 V UserDataPreparer: Found /data/misc_ce/0 with serial number 0
09-14 08:08:53.370  3883  3917 I StatsPullAtomService: register thermal listener successfully
09-14 08:08:53.371  3883  3883 I PackageManager: Permission ownership changed. Updating all permissions.
09-14 08:08:53.388  3883  3883 W PackageManager: Privileged permission lineageos.permission.MANAGE_LIVEDISPLAY for package com.android.settings (/system_ext/priv-app/Settings) not in privapp-permissions allowlist
09-14 08:08:53.393  3883  3883 W PackageManager: Package com.android.providers.media.module is an APK in APEX, but has permission allowlist on the system image. Please bundle the allowlist in the com.android.mediaprovider APEX instead.
09-14 08:08:53.393  3883  3883 W PackageManager: Package com.android.providers.media.module is an APK in APEX, but has permission allowlist on the system image. Please bundle the allowlist in the com.android.mediaprovider APEX instead.
09-14 08:08:53.393  3883  3883 W PackageManager: Package com.android.providers.media.module is an APK in APEX, but has permission allowlist on the system image. Please bundle the allowlist in the com.android.mediaprovider APEX instead.
09-14 08:08:53.393  3883  3883 W PackageManager: Package com.android.providers.media.module is an APK in APEX, but has permission allowlist on the system image. Please bundle the allowlist in the com.android.mediaprovider APEX instead.
09-14 08:08:53.393  3883  3883 W PackageManager: Package com.android.providers.media.module is an APK in APEX, but has permission allowlist on the system image. Please bundle the allowlist in the com.android.mediaprovider APEX instead.
09-14 08:08:53.393  3883  3883 W PackageManager: Package com.android.providers.media.module is an APK in APEX, but has permission allowlist on the system image. Please bundle the allowlist in the com.android.mediaprovider APEX instead.
09-14 08:08:53.393  3883  3883 W PackageManager: Package com.android.providers.media.module is an APK in APEX, but has permission allowlist on the system image. Please bundle the allowlist in the com.android.mediaprovider APEX instead.
09-14 08:08:53.393  3883  3883 W PackageManager: Package com.android.providers.media.module is an APK in APEX, but has permission allowlist on the system image. Please bundle the allowlist in the com.android.mediaprovider APEX instead.
09-14 08:08:53.393  3883  3883 W PackageManager: Package com.android.providers.media.module is an APK in APEX, but has permission allowlist on the system image. Please bundle the allowlist in the com.android.mediaprovider APEX instead.
09-14 08:08:53.393  3883  3883 W PackageManager: Package com.android.providers.media.module is an APK in APEX, but has permission allowlist on the system image. Please bundle the allowlist in the com.android.mediaprovider APEX instead.
09-14 08:08:53.393  3883  3883 W PackageManager: Package com.android.providers.media.module is an APK in APEX, but has permission allowlist on the system image. Please bundle the allowlist in the com.android.mediaprovider APEX instead.
09-14 08:08:53.393  3883  3883 W PackageManager: Package com.android.providers.media.module is an APK in APEX, but has permission allowlist on the system image. Please bundle the allowlist in the com.android.mediaprovider APEX instead.
09-14 08:08:53.393  3883  3883 W PackageManager: Package com.android.providers.media.module is an APK in APEX, but has permission allowlist on the system image. Please bundle the allowlist in the com.android.mediaprovider APEX instead.
09-14 08:08:53.394  3883  3883 W PackageManager: Privileged permission lineageos.permission.MANAGE_LIVEDISPLAY for package com.android.systemui (/system_ext/priv-app/SystemUI) not in privapp-permissions allowlist
09-14 08:08:53.394  3883  3883 W PackageManager: Privileged permission lineageos.permission.HARDWARE_ABSTRACTION_ACCESS for package com.android.systemui (/system_ext/priv-app/SystemUI) not in privapp-permissions allowlist
09-14 08:08:53.399  3883  3883 D SystemServerTiming: MakeDisplayManagerServiceReady
09-14 08:08:53.399  3883  3910 E DisplayModeDirector: Asked about unknown display, returning empty display mode specs!(id=0)
09-14 08:08:53.399  3883  3910 E DisplayModeDirector: Asked about unknown display, returning empty display mode specs!(id=0)
09-14 08:08:53.400  3883  3883 I BrightnessSynchronizer: Initial brightness readings: 225(int), 0.67939186(float)
09-14 08:08:53.400  3883  3883 D SystemServerTiming: StartDeviceSpecificServices
09-14 08:08:53.400  3883  3883 D SystemServerTiming: GameManagerService
09-14 08:08:53.400  3883  3883 I SystemServiceManager: Starting com.android.server.app.GameManagerService$Lifecycle
09-14 08:08:53.401  3883  3883 D SystemServerTiming: ArtManagerLocal
09-14 08:08:53.401  3883  3883 D SystemServerTiming: StartBootPhaseDeviceSpecificServicesReady
09-14 08:08:53.401  3883  3883 I SystemServiceManager: Starting phase 520
09-14 08:08:53.401  3883  3883 D SystemServerTiming: OnBootPhase_520
09-14 08:08:53.401  3883  3883 D SystemServerTiming: OnBootPhase_520_com.android.server.security.FileIntegrityService
09-14 08:08:53.401  3883  3883 D SystemServerTiming: OnBootPhase_520_com.android.server.pm.Installer
09-14 08:08:53.401  3883  3883 D SystemServerTiming: OnBootPhase_520_com.android.server.os.DeviceIdentifiersPolicyService
09-14 08:08:53.401  3883  3883 D SystemServerTiming: OnBootPhase_520_com.android.server.uri.UriGrantsManagerService$Lifecycle
09-14 08:08:53.401  3883  3883 D SystemServerTiming: OnBootPhase_520_com.android.server.powerstats.PowerStatsService
09-14 08:08:53.401  3883  3883 D SystemServerTiming: OnBootPhase_520_com.android.server.wm.ActivityTaskManagerService$Lifecycle
09-14 08:08:53.401  3883  3883 D SystemServerTiming: OnBootPhase_520_com.android.server.am.ActivityManagerService$Lifecycle
09-14 08:08:53.401  3883  3883 D SystemServerTiming: OnBootPhase_520_com.android.server.pm.DataLoaderManagerService
09-14 08:08:53.401  3883  3883 D SystemServerTiming: OnBootPhase_520_com.android.server.power.PowerManagerService
09-14 08:08:53.401  3883  3883 D SystemServerTiming: OnBootPhase_520_com.android.server.power.ThermalManagerService
09-14 08:08:53.401  3883  3883 D SystemServerTiming: OnBootPhase_520_com.android.server.power.hint.HintManagerService
09-14 08:08:53.401  3883  3883 D SystemServerTiming: OnBootPhase_520_com.android.server.recoverysystem.RecoverySystemService$Lifecycle
09-14 08:08:53.401  3883  3883 D SystemServerTiming: OnBootPhase_520_com.android.server.lights.LightsService
09-14 08:08:53.401  3883  3883 D SystemServerTiming: OnBootPhase_520_com.android.server.display.DisplayManagerService
09-14 08:08:53.401  3883  3883 D SystemServerTiming: OnBootPhase_520_com.android.server.pm.verify.domain.DomainVerificationService
09-14 08:08:53.401  3883  3883 D SystemServerTiming: OnBootPhase_520_com.android.server.pm.PackageInstallerService$Lifecycle
09-14 08:08:53.401  3883  3883 D SystemServerTiming: OnBootPhase_520_com.android.server.pm.UserManagerService$LifeCycle
09-14 08:08:53.401  3883  3883 D SystemServerTiming: OnBootPhase_520_com.android.server.om.OverlayManagerService
09-14 08:08:53.401  3883  3883 D SystemServerTiming: OnBootPhase_520_com.android.server.resources.ResourcesManagerService
09-14 08:08:53.401  3883  3883 D SystemServerTiming: OnBootPhase_520_com.android.server.sensorprivacy.SensorPrivacyService
09-14 08:08:53.401  3883  3883 D SystemServerTiming: OnBootPhase_520_com.android.server.sensors.SensorService
09-14 08:08:53.402  3883  3883 D SystemServerTiming: OnBootPhase_520_com.android.server.SystemConfigService
09-14 08:08:53.402  3883  3883 D SystemServerTiming: OnBootPhase_520_com.android.server.BatteryService
09-14 08:08:53.402  3883  3883 D SystemServerTiming: OnBootPhase_520_com.android.server.usage.UsageStatsService
09-14 08:08:53.402  3883  3883 D SystemServerTiming: OnBootPhase_520_com.android.server.webkit.WebViewUpdateService
09-14 08:08:53.402  3883  3883 D SystemServerTiming: OnBootPhase_520_com.android.server.CachedDeviceStateService
09-14 08:08:53.402  3883  3883 D SystemServerTiming: OnBootPhase_520_com.android.server.BinderCallsStatsService$LifeCycle
09-14 08:08:53.402  3883  3883 D SystemServerTiming: OnBootPhase_520_com.android.server.LooperStatsService$Lifecycle
09-14 08:08:53.402  3883  3883 D SystemServerTiming: OnBootPhase_520_com.android.server.rollback.RollbackManagerService
09-14 08:08:53.402  3883  3883 D SystemServerTiming: OnBootPhase_520_com.android.server.os.NativeTombstoneManagerService
09-14 08:08:53.402  3883  3883 D SystemServerTiming: OnBootPhase_520_com.android.server.os.BugreportManagerService
09-14 08:08:53.402  3883  3883 D SystemServerTiming: OnBootPhase_520_com.android.server.gpu.GpuService
09-14 08:08:53.402  3883  3883 D SystemServerTiming: OnBootPhase_520_com.android.server.security.KeyChainSystemService
09-14 08:08:53.402  3883  3883 D SystemServerTiming: OnBootPhase_520_com.android.server.BinaryTransparencyService
09-14 08:08:53.402  3883  3883 D SystemServerTiming: OnBootPhase_520_com.android.server.telecom.TelecomLoaderService
09-14 08:08:53.402  3883  3883 D SystemServerTiming: OnBootPhase_520_com.android.server.accounts.AccountManagerService$Lifecycle
09-14 08:08:53.402  3883  3883 D SystemServerTiming: OnBootPhase_520_com.android.server.content.ContentService$Lifecycle
09-14 08:08:53.402  3883  3883 D SystemServerTiming: OnBootPhase_520_com.android.server.DropBoxManagerService
09-14 08:08:53.402  3883  3883 D SystemServerTiming: OnBootPhase_520_com.android.role.RoleService
09-14 08:08:53.402  3883  3883 D SystemServerTiming: OnBootPhase_520_com.android.server.vibrator.VibratorManagerService$Lifecycle
09-14 08:08:53.402  3883  3883 D SystemServerTiming: OnBootPhase_520_com.android.server.tare.InternalResourceService
09-14 08:08:53.402  3883  3883 D SystemServerTiming: OnBootPhase_520_com.android.server.alarm.AlarmManagerService
09-14 08:08:53.402  3883  3883 D SystemServerTiming: OnBootPhase_520_com.android.server.devicestate.DeviceStateManagerService
09-14 08:08:53.402  3883  3883 D SystemServerTiming: OnBootPhase_520_com.android.server.camera.CameraServiceProxy
09-14 08:08:53.402  3883  3883 D SystemServerTiming: OnBootPhase_520_com.android.server.bluetooth.BluetoothService
09-14 08:08:53.402  3883  3883 D SystemServerTiming: OnBootPhase_520_com.android.server.connectivity.IpConnectivityMetrics
09-14 08:08:53.402  3883  3883 D SystemServerTiming: OnBootPhase_520_com.android.server.net.watchlist.NetworkWatchlistService$Lifecycle
09-14 08:08:53.402  3883  3883 D SystemServerTiming: OnBootPhase_520_com.android.server.PinnerService
09-14 08:08:53.402  3883  3883 D SystemServerTiming: OnBootPhase_520_com.android.server.integrity.AppIntegrityManagerService
09-14 08:08:53.402  3883  3883 D SystemServerTiming: OnBootPhase_520_com.android.server.logcat.LogcatManagerService
09-14 08:08:53.402  3883  3883 D SystemServerTiming: OnBootPhase_520_com.android.server.display.AutoAODService
09-14 08:08:53.402  3883  3883 D SystemServerTiming: OnBootPhase_520_com.android.server.inputmethod.InputMethodManagerService$Lifecycle
09-14 08:08:53.402  3883  3883 D SystemServerTiming: OnBootPhase_520_com.android.server.accessibility.AccessibilityManagerService$Lifecycle
09-14 08:08:53.402  3883  3883 D SystemServerTiming: OnBootPhase_520_com.android.server.StorageManagerService$Lifecycle
09-14 08:08:53.402  3883  3883 D SystemServerTiming: OnBootPhase_520_com.android.server.usage.StorageStatsService$Lifecycle
09-14 08:08:53.402  3883  3883 D SystemServerTiming: OnBootPhase_520_com.android.server.UiModeManagerService
09-14 08:08:53.402  3883  3883 D SystemServerTiming: OnBootPhase_520_com.android.server.locales.LocaleManagerService
09-14 08:08:53.402  3883  3883 D SystemServerTiming: OnBootPhase_520_com.android.server.locksettings.LockSettingsService$Lifecycle
09-14 08:08:53.402  3883  3883 D SystemServerTiming: OnBootPhase_520_com.android.server.PersistentDataBlockService
09-14 08:08:53.402  3883  3883 D SystemServerTiming: OnBootPhase_520_com.android.server.testharness.TestHarnessModeService
09-14 08:08:53.402  3883  3883 D SystemServerTiming: OnBootPhase_520_com.android.server.oemlock.OemLockService
09-14 08:08:53.402  3883  3883 D SystemServerTiming: OnBootPhase_520_com.android.server.DeviceIdleController
09-14 08:08:53.402  3883  3883 D SystemServerTiming: OnBootPhase_520_com.android.server.devicepolicy.DevicePolicyManagerService$Lifecycle
09-14 08:08:53.402  3883  3883 D SystemServerTiming: OnBootPhase_520_com.android.server.musicrecognition.MusicRecognitionManagerService
09-14 08:08:53.402  3883  3883 D SystemServerTiming: OnBootPhase_520_com.android.server.contentcapture.ContentCaptureManagerService
09-14 08:08:53.402  3883  3883 D SystemServerTiming: OnBootPhase_520_com.android.server.attention.AttentionManagerService
09-14 08:08:53.402  3883  3883 D SystemServerTiming: OnBootPhase_520_com.android.server.rotationresolver.RotationResolverManagerService
09-14 08:08:53.402  3883  3883 D SystemServerTiming: OnBootPhase_520_com.android.server.systemcaptions.SystemCaptionsManagerService
09-14 08:08:53.402  3883  3883 D SystemServerTiming: OnBootPhase_520_com.android.server.texttospeech.TextToSpeechManagerService
09-14 08:08:53.402  3883  3883 D SystemServerTiming: OnBootPhase_520_com.android.server.ambientcontext.AmbientContextManagerService
09-14 08:08:53.402  3883  3883 D SystemServerTiming: OnBootPhase_520_com.android.server.speech.SpeechRecognitionManagerService
09-14 08:08:53.402  3883  3883 D SystemServerTiming: OnBootPhase_520_com.android.server.appprediction.AppPredictionManagerService
09-14 08:08:53.402  3883  3883 D SystemServerTiming: OnBootPhase_520_com.android.server.contentsuggestions.ContentSuggestionsManagerService
09-14 08:08:53.402  3883  3883 D SystemServerTiming: OnBootPhase_520_com.android.server.searchui.SearchUiManagerService
09-14 08:08:53.402  3883  3883 D SystemServerTiming: OnBootPhase_520_com.android.server.smartspace.SmartspaceManagerService
09-14 08:08:53.402  3883  3883 D SystemServerTiming: OnBootPhase_520_com.android.server.cloudsearch.CloudSearchManagerService
09-14 08:08:53.402  3883  3883 D SystemServerTiming: OnBootPhase_520_com.android.server.graphics.fonts.FontManagerService$Lifecycle
09-14 08:08:53.402  3883  3883 D SystemServerTiming: OnBootPhase_520_com.android.server.textservices.TextServicesManagerService$Lifecycle
09-14 08:08:53.402  3883  3883 D SystemServerTiming: OnBootPhase_520_com.android.server.textclassifier.TextClassificationManagerService$Lifecycle
09-14 08:08:53.402  3883  3883 D SystemServerTiming: OnBootPhase_520_com.android.server.NetworkScoreService$Lifecycle
09-14 08:08:53.402  3883  3883 D SystemServerTiming: OnBootPhase_520_com.android.server.NetworkStatsServiceInitializer
09-14 08:08:53.402  3883  3883 D SystemServerTiming: OnBootPhase_520_com.android.server.wifi.WifiService
09-14 08:08:53.402  3883  3883 D SystemServerTiming: OnBootPhase_520_com.android.server.wifi.scanner.WifiScanningService
09-14 08:08:53.402  3883  3883 D SystemServerTiming: OnBootPhase_520_com.android.server.wifi.p2p.WifiP2pService
09-14 08:08:53.402  3883  3883 D SystemServerTiming: OnBootPhase_520_com.android.server.ConnectivityServiceInitializer
09-14 08:08:53.402  3883  3883 D SystemServerTiming: OnBootPhase_520_com.android.server.notification.NotificationManagerService
09-14 08:08:53.402  3883  3883 D SystemServerTiming: OnBootPhase_520_com.android.server.storage.DeviceStorageMonitorService
09-14 08:08:53.402  3883  3883 D SystemServerTiming: OnBootPhase_520_com.android.server.location.LocationManagerService$Lifecycle
09-14 08:08:53.402  3883  3883 D SystemServerTiming: OnBootPhase_520_com.android.server.timedetector.TimeDetectorService$Lifecycle
09-14 08:08:53.402  3883  3883 D SystemServerTiming: OnBootPhase_520_com.android.server.timezonedetector.TimeZoneDetectorService$Lifecycle
09-14 08:08:53.402  3883  3883 D SystemServerTiming: OnBootPhase_520_com.android.server.timezonedetector.location.LocationTimeZoneManagerService$Lifecycle
09-14 08:08:53.402  3883  3883 D SystemServerTiming: OnBootPhase_520_com.android.server.search.SearchManagerService$Lifecycle
09-14 08:08:53.402  3883  3883 D SystemServerTiming: OnBootPhase_520_com.android.server.wallpaper.WallpaperManagerService$Lifecycle
09-14 08:08:53.402  3883  3883 D SystemServerTiming: OnBootPhase_520_com.android.server.wallpapereffectsgeneration.WallpaperEffectsGenerationManagerService
09-14 08:08:53.402  3883  3883 D SystemServerTiming: OnBootPhase_520_com.android.server.audio.AudioService$Lifecycle
09-14 08:08:53.402  3883  3883 D SystemServerTiming: OnBootPhase_520_com.android.server.soundtrigger_middleware.SoundTriggerMiddlewareService$Lifecycle
09-14 08:08:53.402  3883  3883 D SystemServerTiming: OnBootPhase_520_com.android.server.DockObserver
09-14 08:08:53.402  3883  3883 D SystemServerTiming: OnBootPhase_520_com.android.server.midi.MidiService$Lifecycle
09-14 08:08:53.402  3883  3883 D SystemServerTiming: OnBootPhase_520_com.android.server.adb.AdbService$Lifecycle
09-14 08:08:53.402  3883  3883 D SystemServerTiming: OnBootPhase_520_com.android.server.usb.UsbService$Lifecycle
09-14 08:08:53.402  3883  3883 D SystemServerTiming: OnBootPhase_520_com.android.server.twilight.TwilightService
09-14 08:08:53.402  3883  3883 D SystemServerTiming: OnBootPhase_520_com.android.server.display.color.ColorDisplayService
09-14 08:08:53.402  3883  3883 D SystemServerTiming: OnBootPhase_520_com.android.server.job.JobSchedulerService
09-14 08:08:53.402  3883  3883 D SystemServerTiming: OnBootPhase_520_com.android.server.soundtrigger.SoundTriggerService
09-14 08:08:53.402  3883  3883 D SoundTriggerService: onBootPhase: 520 : false
09-14 08:08:53.402  3883  3883 D SystemServerTiming: OnBootPhase_520_com.android.server.trust.TrustManagerService
09-14 08:08:53.402  3883  3883 D SystemServerTiming: OnBootPhase_520_com.android.server.backup.BackupManagerService$Lifecycle
09-14 08:08:53.402  3883  3883 D SystemServerTiming: OnBootPhase_520_com.android.server.appwidget.AppWidgetService
09-14 08:08:53.402  3883  3883 D SystemServerTiming: OnBootPhase_520_com.android.server.voiceinteraction.VoiceInteractionManagerService
09-14 08:08:53.402  3883  3883 D SystemServerTiming: OnBootPhase_520_com.android.server.apphibernation.AppHibernationService
09-14 08:08:53.402  3883  3883 D SystemServerTiming: OnBootPhase_520_com.android.server.GestureLauncherService
09-14 08:08:53.402  3883  3883 D SystemServerTiming: OnBootPhase_520_com.android.server.SensorNotificationService
09-14 08:08:53.402  3883  3883 D SystemServerTiming: OnBootPhase_520_com.android.server.emergency.EmergencyAffordanceService
09-14 08:08:53.402  3883  3883 D SystemServerTiming: OnBootPhase_520_com.android.server.blob.BlobStoreManagerService
09-14 08:08:53.402  3883  3883 D SystemServerTiming: OnBootPhase_520_com.android.server.dreams.DreamManagerService
09-14 08:08:53.402  3883  3883 D SystemServerTiming: OnBootPhase_520_com.android.server.print.PrintManagerService
09-14 08:08:53.402  3883  3883 D SystemServerTiming: OnBootPhase_520_com.android.server.security.AttestationVerificationManagerService
09-14 08:08:53.402  3883  3883 D SystemServerTiming: OnBootPhase_520_com.android.server.companion.CompanionDeviceManagerService
09-14 08:08:53.402  3883  3883 D SystemServerTiming: OnBootPhase_520_com.android.server.companion.virtual.VirtualDeviceManagerService
09-14 08:08:53.402  3883  3883 D SystemServerTiming: OnBootPhase_520_com.android.server.restrictions.RestrictionsManagerService
09-14 08:08:53.402  3883  3883 D SystemServerTiming: OnBootPhase_520_com.android.server.media.MediaSessionService
09-14 08:08:53.402  3883  3883 D SystemServerTiming: OnBootPhase_520_com.android.server.media.MediaResourceMonitorService
09-14 08:08:53.402  3883  3883 D SystemServerTiming: OnBootPhase_520_com.android.server.biometrics.sensors.fingerprint.FingerprintService
09-14 08:08:53.402  3883  3883 D SystemServerTiming: OnBootPhase_520_com.android.server.biometrics.BiometricService
09-14 08:08:53.402  3883  3883 D SystemServerTiming: OnBootPhase_520_com.android.server.biometrics.AuthService
09-14 08:08:53.402  3883  3883 D SystemServerTiming: OnBootPhase_520_com.android.server.pm.ShortcutService$Lifecycle
09-14 08:08:53.402  3883  3883 D SystemServerTiming: OnBootPhase_520_com.android.server.pm.LauncherAppsService
09-14 08:08:53.402  3883  3883 D SystemServerTiming: OnBootPhase_520_com.android.server.pm.CrossProfileAppsService
09-14 08:08:53.402  3883  3883 D SystemServerTiming: OnBootPhase_520_com.android.server.pocket.PocketService
09-14 08:08:53.402  3883  3883 W PocketService: Un-handled boot phase:520
09-14 08:08:53.402  3883  3883 D SystemServerTiming: OnBootPhase_520_com.android.server.people.PeopleService
09-14 08:08:53.402  3883  3883 D SystemServerTiming: OnBootPhase_520_com.android.server.media.metrics.MediaMetricsManagerService
09-14 08:08:53.403  3883  3883 D SystemServerTiming: OnBootPhase_520_com.android.server.lineage.LineageHardwareService
09-14 08:08:53.403  3883  3883 D SystemServerTiming: OnBootPhase_520_com.android.server.lineage.display.LiveDisplayService
09-14 08:08:53.403  3883  3883 D SystemServerTiming: OnBootPhase_520_com.android.server.media.projection.MediaProjectionManagerService
09-14 08:08:53.403  3883  3883 D SystemServerTiming: OnBootPhase_520_com.android.server.slice.SliceManagerService$Lifecycle
09-14 08:08:53.403  3883  3883 D SystemServerTiming: OnBootPhase_520_com.android.server.stats.StatsCompanion$Lifecycle
09-14 08:08:53.403  3883  3883 D SystemServerTiming: OnBootPhase_520_com.android.server.scheduling.RebootReadinessManagerService$Lifecycle
09-14 08:08:53.403  3883  3883 D SystemServerTiming: OnBootPhase_520_com.android.server.stats.pull.StatsPullAtomService
09-14 08:08:53.403  3883  3883 D SystemServerTiming: OnBootPhase_520_com.android.server.stats.bootstrap.StatsBootstrapAtomService$Lifecycle
09-14 08:08:53.403  3883  3883 D SystemServerTiming: OnBootPhase_520_com.android.server.incident.IncidentCompanionService
09-14 08:08:53.403  3883  3883 D SystemServerTiming: OnBootPhase_520_com.android.server.sdksandbox.SdkSandboxManagerService$Lifecycle
09-14 08:08:53.403  3883  3883 D SystemServerTiming: OnBootPhase_520_com.android.server.adservices.AdServicesManagerService$Lifecycle
09-14 08:08:53.403  3883  3883 D SystemServerTiming: OnBootPhase_520_com.android.server.MmsServiceBroker
09-14 08:08:53.403  3883  3883 D SystemServerTiming: OnBootPhase_520_com.android.server.autofill.AutofillManagerService
09-14 08:08:53.403  3883  3883 D SystemServerTiming: OnBootPhase_520_com.android.server.clipboard.ClipboardService
09-14 08:08:53.403  3883  3883 D SystemServerTiming: OnBootPhase_520_com.android.server.appbinding.AppBindingService$Lifecycle
09-14 08:08:53.403  3883  3883 D SystemServerTiming: OnBootPhase_520_com.android.server.tracing.TracingServiceProxy
09-14 08:08:53.403  3883  3883 D SystemServerTiming: OnBootPhase_520_com.android.server.policy.PermissionPolicyService
09-14 08:08:53.403  3883  3883 D SystemServerTiming: OnBootPhase_520_com.android.server.pm.StagingManager$Lifecycle
09-14 08:08:53.403  3883  3883 D SystemServerTiming: OnBootPhase_520_com.android.server.app.GameManagerService$Lifecycle
09-14 08:08:53.403  3883  3883 D SystemServerTiming: StartSafetyCenterService
09-14 08:08:53.403  3883  3883 I SystemServiceManager: Starting com.android.safetycenter.SafetyCenterService
09-14 08:08:53.407  3883  3883 D SystemServerTiming: AppSearchModule
09-14 08:08:53.409  3883  3883 I SystemServiceManager: Starting com.android.server.appsearch.AppSearchModule$Lifecycle
09-14 08:08:53.413  3883  3883 D SystemServerTiming: StartMediaCommunicationService
09-14 08:08:53.414  3883  3883 I SystemServiceManager: Starting com.android.server.media.MediaCommunicationService
09-14 08:08:53.414  3883  3883 D SystemServerTiming: AppCompatOverridesService
09-14 08:08:53.414  3883  3883 I SystemServiceManager: Starting com.android.server.compat.overrides.AppCompatOverridesService$Lifecycle
09-14 08:08:53.415  3883  3883 D SystemServerTiming: PhaseActivityManagerReady
09-14 08:08:53.415  3883  3883 D SystemServerTiming: controllersReady
09-14 08:08:53.417  3883  4322 D SystemServerTimingAsync: InitThreadPoolExec:Update app-ops uidState in case package com.luutinhit.ioslauncher changed
09-14 08:08:53.417  3883  4342 D SystemServerTimingAsync: InitThreadPoolExec:Update app-ops uidState in case package com.picsart.studio changed
09-14 08:08:53.417  3883  4409 D SystemServerTimingAsync: InitThreadPoolExec:Update app-ops uidState in case package com.google.android.youtube changed
09-14 08:08:53.417  3883  4415 D SystemServerTimingAsync: InitThreadPoolExec:Update app-ops uidState in case package com.google.android.apps.chromecast.app changed
09-14 08:08:53.417  3883  4182 D SystemServerTimingAsync: InitThreadPoolExec:Update app-ops uidState in case package com.dp.logcatapp changed
09-14 08:08:53.417  3883  3914 D SystemServerTimingAsync: InitThreadPoolExec:Update app-ops uidState in case package com.google.android.webview.dev changed
09-14 08:08:53.417  3883  4375 D SystemServerTimingAsync: InitThreadPoolExec:Update app-ops uidState in case package com.radiohead.pf2 changed
09-14 08:08:53.417  3883  4341 D SystemServerTimingAsync: InitThreadPoolExec:Update app-ops uidState in case package com.pittvandewitt.viperfx changed
09-14 08:08:53.418  3883  4409 D SystemServerTimingAsync: InitThreadPoolExec:Update app-ops uidState in case package com.mixplorer changed
09-14 08:08:53.418  3883  4415 D SystemServerTimingAsync: InitThreadPoolExec:Update app-ops uidState in case package it.lepida.id.authenticator changed
09-14 08:08:53.418  3883  4409 D SystemServerTimingAsync: InitThreadPoolExec:Update app-ops uidState in case package org.telegram.messenger.web changed
09-14 08:08:53.418  3883  4375 D SystemServerTimingAsync: InitThreadPoolExec:Update app-ops uidState in case package it.unieuro.unieuro changed
09-14 08:08:53.418  3883  4182 D SystemServerTimingAsync: InitThreadPoolExec:Update app-ops uidState in case package is.xyz.mpv changed
09-14 08:08:53.418  3883  4415 D SystemServerTimingAsync: InitThreadPoolExec:Update app-ops uidState in case package com.whatsapp changed
09-14 08:08:53.418  3883  3914 D SystemServerTimingAsync: InitThreadPoolExec:Update app-ops uidState in case package it.wind.myWind changed
09-14 08:08:53.418  3883  4409 D SystemServerTimingAsync: InitThreadPoolExec:Update app-ops uidState in case package com.vanced.manager changed
09-14 08:08:53.418  3883  4375 D SystemServerTimingAsync: InitThreadPoolExec:Update app-ops uidState in case package com.twitter.android changed
09-14 08:08:53.418  3883  4342 D SystemServerTimingAsync: InitThreadPoolExec:Update app-ops uidState in case package com.zhiliaoapp.musically changed
09-14 08:08:53.418  3883  4409 D SystemServerTimingAsync: InitThreadPoolExec:Update app-ops uidState in case package com.spotify.music changed
09-14 08:08:53.418  3883  4341 D SystemServerTimingAsync: InitThreadPoolExec:Update app-ops uidState in case package org.zwanoo.android.speedtest changed
09-14 08:08:53.418  3883  4375 D SystemServerTimingAsync: InitThreadPoolExec:Update app-ops uidState in case package it.subito changed
09-14 08:08:53.418  3883  4409 D SystemServerTimingAsync: InitThreadPoolExec:Update app-ops uidState in case package com.shazam.android changed
09-14 08:08:53.418  3883  4342 D SystemServerTimingAsync: InitThreadPoolExec:Update app-ops uidState in case package com.quora.android changed
09-14 08:08:53.418  3883  4415 D SystemServerTimingAsync: InitThreadPoolExec:Update app-ops uidState in case package com.ilmeteo.android.ilmeteo changed
09-14 08:08:53.418  3883  4322 D SystemServerTimingAsync: InitThreadPoolExec:Update app-ops uidState in case package com.snapchat.android changed
09-14 08:08:53.418  3883  4375 D SystemServerTimingAsync: InitThreadPoolExec:Update app-ops uidState in case package com.amazon.avod.thirdpartyclient changed
09-14 08:08:53.418  3883  4342 D SystemServerTimingAsync: InitThreadPoolExec:Update app-ops uidState in case package com.paypal.android.p2pmobile changed
09-14 08:08:53.418  3883  4409 D SystemServerTimingAsync: InitThreadPoolExec:Update app-ops uidState in case package com.ea.game.pvzfree_row changed
09-14 08:08:53.418  3883  4322 D SystemServerTimingAsync: InitThreadPoolExec:Update app-ops uidState in case package com.microsoft.office.outlook changed
09-14 08:08:53.418  3883  4342 D SystemServerTimingAsync: InitThreadPoolExec:Update app-ops uidState in case package com.google.android.keep changed
09-14 08:08:53.418  3883  4375 D SystemServerTimingAsync: InitThreadPoolExec:Update app-ops uidState in case package com.google.android.apps.maps changed
09-14 08:08:53.418  3883  4322 D SystemServerTimingAsync: InitThreadPoolExec:Update app-ops uidState in case package com.instagram.android changed
09-14 08:08:53.418  3883  4342 D SystemServerTimingAsync: InitThreadPoolExec:Update app-ops uidState in case package com.thehungrywasp.iamsober changed
09-14 08:08:53.418  3883  4415 D SystemServerTimingAsync: InitThreadPoolExec:Update app-ops uidState in case package com.pinterest changed
09-14 08:08:53.418  3883  4375 D SystemServerTimingAsync: InitThreadPoolExec:Update app-ops uidState in case package com.ovelin.guitartuna changed
09-14 08:08:53.418  3883  4415 D SystemServerTimingAsync: InitThreadPoolExec:Update app-ops uidState in case package com.google.android.gm changed
09-14 08:08:53.418  3883  4342 D SystemServerTimingAsync: InitThreadPoolExec:Update app-ops uidState in case package com.franco.kernel changed
09-14 08:08:53.418  3883  4375 D SystemServerTimingAsync: InitThreadPoolExec:Update app-ops uidState in case package com.samruston.twitter changed
09-14 08:08:53.418  3883  3914 D SystemServerTimingAsync: InitThreadPoolExec:Update app-ops uidState in case package com.microsoft.teams changed
09-14 08:08:53.418  3883  4341 D SystemServerTimingAsync: InitThreadPoolExec:Update app-ops uidState in case package com.reddit.frontpage changed
09-14 08:08:53.418  3883  4342 D SystemServerTimingAsync: InitThreadPoolExec:Update app-ops uidState in case package com.ebay.mobile changed
09-14 08:08:53.418  3883  4375 D SystemServerTimingAsync: InitThreadPoolExec:Update app-ops uidState in case package com.duckduckgo.mobile.android changed
09-14 08:08:53.418  3883  3914 D SystemServerTimingAsync: InitThreadPoolExec:Update app-ops uidState in case package com.discord changed
09-14 08:08:53.418  3883  4415 D SystemServerTimingAsync: InitThreadPoolExec:Update app-ops uidState in case package com.htetznaing.emojireplacer2 changed
09-14 08:08:53.418  3883  4342 D SystemServerTimingAsync: InitThreadPoolExec:Update app-ops uidState in case package com.googleCamera.Wichaya8 changed
09-14 08:08:53.418  3883  4415 D SystemServerTimingAsync: InitThreadPoolExec:Update app-ops uidState in case package com.topjohnwu.magisk changed
09-14 08:08:53.418  3883  3914 D SystemServerTimingAsync: InitThreadPoolExec:Update app-ops uidState in case package net.pluservice.atma changed
09-14 08:08:53.418  3883  4342 D SystemServerTimingAsync: InitThreadPoolExec:Update app-ops uidState in case package com.google.android.marvin.talkback changed
09-14 08:08:53.418  3883  4415 D SystemServerTimingAsync: InitThreadPoolExec:Update app-ops uidState in case package org.swiftapps.swiftbackup changed
09-14 08:08:53.418  3883  3914 D SystemServerTimingAsync: InitThreadPoolExec:Update app-ops uidState in case package android.ext.services changed
09-14 08:08:53.418  3883  4415 D SystemServerTimingAsync: InitThreadPoolExec:Update app-ops uidState in case package com.android.providers.media.module changed
09-14 08:08:53.418  3883  4342 D SystemServerTimingAsync: InitThreadPoolExec:Update app-ops uidState in case package com.android.permissioncontroller changed
09-14 08:08:53.418  3883  4415 D SystemServerTimingAsync: InitThreadPoolExec:Update app-ops uidState in case package com.android.cellbroadcastreceiver.module changed
09-14 08:08:53.418  3883  3914 D SystemServerTimingAsync: InitThreadPoolExec:Update app-ops uidState in case package com.google.android.flipendo changed
09-14 08:08:53.418  3883  4375 D SystemServerTimingAsync: InitThreadPoolExec:Update app-ops uidState in case package com.amazon.mShop.android.shopping changed
09-14 08:08:53.418  3883  4415 D SystemServerTimingAsync: InitThreadPoolExec:Update app-ops uidState in case package com.google.android.apps.nexuslauncher changed
09-14 08:08:53.418  3883  3914 D SystemServerTimingAsync: InitThreadPoolExec:Update app-ops uidState in case package com.google.android.pixel.setupwizard changed
09-14 08:08:53.418  3883  4415 D SystemServerTimingAsync: InitThreadPoolExec:Update app-ops uidState in case package org.evolution.ota changed
09-14 08:08:53.418  3883  4342 D SystemServerTimingAsync: InitThreadPoolExec:Update app-ops uidState in case package org.codeaurora.ims changed
09-14 08:08:53.418  3883  4415 D SystemServerTimingAsync: InitThreadPoolExec:Update app-ops uidState in case package com.google.android.apps.wallpaper changed
09-14 08:08:53.418  3883  4375 D SystemServerTimingAsync: InitThreadPoolExec:Update app-ops uidState in case package com.google.android.accessibility.soundamplifier changed
09-14 08:08:53.418  3883  4415 D SystemServerTimingAsync: InitThreadPoolExec:Update app-ops uidState in case package com.android.camera2 changed
09-14 08:08:53.418  3883  3914 D SystemServerTimingAsync: InitThreadPoolExec:Update app-ops uidState in case package com.google.android.inputmethod.latin changed
09-14 08:08:53.418  3883  4375 D SystemServerTimingAsync: InitThreadPoolExec:Update app-ops uidState in case package com.google.ar.core changed
09-14 08:08:53.418  3883  4182 D SystemServerTimingAsync: InitThreadPoolExec:Update app-ops uidState in case package com.android.systemui changed
09-14 08:08:53.418  3883  4415 D SystemServerTimingAsync: InitThreadPoolExec:Update app-ops uidState in case package com.google.android.apps.work.clouddpc changed
09-14 08:08:53.418  3883  4375 D SystemServerTimingAsync: InitThreadPoolExec:Update app-ops uidState in case package com.google.android.apps.photos changed
09-14 08:08:53.418  3883  3914 D SystemServerTimingAsync: InitThreadPoolExec:Update app-ops uidState in case package com.google.android.deskclock changed
09-14 08:08:53.418  3883  4341 D SystemServerTimingAsync: InitThreadPoolExec:Update app-ops uidState in case package com.discogs.app changed
09-14 08:08:53.418  3883  4375 D SystemServerTimingAsync: InitThreadPoolExec:Update app-ops uidState in case package com.google.android.calendar changed
09-14 08:08:53.418  3883  4341 D SystemServerTimingAsync: InitThreadPoolExec:Update app-ops uidState in case package com.android.chrome changed
09-14 08:08:53.418  3883  3914 D SystemServerTimingAsync: InitThreadPoolExec:Update app-ops uidState in case package com.google.android.contacts changed
09-14 08:08:53.418  3883  4375 D SystemServerTimingAsync: InitThreadPoolExec:Update app-ops uidState in case package com.google.android.tts changed
09-14 08:08:53.418  3883  4341 D SystemServerTimingAsync: InitThreadPoolExec:Update app-ops uidState in case package com.google.android.gms.location.history changed
09-14 08:08:53.418  3883  4342 D SystemServerTimingAsync: InitThreadPoolExec:Update app-ops uidState in case package com.google.android.webview changed
09-14 08:08:53.418  3883  4341 D SystemServerTimingAsync: InitThreadPoolExec:Update app-ops uidState in case package com.google.android.wfcactivation changed
09-14 08:08:53.418  3883  3914 D SystemServerTimingAsync: InitThreadPoolExec:Update app-ops uidState in case package com.google.android.as changed
09-14 08:08:53.418  3883  4341 D SystemServerTimingAsync: InitThreadPoolExec:Update app-ops uidState in case package com.google.android.dialer changed
09-14 08:08:53.418  3883  4342 D SystemServerTimingAsync: InitThreadPoolExec:Update app-ops uidState in case package com.google.android.setupwizard changed
09-14 08:08:53.418  3883  4375 D SystemServerTimingAsync: InitThreadPoolExec:Update app-ops uidState in case package com.google.android.googlequicksearchbox changed
09-14 08:08:53.418  3883  4409 D SystemServerTimingAsync: InitThreadPoolExec:Update app-ops uidState in case package notion.id changed
09-14 08:08:53.418  3883  4342 D SystemServerTimingAsync: InitThreadPoolExec:Update app-ops uidState in case package com.google.android.apps.security.securityhub changed
09-14 08:08:53.418  3883  4322 D SystemServerTimingAsync: InitThreadPoolExec:Update app-ops uidState in case package com.google.android.play.games changed
09-14 08:08:53.418  3883  4341 D SystemServerTimingAsync: InitThreadPoolExec:Update app-ops uidState in case package com.google.android.apps.cbrsnetworkmonitor changed
09-14 08:08:53.418  3883  4182 D SystemServerTimingAsync: InitThreadPoolExec:Update app-ops uidState in case package com.google.android.soundpicker changed
09-14 08:08:53.419  3883  4341 D SystemServerTimingAsync: InitThreadPoolExec:Update app-ops uidState in case package com.google.android.gsf changed
09-14 08:08:53.419  3883  4409 D SystemServerTimingAsync: InitThreadPoolExec:Update app-ops uidState in case package com.android.vending changed
09-14 08:08:53.419  3883  4342 D SystemServerTimingAsync: InitThreadPoolExec:Update app-ops uidState in case package com.android.sdm.plugins.connmo changed
09-14 08:08:53.419  3883  4322 D SystemServerTimingAsync: InitThreadPoolExec:Update app-ops uidState in case package com.google.android.gms changed
09-14 08:08:53.419  3883  4415 D SystemServerTimingAsync: InitThreadPoolExec:Update app-ops uidState in case package com.google.android.apps.wellbeing changed
09-14 08:08:53.419  3883  3914 D SystemServerTimingAsync: InitThreadPoolExec:Update app-ops uidState in case package com.google.audio.hearing.visualization.accessibility.scribe changed
09-14 08:08:53.419  3883  4409 D SystemServerTimingAsync: InitThreadPoolExec:Update app-ops uidState in case package com.google.android.apps.turbo changed
09-14 08:08:53.419  3883  4182 D SystemServerTimingAsync: InitThreadPoolExec:Update app-ops uidState in case package com.google.android.projection.gearhead changed
09-14 08:08:53.419  3883  4341 D SystemServerTimingAsync: InitThreadPoolExec:Update app-ops uidState in case package com.google.android.apps.safetyhub changed
09-14 08:08:53.419  3883  4342 D SystemServerTimingAsync: InitThreadPoolExec:Update app-ops uidState in case package com.google.android.apps.messaging changed
09-14 08:08:53.419  3883  4375 D SystemServerTimingAsync: InitThreadPoolExec:Update app-ops uidState in case package com.google.android.apps.recorder changed
09-14 08:08:53.419  3883  4415 D SystemServerTimingAsync: InitThreadPoolExec:Update app-ops uidState in case package com.google.android.odad changed
09-14 08:08:53.419  3883  4375 D SystemServerTimingAsync: InitThreadPoolExec:Update app-ops uidState in case package com.google.android.ims changed
09-14 08:08:53.419  3883  4182 D SystemServerTimingAsync: InitThreadPoolExec:Update app-ops uidState in case package com.google.android.apps.nbu.files changed
09-14 08:08:53.419  3883  4342 D SystemServerTimingAsync: InitThreadPoolExec:Update app-ops uidState in case package com.google.android.as.oss changed
09-14 08:08:53.419  3883  4415 D SystemServerTimingAsync: InitThreadPoolExec:Update app-ops uidState in case package com.qualcomm.qti.cne changed
09-14 08:08:53.419  3883  4375 D SystemServerTimingAsync: InitThreadPoolExec:Update app-ops uidState in case package vendor.qti.iwlan changed
09-14 08:08:53.419  3883  4409 D SystemServerTimingAsync: InitThreadPoolExec:Update app-ops uidState in case package com.google.android.apps.restore changed
09-14 08:08:53.419  3883  4342 D SystemServerTimingAsync: InitThreadPoolExec:Update app-ops uidState in case package com.android.companiondevicemanager changed
09-14 08:08:53.419  3883  4182 D SystemServerTimingAsync: InitThreadPoolExec:Update app-ops uidState in case package com.qualcomm.timeservice changed
09-14 08:08:53.419  3883  4341 D SystemServerTimingAsync: InitThreadPoolExec:Update app-ops uidState in case package com.android.imsserviceentitlement changed
09-14 08:08:53.419  3883  4409 D SystemServerTimingAsync: InitThreadPoolExec:Update app-ops uidState in case package com.google.android.packageinstaller changed
09-14 08:08:53.419  3883  4341 D SystemServerTimingAsync: InitThreadPoolExec:Update app-ops uidState in case package com.android.providers.downloads changed
09-14 08:08:53.419  3883  3914 D SystemServerTimingAsync: InitThreadPoolExec:Update app-ops uidState in case package com.google.android.settings.intelligence changed
09-14 08:08:53.419  3883  4341 D SystemServerTimingAsync: InitThreadPoolExec:Update app-ops uidState in case package com.android.providers.downloads.ui changed
09-14 08:08:53.419  3883  4409 D SystemServerTimingAsync: InitThreadPoolExec:Update app-ops uidState in case package com.android.mtp changed
09-14 08:08:53.419  3883  4341 D SystemServerTimingAsync: InitThreadPoolExec:Update app-ops uidState in case package com.android.providers.blockednumber changed
09-14 08:08:53.419  3883  4182 D SystemServerTimingAsync: InitThreadPoolExec:Update app-ops uidState in case package com.android.externalstorage changed
09-14 08:08:53.419  3883  3914 D SystemServerTimingAsync: InitThreadPoolExec:Update app-ops uidState in case package com.android.providers.userdictionary changed
09-14 08:08:53.419  3883  4342 D SystemServerTimingAsync: InitThreadPoolExec:Update app-ops uidState in case package com.android.providers.calendar changed
09-14 08:08:53.420  3883  4415 D SystemServerTimingAsync: InitThreadPoolExec:Update app-ops uidState in case package com.android.cellbroadcastreceiver changed
09-14 08:08:53.420  3883  4375 D SystemServerTimingAsync: InitThreadPoolExec:Update app-ops uidState in case package com.android.printspooler changed
09-14 08:08:53.420  3883  4409 D SystemServerTimingAsync: InitThreadPoolExec:Update app-ops uidState in case package eu.spaggiari.classevivastudente changed
09-14 08:08:53.420  3883  4341 D SystemServerTimingAsync: InitThreadPoolExec:Update app-ops uidState in case package com.android.providers.contacts changed
09-14 08:08:53.420  3883  4375 D SystemServerTimingAsync: InitThreadPoolExec:Update app-ops uidState in case package com.android.cellbroadcastservice changed
09-14 08:08:53.420  3883  3914 D SystemServerTimingAsync: InitThreadPoolExec:Update app-ops uidState in case package com.aefyr.sai changed
09-14 08:08:53.420  3883  4341 D SystemServerTimingAsync: InitThreadPoolExec:Update app-ops uidState in case package com.android.nfc changed
09-14 08:08:53.420  3883  4342 D SystemServerTimingAsync: InitThreadPoolExec:Update app-ops uidState in case package com.android.networkstack changed
09-14 08:08:53.420  3883  4182 D SystemServerTimingAsync: InitThreadPoolExec:Update app-ops uidState in case package org.torproject.torbrowser changed
09-14 08:08:53.420  3883  4341 D SystemServerTimingAsync: InitThreadPoolExec:Update app-ops uidState in case package com.qti.dpmserviceapp changed
09-14 08:08:53.420  3883  3914 D SystemServerTimingAsync: InitThreadPoolExec:Update app-ops uidState in case package com.android.ons changed
09-14 08:08:53.420  3883  4375 D SystemServerTimingAsync: InitThreadPoolExec:Update app-ops uidState in case package com.android.bluetooth changed
09-14 08:08:53.420  3883  4415 D SystemServerTimingAsync: InitThreadPoolExec:Update app-ops uidState in case package com.android.shell changed
09-14 08:08:53.420  3883  4409 D SystemServerTimingAsync: InitThreadPoolExec:Update app-ops uidState in case package com.android.networkstack.tethering changed
09-14 08:08:53.420  3883  4182 D SystemServerTimingAsync: InitThreadPoolExec:Update app-ops uidState in case package com.android.dynsystem changed
09-14 08:08:53.420  3883  3914 D SystemServerTimingAsync: InitThreadPoolExec:Update app-ops uidState in case package android changed
09-14 08:08:53.420  3883  4342 D SystemServerTimingAsync: InitThreadPoolExec:Update app-ops uidState in case package com.android.server.telecom changed
09-14 08:08:53.420  3883  4322 D SystemServerTimingAsync: InitThreadPoolExec:Update app-ops uidState in case package org.evolution.easteregg changed
09-14 08:08:53.420  3883  4409 D SystemServerTimingAsync: InitThreadPoolExec:Update app-ops uidState in case package com.dsi.ant.server changed
09-14 08:08:53.420  3883  4375 D SystemServerTimingAsync: InitThreadPoolExec:Update app-ops uidState in case package com.android.inputdevices changed
09-14 08:08:53.420  3883  4182 D SystemServerTimingAsync: InitThreadPoolExec:Update app-ops uidState in case package com.android.localtransport changed
09-14 08:08:53.420  3883  3914 D SystemServerTimingAsync: InitThreadPoolExec:Update app-ops uidState in case package com.android.wallpaperbackup changed
09-14 08:08:53.420  3883  4322 D SystemServerTimingAsync: InitThreadPoolExec:Update app-ops uidState in case package com.android.location.fused changed
